******************************************************************************
                  TI ARM Linker PC v20.2.7                     
******************************************************************************
>> Linked Sun Jan 25 18:03:39 2026

OUTPUT FILE NAME:   <Lab 2 part A.out>
ENTRY POINT SYMBOL: "_c_int00_noargs"  address: 0000083d


MEMORY CONFIGURATION

         name            origin    length      used     unused   attr    fill
----------------------  --------  ---------  --------  --------  ----  --------
  MAIN                  00000000   00040000  000008b4  0003f74c  R  X
  INFO                  00200000   00004000  00000000  00004000  R  X
  SRAM_CODE             01000000   00010000  0000021e  0000fde2  RW X
  SRAM_DATA             20000000   00010000  0000021e  0000fde2  RW  


SEGMENT ALLOCATION MAP

run origin  load origin   length   init length attrs members
----------  ----------- ---------- ----------- ----- -------
00000000    00000000    000008b8   000008b8    r-x
  00000000    00000000    000000e4   000000e4    r-- .intvecs
  000000e4    000000e4    000007b0   000007b0    r-x .text
  00000898    00000898    00000020   00000020    r-- .cinit
20000000    20000000    0000001e   00000000    rw-
  20000000    20000000    0000001e   00000000    rw- .data
2000fe00    2000fe00    00000200   00000000    rw-
  2000fe00    2000fe00    00000200   00000000    rw- .stack


SECTION ALLOCATION MAP

 output                                  attributes/
section   page    origin      length       input sections
--------  ----  ----------  ----------   ----------------
.intvecs   0    00000000    000000e4     
                  00000000    000000e4     startup_msp432p401r_ccs.obj (.intvecs:retain)

.text      0    000000e4    000007b0     
                  000000e4    00000334     system_msp432p401r.obj (.text)
                  00000418    000001e0     Clock.obj (.text)
                  000005f8    000000fc     main.obj (.text)
                  000006f4    0000009c     rtsv7M4_T_le_v4SPD16_eabi.lib : memcpy_t2.asm.obj (.text)
                  00000790    00000068                                   : copy_decompress_lzss.c.obj (.text:decompress:lzss:__TI_decompress_lzss)
                  000007f8    00000044                                   : autoinit.c.obj (.text:__TI_auto_init_nobinit_nopinit:__TI_auto_init_nobinit_nopinit)
                  0000083c    00000034                                   : boot_cortex_m.c.obj (.text:_c_int00_noargs:_c_int00_noargs)
                  00000870    0000000e                                   : copy_decompress_none.c.obj (.text:decompress:none:__TI_decompress_none)
                  0000087e    0000000e     startup_msp432p401r_ccs.obj (.text)
                  0000088c    00000004     rtsv7M4_T_le_v4SPD16_eabi.lib : pre_init.c.obj (.text:_system_pre_init)
                  00000890    00000004                                   : exit.c.obj (.text:abort:abort)

.cinit     0    00000898    00000020     
                  00000898    0000000d     (.cinit..data.load) [load image, compression = lzss]
                  000008a5    00000003     --HOLE-- [fill = 0]
                  000008a8    00000008     (__TI_handler_table)
                  000008b0    00000008     (__TI_cinit_table)

.init_array 
*          0    00000000    00000000     UNINITIALIZED

.binit     0    00000000    00000000     

.data      0    20000000    0000001e     UNINITIALIZED
                  20000000    00000018     Clock.obj (.data)
                  20000018    00000004     system_msp432p401r.obj (.data)
                  2000001c    00000002     main.obj (.data)

.stack     0    2000fe00    00000200     UNINITIALIZED
                  2000fe00    00000004     rtsv7M4_T_le_v4SPD16_eabi.lib : boot_cortex_m.c.obj (.stack)
                  2000fe04    000001fc     --HOLE--

__llvm_prf_cnts 
*          0    20000000    00000000     UNINITIALIZED

MODULE SUMMARY

       Module                        code   ro data   rw data
       ------                        ----   -------   -------
    .\
       system_msp432p401r.obj        820    0         8      
       Clock.obj                     480    0         48     
       main.obj                      252    0         4      
       startup_msp432p401r_ccs.obj   14     228       0      
    +--+-----------------------------+------+---------+---------+
       Total:                        1566   228       60     
                                                             
    C:\ti\ccs1281\ccs\tools\compiler\ti-cgt-arm_20.2.7.LTS\lib\rtsv7M4_T_le_v4SPD16_eabi.lib
       memcpy_t2.asm.obj             156    0         0      
       copy_decompress_lzss.c.obj    104    0         0      
       autoinit.c.obj                68     0         0      
       boot_cortex_m.c.obj           52     0         0      
       copy_decompress_none.c.obj    14     0         0      
       exit.c.obj                    4      0         0      
       pre_init.c.obj                4      0         0      
    +--+-----------------------------+------+---------+---------+
       Total:                        402    0         0      
                                                             
       Stack:                        0      0         1024   
       Linker Generated:             0      29        0      
    +--+-----------------------------+------+---------+---------+
       Grand Total:                  1968   257       1084   


LINKER GENERATED COPY TABLES

__TI_cinit_table @ 000008b0 records: 1, size/record: 8, table size: 8
	.data: load addr=00000898, load size=0000000d bytes, run addr=20000000, run size=0000001e bytes, compression=lzss


LINKER GENERATED HANDLER TABLE

__TI_handler_table @ 000008a8 records: 2, size/record: 4, table size: 8
	index: 0, handler: __TI_decompress_lzss
	index: 1, handler: __TI_decompress_none


GLOBAL SYMBOLS: SORTED ALPHABETICALLY BY Name 

address   name                          
-------   ----                          
0000088b  ADC14_IRQHandler              
0000088b  AES256_IRQHandler             
0000088b  BusFault_Handler              
00000891  C$$EXIT                       
0000088b  COMP_E0_IRQHandler            
0000088b  COMP_E1_IRQHandler            
20000008  CPMwait                       
0000088b  CS_IRQHandler                 
20000000  ClockFrequency                
0000056d  Clock_Delay1ms                
00000543  Clock_Delay1us                
0000052f  Clock_GetFreq                 
00000419  Clock_Init48MHz               
20000014  Crystalstable                 
0000088b  DMA_ERR_IRQHandler            
0000088b  DMA_INT0_IRQHandler           
0000088b  DMA_INT1_IRQHandler           
0000088b  DMA_INT2_IRQHandler           
0000088b  DMA_INT3_IRQHandler           
0000088b  DebugMon_Handler              
0000088b  Default_Handler               
0000088b  EUSCIA0_IRQHandler            
0000088b  EUSCIA1_IRQHandler            
0000088b  EUSCIA2_IRQHandler            
0000088b  EUSCIA3_IRQHandler            
0000088b  EUSCIB0_IRQHandler            
0000088b  EUSCIB1_IRQHandler            
0000088b  EUSCIB2_IRQHandler            
0000088b  EUSCIB3_IRQHandler            
0000088b  FLCTL_IRQHandler              
0000088b  FPU_IRQHandler                
0000088b  HardFault_Handler             
20000010  IFlags                        
0000088b  MemManage_Handler             
0000088b  NMI_Handler                   
0000088b  PCM_IRQHandler                
0000088b  PORT1_IRQHandler              
0000088b  PORT2_IRQHandler              
0000088b  PORT3_IRQHandler              
0000088b  PORT4_IRQHandler              
0000088b  PORT5_IRQHandler              
0000088b  PORT6_IRQHandler              
0000088b  PSS_IRQHandler                
0000088b  PendSV_Handler                
2000000c  Postwait                      
20000004  Prewait                       
0000088b  RTC_C_IRQHandler              
0000087f  Reset_Handler                 
0000088b  SVC_Handler                   
0000088b  SysTick_Handler               
20000018  SystemCoreClock               
000000e5  SystemCoreClockUpdate         
0000035d  SystemInit                    
0000088b  T32_INT1_IRQHandler           
0000088b  T32_INT2_IRQHandler           
0000088b  T32_INTC_IRQHandler           
0000088b  TA0_0_IRQHandler              
0000088b  TA0_N_IRQHandler              
0000088b  TA1_0_IRQHandler              
0000088b  TA1_N_IRQHandler              
0000088b  TA2_0_IRQHandler              
0000088b  TA2_N_IRQHandler              
0000088b  TA3_0_IRQHandler              
0000088b  TA3_N_IRQHandler              
0000088b  UsageFault_Handler            
4000480c  WDTCTL_SYM                    
0000088b  WDT_A_IRQHandler              
20010000  __STACK_END                   
00000200  __STACK_SIZE                  
000008b0  __TI_CINIT_Base               
000008b8  __TI_CINIT_Limit              
000008a8  __TI_Handler_Table_Base       
000008b0  __TI_Handler_Table_Limit      
000007f9  __TI_auto_init_nobinit_nopinit
00000791  __TI_decompress_lzss          
00000871  __TI_decompress_none          
ffffffff  __TI_pprof_out_hndl           
ffffffff  __TI_prof_data_size           
ffffffff  __TI_prof_data_start          
00000000  __TI_static_base__            
000006f5  __aeabi_memcpy                
000006f5  __aeabi_memcpy4               
000006f5  __aeabi_memcpy8               
ffffffff  __binit__                     
ffffffff  __c_args__                    
UNDEFED   __mpu_init                    
2000fe00  __stack                       
20000000  __start___llvm_prf_cnts       
20000000  __stop___llvm_prf_cnts        
0000083d  _c_int00_noargs               
UNDEFED   _system_post_cinit            
0000088d  _system_pre_init              
00000891  abort                         
ffffffff  binit                         
0000064d  checkSWStatus                 
00000661  cycleLED                      
00000535  delay                         
0000062d  initOnboardLED                
000005f9  initSwitches                  
00000000  interruptVectors              
000006a9  main                          
000006f5  memcpy                        


GLOBAL SYMBOLS: SORTED BY Symbol Address 

address   name                          
-------   ----                          
00000000  __TI_static_base__            
00000000  interruptVectors              
000000e5  SystemCoreClockUpdate         
00000200  __STACK_SIZE                  
0000035d  SystemInit                    
00000419  Clock_Init48MHz               
0000052f  Clock_GetFreq                 
00000535  delay                         
00000543  Clock_Delay1us                
0000056d  Clock_Delay1ms                
000005f9  initSwitches                  
0000062d  initOnboardLED                
0000064d  checkSWStatus                 
00000661  cycleLED                      
000006a9  main                          
000006f5  __aeabi_memcpy                
000006f5  __aeabi_memcpy4               
000006f5  __aeabi_memcpy8               
000006f5  memcpy                        
00000791  __TI_decompress_lzss          
000007f9  __TI_auto_init_nobinit_nopinit
0000083d  _c_int00_noargs               
00000871  __TI_decompress_none          
0000087f  Reset_Handler                 
0000088b  ADC14_IRQHandler              
0000088b  AES256_IRQHandler             
0000088b  BusFault_Handler              
0000088b  COMP_E0_IRQHandler            
0000088b  COMP_E1_IRQHandler            
0000088b  CS_IRQHandler                 
0000088b  DMA_ERR_IRQHandler            
0000088b  DMA_INT0_IRQHandler           
0000088b  DMA_INT1_IRQHandler           
0000088b  DMA_INT2_IRQHandler           
0000088b  DMA_INT3_IRQHandler           
0000088b  DebugMon_Handler              
0000088b  Default_Handler               
0000088b  EUSCIA0_IRQHandler            
0000088b  EUSCIA1_IRQHandler            
0000088b  EUSCIA2_IRQHandler            
0000088b  EUSCIA3_IRQHandler            
0000088b  EUSCIB0_IRQHandler            
0000088b  EUSCIB1_IRQHandler            
0000088b  EUSCIB2_IRQHandler            
0000088b  EUSCIB3_IRQHandler            
0000088b  FLCTL_IRQHandler              
0000088b  FPU_IRQHandler                
0000088b  HardFault_Handler             
0000088b  MemManage_Handler             
0000088b  NMI_Handler                   
0000088b  PCM_IRQHandler                
0000088b  PORT1_IRQHandler              
0000088b  PORT2_IRQHandler              
0000088b  PORT3_IRQHandler              
0000088b  PORT4_IRQHandler              
0000088b  PORT5_IRQHandler              
0000088b  PORT6_IRQHandler              
0000088b  PSS_IRQHandler                
0000088b  PendSV_Handler                
0000088b  RTC_C_IRQHandler              
0000088b  SVC_Handler                   
0000088b  SysTick_Handler               
0000088b  T32_INT1_IRQHandler           
0000088b  T32_INT2_IRQHandler           
0000088b  T32_INTC_IRQHandler           
0000088b  TA0_0_IRQHandler              
0000088b  TA0_N_IRQHandler              
0000088b  TA1_0_IRQHandler              
0000088b  TA1_N_IRQHandler              
0000088b  TA2_0_IRQHandler              
0000088b  TA2_N_IRQHandler              
0000088b  TA3_0_IRQHandler              
0000088b  TA3_N_IRQHandler              
0000088b  UsageFault_Handler            
0000088b  WDT_A_IRQHandler              
0000088d  _system_pre_init              
00000891  C$$EXIT                       
00000891  abort                         
000008a8  __TI_Handler_Table_Base       
000008b0  __TI_CINIT_Base               
000008b0  __TI_Handler_Table_Limit      
000008b8  __TI_CINIT_Limit              
20000000  ClockFrequency                
20000000  __start___llvm_prf_cnts       
20000000  __stop___llvm_prf_cnts        
20000004  Prewait                       
20000008  CPMwait                       
2000000c  Postwait                      
20000010  IFlags                        
20000014  Crystalstable                 
20000018  SystemCoreClock               
2000fe00  __stack                       
20010000  __STACK_END                   
4000480c  WDTCTL_SYM                    
ffffffff  __TI_pprof_out_hndl           
ffffffff  __TI_prof_data_size           
ffffffff  __TI_prof_data_start          
ffffffff  __binit__                     
ffffffff  __c_args__                    
ffffffff  binit                         
UNDEFED   __mpu_init                    
UNDEFED   _system_post_cinit            

[102 symbols]
