******************************************************************************
                  TI ARM Linker PC v20.2.7                     
******************************************************************************
>> Linked Thu Jan 15 14:14:09 2026

OUTPUT FILE NAME:   <Lab 2 B.out>
ENTRY POINT SYMBOL: "_c_int00_noargs"  address: 00000819


MEMORY CONFIGURATION

         name            origin    length      used     unused   attr    fill
----------------------  --------  ---------  --------  --------  ----  --------
  MAIN                  00000000   00040000  00000890  0003f770  R  X
  INFO                  00200000   00004000  00000000  00004000  R  X
  SRAM_CODE             01000000   00010000  0000021c  0000fde4  RW X
  SRAM_DATA             20000000   00010000  0000021c  0000fde4  RW  


SEGMENT ALLOCATION MAP

run origin  load origin   length   init length attrs members
----------  ----------- ---------- ----------- ----- -------
00000000    00000000    00000890   00000890    r-x
  00000000    00000000    000000e4   000000e4    r-- .intvecs
  000000e4    000000e4    0000078c   0000078c    r-x .text
  00000870    00000870    00000020   00000020    r-- .cinit
20000000    20000000    0000001c   00000000    rw-
  20000000    20000000    0000001c   00000000    rw- .data
2000fe00    2000fe00    00000200   00000000    rw-
  2000fe00    2000fe00    00000200   00000000    rw- .stack


SECTION ALLOCATION MAP

 output                                  attributes/
section   page    origin      length       input sections
--------  ----  ----------  ----------   ----------------
.intvecs   0    00000000    000000e4     
                  00000000    000000e4     startup_msp432p401r_ccs.obj (.intvecs:retain)

.text      0    000000e4    0000078c     
                  000000e4    00000334     system_msp432p401r.obj (.text)
                  00000418    000001e0     Clock.obj (.text)
                  000005f8    0000009c     rtsv7M4_T_le_v4SPD16_eabi.lib : memcpy_t2.asm.obj (.text)
                  00000694    00000078     main.obj (.text)
                  0000070c    00000068     rtsv7M4_T_le_v4SPD16_eabi.lib : copy_decompress_lzss.c.obj (.text:decompress:lzss:__TI_decompress_lzss)
                  00000774    00000060     RobotLights.obj (.text)
                  000007d4    00000044     rtsv7M4_T_le_v4SPD16_eabi.lib : autoinit.c.obj (.text:__TI_auto_init_nobinit_nopinit:__TI_auto_init_nobinit_nopinit)
                  00000818    00000034                                   : boot_cortex_m.c.obj (.text:_c_int00_noargs:_c_int00_noargs)
                  0000084c    0000000e                                   : copy_decompress_none.c.obj (.text:decompress:none:__TI_decompress_none)
                  0000085a    0000000e     startup_msp432p401r_ccs.obj (.text)
                  00000868    00000004     rtsv7M4_T_le_v4SPD16_eabi.lib : pre_init.c.obj (.text:_system_pre_init)
                  0000086c    00000004                                   : exit.c.obj (.text:abort:abort)

.cinit     0    00000870    00000020     
                  00000870    0000000d     (.cinit..data.load) [load image, compression = lzss]
                  0000087d    00000003     --HOLE-- [fill = 0]
                  00000880    00000008     (__TI_handler_table)
                  00000888    00000008     (__TI_cinit_table)

.init_array 
*          0    00000000    00000000     UNINITIALIZED

.binit     0    00000000    00000000     

.data      0    20000000    0000001c     UNINITIALIZED
                  20000000    00000018     Clock.obj (.data)
                  20000018    00000004     system_msp432p401r.obj (.data)

.stack     0    2000fe00    00000200     UNINITIALIZED
                  2000fe00    00000004     rtsv7M4_T_le_v4SPD16_eabi.lib : boot_cortex_m.c.obj (.stack)
                  2000fe04    000001fc     --HOLE--

__llvm_prf_cnts 
*          0    20000000    00000000     UNINITIALIZED

MODULE SUMMARY

       Module                        code   ro data   rw data
       ------                        ----   -------   -------
    .\
       system_msp432p401r.obj        820    0         8      
       Clock.obj                     480    0         48     
       startup_msp432p401r_ccs.obj   14     228       0      
       main.obj                      120    0         0      
       RobotLights.obj               96     0         0      
    +--+-----------------------------+------+---------+---------+
       Total:                        1530   228       56     
                                                             
    C:\ti\ccs1281\ccs\tools\compiler\ti-cgt-arm_20.2.7.LTS\lib\rtsv7M4_T_le_v4SPD16_eabi.lib
       memcpy_t2.asm.obj             156    0         0      
       copy_decompress_lzss.c.obj    104    0         0      
       autoinit.c.obj                68     0         0      
       boot_cortex_m.c.obj           52     0         0      
       copy_decompress_none.c.obj    14     0         0      
       exit.c.obj                    4      0         0      
       pre_init.c.obj                4      0         0      
    +--+-----------------------------+------+---------+---------+
       Total:                        402    0         0      
                                                             
       Stack:                        0      0         1024   
       Linker Generated:             0      29        0      
    +--+-----------------------------+------+---------+---------+
       Grand Total:                  1932   257       1080   


LINKER GENERATED COPY TABLES

__TI_cinit_table @ 00000888 records: 1, size/record: 8, table size: 8
	.data: load addr=00000870, load size=0000000d bytes, run addr=20000000, run size=0000001c bytes, compression=lzss


LINKER GENERATED HANDLER TABLE

__TI_handler_table @ 00000880 records: 2, size/record: 4, table size: 8
	index: 0, handler: __TI_decompress_lzss
	index: 1, handler: __TI_decompress_none


GLOBAL SYMBOLS: SORTED ALPHABETICALLY BY Name 

address   name                          
-------   ----                          
00000867  ADC14_IRQHandler              
00000867  AES256_IRQHandler             
000007b9  Back_Lights_OFF               
000007ad  Back_Lights_ON                
00000867  BusFault_Handler              
0000086d  C$$EXIT                       
00000867  COMP_E0_IRQHandler            
00000867  COMP_E1_IRQHandler            
20000008  CPMwait                       
00000867  CS_IRQHandler                 
20000000  ClockFrequency                
0000056d  Clock_Delay1ms                
00000543  Clock_Delay1us                
0000052f  Clock_GetFreq                 
00000419  Clock_Init48MHz               
20000014  Crystalstable                 
00000867  DMA_ERR_IRQHandler            
00000867  DMA_INT0_IRQHandler           
00000867  DMA_INT1_IRQHandler           
00000867  DMA_INT2_IRQHandler           
00000867  DMA_INT3_IRQHandler           
00000867  DebugMon_Handler              
00000867  Default_Handler               
00000867  EUSCIA0_IRQHandler            
00000867  EUSCIA1_IRQHandler            
00000867  EUSCIA2_IRQHandler            
00000867  EUSCIA3_IRQHandler            
00000867  EUSCIB0_IRQHandler            
00000867  EUSCIB1_IRQHandler            
00000867  EUSCIB2_IRQHandler            
00000867  EUSCIB3_IRQHandler            
00000867  FLCTL_IRQHandler              
00000867  FPU_IRQHandler                
000007a1  Front_Lights_OFF              
00000795  Front_Lights_ON               
00000867  HardFault_Handler             
20000010  IFlags                        
00000867  MemManage_Handler             
00000775  MvtLED_Init                   
00000867  NMI_Handler                   
00000867  PCM_IRQHandler                
00000867  PORT1_IRQHandler              
00000867  PORT2_IRQHandler              
00000867  PORT3_IRQHandler              
00000867  PORT4_IRQHandler              
00000867  PORT5_IRQHandler              
00000867  PORT6_IRQHandler              
00000867  PSS_IRQHandler                
00000867  PendSV_Handler                
2000000c  Postwait                      
20000004  Prewait                       
00000867  RTC_C_IRQHandler              
0000085b  Reset_Handler                 
00000867  SVC_Handler                   
00000867  SysTick_Handler               
20000018  SystemCoreClock               
000000e5  SystemCoreClockUpdate         
0000035d  SystemInit                    
00000867  T32_INT1_IRQHandler           
00000867  T32_INT2_IRQHandler           
00000867  T32_INTC_IRQHandler           
00000867  TA0_0_IRQHandler              
00000867  TA0_N_IRQHandler              
00000867  TA1_0_IRQHandler              
00000867  TA1_N_IRQHandler              
00000867  TA2_0_IRQHandler              
00000867  TA2_N_IRQHandler              
00000867  TA3_0_IRQHandler              
00000867  TA3_N_IRQHandler              
00000867  UsageFault_Handler            
4000480c  WDTCTL_SYM                    
00000867  WDT_A_IRQHandler              
20010000  __STACK_END                   
00000200  __STACK_SIZE                  
00000888  __TI_CINIT_Base               
00000890  __TI_CINIT_Limit              
00000880  __TI_Handler_Table_Base       
00000888  __TI_Handler_Table_Limit      
000007d5  __TI_auto_init_nobinit_nopinit
0000070d  __TI_decompress_lzss          
0000084d  __TI_decompress_none          
ffffffff  __TI_pprof_out_hndl           
ffffffff  __TI_prof_data_size           
ffffffff  __TI_prof_data_start          
00000000  __TI_static_base__            
000005f9  __aeabi_memcpy                
000005f9  __aeabi_memcpy4               
000005f9  __aeabi_memcpy8               
ffffffff  __binit__                     
ffffffff  __c_args__                    
UNDEFED   __mpu_init                    
2000fe00  __stack                       
20000000  __start___llvm_prf_cnts       
20000000  __stop___llvm_prf_cnts        
00000819  _c_int00_noargs               
UNDEFED   _system_post_cinit            
00000869  _system_pre_init              
0000086d  abort                         
ffffffff  binit                         
00000535  delay                         
00000000  interruptVectors              
00000695  main                          
000005f9  memcpy                        


GLOBAL SYMBOLS: SORTED BY Symbol Address 

address   name                          
-------   ----                          
00000000  __TI_static_base__            
00000000  interruptVectors              
000000e5  SystemCoreClockUpdate         
00000200  __STACK_SIZE                  
0000035d  SystemInit                    
00000419  Clock_Init48MHz               
0000052f  Clock_GetFreq                 
00000535  delay                         
00000543  Clock_Delay1us                
0000056d  Clock_Delay1ms                
000005f9  __aeabi_memcpy                
000005f9  __aeabi_memcpy4               
000005f9  __aeabi_memcpy8               
000005f9  memcpy                        
00000695  main                          
0000070d  __TI_decompress_lzss          
00000775  MvtLED_Init                   
00000795  Front_Lights_ON               
000007a1  Front_Lights_OFF              
000007ad  Back_Lights_ON                
000007b9  Back_Lights_OFF               
000007d5  __TI_auto_init_nobinit_nopinit
00000819  _c_int00_noargs               
0000084d  __TI_decompress_none          
0000085b  Reset_Handler                 
00000867  ADC14_IRQHandler              
00000867  AES256_IRQHandler             
00000867  BusFault_Handler              
00000867  COMP_E0_IRQHandler            
00000867  COMP_E1_IRQHandler            
00000867  CS_IRQHandler                 
00000867  DMA_ERR_IRQHandler            
00000867  DMA_INT0_IRQHandler           
00000867  DMA_INT1_IRQHandler           
00000867  DMA_INT2_IRQHandler           
00000867  DMA_INT3_IRQHandler           
00000867  DebugMon_Handler              
00000867  Default_Handler               
00000867  EUSCIA0_IRQHandler            
00000867  EUSCIA1_IRQHandler            
00000867  EUSCIA2_IRQHandler            
00000867  EUSCIA3_IRQHandler            
00000867  EUSCIB0_IRQHandler            
00000867  EUSCIB1_IRQHandler            
00000867  EUSCIB2_IRQHandler            
00000867  EUSCIB3_IRQHandler            
00000867  FLCTL_IRQHandler              
00000867  FPU_IRQHandler                
00000867  HardFault_Handler             
00000867  MemManage_Handler             
00000867  NMI_Handler                   
00000867  PCM_IRQHandler                
00000867  PORT1_IRQHandler              
00000867  PORT2_IRQHandler              
00000867  PORT3_IRQHandler              
00000867  PORT4_IRQHandler              
00000867  PORT5_IRQHandler              
00000867  PORT6_IRQHandler              
00000867  PSS_IRQHandler                
00000867  PendSV_Handler                
00000867  RTC_C_IRQHandler              
00000867  SVC_Handler                   
00000867  SysTick_Handler               
00000867  T32_INT1_IRQHandler           
00000867  T32_INT2_IRQHandler           
00000867  T32_INTC_IRQHandler           
00000867  TA0_0_IRQHandler              
00000867  TA0_N_IRQHandler              
00000867  TA1_0_IRQHandler              
00000867  TA1_N_IRQHandler              
00000867  TA2_0_IRQHandler              
00000867  TA2_N_IRQHandler              
00000867  TA3_0_IRQHandler              
00000867  TA3_N_IRQHandler              
00000867  UsageFault_Handler            
00000867  WDT_A_IRQHandler              
00000869  _system_pre_init              
0000086d  C$$EXIT                       
0000086d  abort                         
00000880  __TI_Handler_Table_Base       
00000888  __TI_CINIT_Base               
00000888  __TI_Handler_Table_Limit      
00000890  __TI_CINIT_Limit              
20000000  ClockFrequency                
20000000  __start___llvm_prf_cnts       
20000000  __stop___llvm_prf_cnts        
20000004  Prewait                       
20000008  CPMwait                       
2000000c  Postwait                      
20000010  IFlags                        
20000014  Crystalstable                 
20000018  SystemCoreClock               
2000fe00  __stack                       
20010000  __STACK_END                   
4000480c  WDTCTL_SYM                    
ffffffff  __TI_pprof_out_hndl           
ffffffff  __TI_prof_data_size           
ffffffff  __TI_prof_data_start          
ffffffff  __binit__                     
ffffffff  __c_args__                    
ffffffff  binit                         
UNDEFED   __mpu_init                    
UNDEFED   _system_post_cinit            

[103 symbols]
