******************************************************************************
                  TI ARM Linker PC v20.2.7                     
******************************************************************************
>> Linked Wed Feb  4 15:43:49 2026

OUTPUT FILE NAME:   <Lab 4 save.out>
ENTRY POINT SYMBOL: "_c_int00_noargs"  address: 00003409


MEMORY CONFIGURATION

         name            origin    length      used     unused   attr    fill
----------------------  --------  ---------  --------  --------  ----  --------
  MAIN                  00000000   00040000  00003859  0003c7a7  R  X
  INFO                  00200000   00004000  00000000  00004000  R  X
  SRAM_CODE             01000000   00010000  000009d0  0000f630  RW X
  SRAM_DATA             20000000   00010000  000009d0  0000f630  RW  


SEGMENT ALLOCATION MAP

run origin  load origin   length   init length attrs members
----------  ----------- ---------- ----------- ----- -------
00000000    00000000    00003860   00003860    r-x
  00000000    00000000    000000e4   000000e4    r-- .intvecs
  000000e4    000000e4    000035dc   000035dc    r-x .text
  000036c0    000036c0    00000101   00000101    r-- .const
  000037c8    000037c8    00000098   00000098    r-- .cinit
20000000    20000000    000007d0   00000000    rw-
  20000000    20000000    00000400   00000000    rw- .sysmem
  20000400    20000400    00000204   00000000    rw- .data
  20000604    20000604    000001cc   00000000    rw- .bss
2000fe00    2000fe00    00000200   00000000    rw-
  2000fe00    2000fe00    00000200   00000000    rw- .stack


SECTION ALLOCATION MAP

 output                                  attributes/
section   page    origin      length       input sections
--------  ----  ----------  ----------   ----------------
.intvecs   0    00000000    000000e4     
                  00000000    000000e4     startup_msp432p401r_ccs.obj (.intvecs:retain)

.text      0    000000e4    000035dc     
                  000000e4    00000a4e     rtsv7M4_T_le_v4SPD16_eabi.lib : _printfi.c.obj (.text:__TI_printfi)
                  00000b32    00000002                                   : _lock.c.obj (.text:_nop)
                  00000b34    00000334     system_msp432p401r.obj (.text)
                  00000e68    00000290     BumpInt.obj (.text)
                  000010f8    00000270     rtsv7M4_T_le_v4SPD16_eabi.lib : _printfi.c.obj (.text:_pconv_a)
                  00001368    000001e0     Clock.obj (.text)
                  00001548    000001d0     rtsv7M4_T_le_v4SPD16_eabi.lib : _printfi.c.obj (.text:_pconv_g)
                  00001718    000001c0     PWM.obj (.text)
                  000018d8    000001b6     rtsv7M4_T_le_v4SPD16_eabi.lib : fd_add_t2.asm.obj (.text)
                  00001a8e    00000002                                   : div0.asm.obj (.text)
                  00001a90    00000184     Motor.obj (.text)
                  00001c14    0000013c     rtsv7M4_T_le_v4SPD16_eabi.lib : _printfi.c.obj (.text:_pconv_e)
                  00001d50    00000136                                   : fd_div_t2.asm.obj (.text)
                  00001e86    00000002     --HOLE-- [fill = 0]
                  00001e88    00000124                                   : _printfi.c.obj (.text:fcvt)
                  00001fac    00000114                                   : fputs.c.obj (.text:fputs)
                  000020c0    00000110                                   : s_scalbn.c.obj (.text:scalbn)
                  000021d0    00000100                                   : memory.c.obj (.text:aligned_alloc)
                  000022d0    000000fc                                   : fd_mul_t2.asm.obj (.text)
                  000023cc    000000e4                                   : memory.c.obj (.text:free)
                  000024b0    000000dc                                   : setvbuf.c.obj (.text:setvbuf)
                  0000258c    000000b1                                   : _printfi.c.obj (.text:_ltostr)
                  0000263d    00000003     --HOLE-- [fill = 0]
                  00002640    000000a4     RobotLights.obj (.text)
                  000026e4    0000009c     rtsv7M4_T_le_v4SPD16_eabi.lib : memcpy_t2.asm.obj (.text)
                  00002780    00000096                                   : ull_div_t2.asm.obj (.text)
                  00002816    00000002     --HOLE-- [fill = 0]
                  00002818    0000008c                                   : fputc.c.obj (.text:fputc)
                  000028a4    00000086                                   : fd_cmp_t2.asm.obj (.text:__aeabi_cdcmple)
                  0000292a    00000086                                   : fd_cmp_t2.asm.obj (.text:__aeabi_cdrcmple)
                  000029b0    0000007a                                   : memset_t2.asm.obj (.text)
                  00002a2a    00000002     --HOLE-- [fill = 0]
                  00002a2c    00000074                                   : fclose.c.obj (.text:__TI_closefile)
                  00002aa0    00000070                                   : memory.c.obj (.text:split)
                  00002b10    0000006e                                   : _printfi.c.obj (.text:_mcpy)
                  00002b7e    00000002     --HOLE-- [fill = 0]
                  00002b80    0000006c                                   : hostrename.c.obj (.text:HOSTrename)
                  00002bec    00000068                                   : hostlseek.c.obj (.text:HOSTlseek)
                  00002c54    00000068                                   : copy_decompress_lzss.c.obj (.text:decompress:lzss:__TI_decompress_lzss)
                  00002cbc    00000068                                   : printf.c.obj (.text:printf)
                  00002d24    00000064                                   : s_frexp.c.obj (.text:frexp)
                  00002d88    00000064                                   : fseek.c.obj (.text:fseek)
                  00002dec    00000062                                   : _io_perm.c.obj (.text:__TI_wrt_ok)
                  00002e4e    00000002     --HOLE-- [fill = 0]
                  00002e50    00000060                                   : hostopen.c.obj (.text:HOSTopen)
                  00002eb0    0000005c                                   : close.c.obj (.text:close)
                  00002f0c    00000058                                   : hostread.c.obj (.text:HOSTread)
                  00002f64    00000058                                   : hostwrite.c.obj (.text:HOSTwrite)
                  00002fbc    00000056                                   : _printfi.c.obj (.text:_pconv_f)
                  00003012    00000054                                   : _ltoa.c.obj (.text:__TI_ltoa)
                  00003066    00000052                                   : _printfi.c.obj (.text:_ecpy)
                  000030b8    0000004c                                   : fflush.c.obj (.text:__TI_doflush)
                  00003104    0000004c                                   : atoi.c.obj (.text:atoi)
                  00003150    00000048                                   : exit.c.obj (.text:exit)
                  00003198    00000048                                   : fd_toi_t2.asm.obj (.text)
                  000031e0    00000044                                   : hostclose.c.obj (.text:HOSTclose)
                  00003224    00000044                                   : hostunlink.c.obj (.text:HOSTunlink)
                  00003268    00000044                                   : autoinit.c.obj (.text:__TI_auto_init_nobinit_nopinit:__TI_auto_init_nobinit_nopinit)
                  000032ac    00000044                                   : getdevice.c.obj (.text:getdevice)
                  000032f0    0000003e                                   : _printfi.c.obj (.text:_fcpy)
                  0000332e    00000002     --HOLE-- [fill = 0]
                  00003330    00000038                                   : trgmsg.c.obj (.text:__TI_writemsg)
                  00003368    00000036                                   : strncpy.c.obj (.text:strncpy)
                  0000339e    00000002     --HOLE-- [fill = 0]
                  000033a0    00000034                                   : fopen.c.obj (.text:__TI_cleanup)
                  000033d4    00000034                                   : trgmsg.c.obj (.text:__TI_readmsg)
                  00003408    00000034                                   : boot_cortex_m.c.obj (.text:_c_int00_noargs:_c_int00_noargs)
                  0000343c    00000030                                   : getdevice.c.obj (.text:finddevice)
                  0000346c    0000002e                                   : i_tofd_t2.asm.obj (.text)
                  0000349a    00000002     --HOLE-- [fill = 0]
                  0000349c    0000002c                                   : unlink.c.obj (.text:unlink)
                  000034c8    00000028                                   : memory.c.obj (.text:free_list_insert)
                  000034f0    00000028                                   : lseek.c.obj (.text:lseek)
                  00003518    00000028     main.obj (.text)
                  00003540    00000028     rtsv7M4_T_le_v4SPD16_eabi.lib : write.c.obj (.text:write)
                  00003568    00000024     CortexM.obj (.text)
                  0000358c    00000020     rtsv7M4_T_le_v4SPD16_eabi.lib : memchr.c.obj (.text:memchr)
                  000035ac    0000001c                                   : copy_zero_init.c.obj (.text:decompress:ZI:__TI_zero_init_nomemset:__TI_zero_init_nomemset)
                  000035c8    0000001c                                   : memory.c.obj (.text:free_list_remove)
                  000035e4    0000001c                                   : memccpy.c.obj (.text:memccpy)
                  00003600    0000001a                                   : s_copysign.c.obj (.text:copysign)
                  0000361a    00000018                                   : strcmp.c.obj (.text:strcmp)
                  00003632    00000016                                   : strchr.c.obj (.text:strchr)
                  00003648    00000014                                   : strcpy.c.obj (.text:strcpy)
                  0000365c    00000014                                   : strlen.c.obj (.text:strlen)
                  00003670    00000012                                   : wcslen.c.obj (.text:wcslen)
                  00003682    0000000e                                   : copy_decompress_none.c.obj (.text:decompress:none:__TI_decompress_none)
                  00003690    0000000e     startup_msp432p401r_ccs.obj (.text)
                  0000369e    00000002     --HOLE-- [fill = 0]
                  000036a0    00000008     rtsv7M4_T_le_v4SPD16_eabi.lib : errno.c.obj (.text:__aeabi_errno_addr)
                  000036a8    00000008                                   : memory.c.obj (.text:malloc)
                  000036b0    00000004                                   : printf.c.obj (.text:_outc)
                  000036b4    00000004                                   : printf.c.obj (.text:_outs)
                  000036b8    00000004                                   : pre_init.c.obj (.text:_system_pre_init)
                  000036bc    00000004                                   : exit.c.obj (.text:abort:abort)

.const     0    000036c0    00000101     
                  000036c0    00000101     rtsv7M4_T_le_v4SPD16_eabi.lib : ctype.c.obj (.const:.string:_ctypes_)

.cinit     0    000037c8    00000098     
                  000037c8    00000070     (.cinit..data.load) [load image, compression = lzss]
                  00003838    0000000c     (__TI_handler_table)
                  00003844    00000004     --HOLE-- [fill = 0]
                  00003848    00000008     (.cinit..bss.load) [load image, compression = zero_init]
                  00003850    00000010     (__TI_cinit_table)

.init_array 
*          0    00000000    00000000     UNINITIALIZED

.binit     0    00000000    00000000     

.sysmem    0    20000000    00000400     UNINITIALIZED
                  20000000    00000010     rtsv7M4_T_le_v4SPD16_eabi.lib : memory.c.obj (.sysmem)
                  20000010    000003f0     --HOLE--

.data      0    20000400    00000204     UNINITIALIZED
                  20000400    000000f0     rtsv7M4_T_le_v4SPD16_eabi.lib : defs.c.obj (.data:_ftable)
                  200004f0    00000078                                   : host_device.c.obj (.data:_device)
                  20000568    00000050                                   : host_device.c.obj (.data:_stream)
                  200005b8    00000018     Clock.obj (.data)
                  200005d0    00000010     rtsv7M4_T_le_v4SPD16_eabi.lib : defs.c.obj (.data)
                  200005e0    0000000c                                   : exit.c.obj (.data:$O1$$)
                  200005ec    00000008                                   : _lock.c.obj (.data:$O1$$)
                  200005f4    00000008                                   : memory.c.obj (.data:$O1$$)
                  200005fc    00000004                                   : errno.c.obj (.data)
                  20000600    00000004     system_msp432p401r.obj (.data)

.bss       0    20000604    000001cc     UNINITIALIZED
                  20000604    00000120     rtsv7M4_T_le_v4SPD16_eabi.lib : trgmsg.c.obj (.bss:_CIOBUF_)
                  20000724    000000a0     (.common:__TI_tmpnams)
                  200007c4    00000008     (.common:parmbuf)
                  200007cc    00000004     (.common:rTask)

.stack     0    2000fe00    00000200     UNINITIALIZED
                  2000fe00    00000004     rtsv7M4_T_le_v4SPD16_eabi.lib : boot_cortex_m.c.obj (.stack)
                  2000fe04    000001fc     --HOLE--

__llvm_prf_cnts 
*          0    20000000    00000000     UNINITIALIZED

MODULE SUMMARY

       Module                        code    ro data   rw data
       ------                        ----    -------   -------
    .\
       system_msp432p401r.obj        820     0         8      
       BumpInt.obj                   656     0         8      
       Clock.obj                     480     0         48     
       PWM.obj                       448     0         0      
       Motor.obj                     388     0         0      
       startup_msp432p401r_ccs.obj   14      228       0      
       RobotLights.obj               164     0         0      
       main.obj                      40      0         0      
       CortexM.obj                   36      0         0      
    +--+-----------------------------+-------+---------+---------+
       Total:                        3046    228       64     
                                                              
    C:\ti\ccs1281\ccs\tools\compiler\ti-cgt-arm_20.2.7.LTS\lib\rtsv7M4_T_le_v4SPD16_eabi.lib
       _printfi.c.obj                4851    0         0      
       defs.c.obj                    0       0         832    
       memory.c.obj                  672     0         16     
       trgmsg.c.obj                  108     0         576    
       fd_add_t2.asm.obj             438     0         0      
       host_device.c.obj             0       0         400    
       fd_div_t2.asm.obj             310     0         0      
       fputs.c.obj                   276     0         0      
       s_scalbn.c.obj                272     0         0      
       fd_cmp_t2.asm.obj             268     0         0      
       ctype.c.obj                   0       257       0      
       fd_mul_t2.asm.obj             252     0         0      
       setvbuf.c.obj                 220     0         0      
       memcpy_t2.asm.obj             156     0         0      
       ull_div_t2.asm.obj            150     0         0      
       fputc.c.obj                   140     0         0      
       memset_t2.asm.obj             122     0         0      
       fclose.c.obj                  116     0         0      
       getdevice.c.obj               116     0         0      
       hostopen.c.obj                96      0         16     
       printf.c.obj                  112     0         0      
       hostrename.c.obj              108     0         0      
       copy_decompress_lzss.c.obj    104     0         0      
       hostlseek.c.obj               104     0         0      
       exit.c.obj                    76      0         24     
       fseek.c.obj                   100     0         0      
       s_frexp.c.obj                 100     0         0      
       _io_perm.c.obj                98      0         0      
       close.c.obj                   92      0         0      
       hostread.c.obj                88      0         0      
       hostwrite.c.obj               88      0         0      
       _ltoa.c.obj                   84      0         0      
       atoi.c.obj                    76      0         0      
       fflush.c.obj                  76      0         0      
       fd_toi_t2.asm.obj             72      0         0      
       autoinit.c.obj                68      0         0      
       hostclose.c.obj               68      0         0      
       hostunlink.c.obj              68      0         0      
       strncpy.c.obj                 54      0         0      
       boot_cortex_m.c.obj           52      0         0      
       fopen.c.obj                   52      0         0      
       i_tofd_t2.asm.obj             46      0         0      
       unlink.c.obj                  44      0         0      
       lseek.c.obj                   40      0         0      
       write.c.obj                   40      0         0      
       memchr.c.obj                  32      0         0      
       copy_zero_init.c.obj          28      0         0      
       memccpy.c.obj                 28      0         0      
       s_copysign.c.obj              26      0         0      
       strcmp.c.obj                  24      0         0      
       strchr.c.obj                  22      0         0      
       strcpy.c.obj                  20      0         0      
       strlen.c.obj                  20      0         0      
       _lock.c.obj                   2       0         16     
       wcslen.c.obj                  18      0         0      
       errno.c.obj                   8       0         8      
       copy_decompress_none.c.obj    14      0         0      
       pre_init.c.obj                4       0         0      
       div0.asm.obj                  2       0         0      
    +--+-----------------------------+-------+---------+---------+
       Total:                        10721   257       1888   
                                                              
       Heap:                         0       0         2048   
       Stack:                        0       0         1024   
       Linker Generated:             0       148       0      
    +--+-----------------------------+-------+---------+---------+
       Grand Total:                  13767   633       5024   


LINKER GENERATED COPY TABLES

__TI_cinit_table @ 00003850 records: 2, size/record: 8, table size: 16
	.data: load addr=000037c8, load size=00000070 bytes, run addr=20000400, run size=00000204 bytes, compression=lzss
	.bss: load addr=00003848, load size=00000008 bytes, run addr=20000604, run size=000001cc bytes, compression=zero_init


LINKER GENERATED HANDLER TABLE

__TI_handler_table @ 00003838 records: 3, size/record: 4, table size: 12
	index: 0, handler: __TI_decompress_lzss
	index: 1, handler: __TI_decompress_none
	index: 2, handler: __TI_zero_init


GLOBAL SYMBOLS: SORTED ALPHABETICALLY BY Name 

address   name                           
-------   ----                           
0000369d  ADC14_IRQHandler               
0000369d  AES256_IRQHandler              
000026b7  Back_Lights_OFF                
000026ab  Back_Lights_ON                 
00000e69  BumpInt_Init                   
00000f91  BumpTask                       
00000ee3  Bump_Read                      
0000369d  BusFault_Handler               
000036bd  C$$EXIT                        
0000335f  C$$IO$$                        
0000369d  COMP_E0_IRQHandler             
0000369d  COMP_E1_IRQHandler             
200005c0  CPMwait                        
0000369d  CS_IRQHandler                  
200005b8  ClockFrequency                 
000014bd  Clock_Delay1ms                 
00001493  Clock_Delay1us                 
0000147f  Clock_GetFreq                  
00001369  Clock_Init48MHz                
200005cc  Crystalstable                  
0000369d  DMA_ERR_IRQHandler             
0000369d  DMA_INT0_IRQHandler            
0000369d  DMA_INT1_IRQHandler            
0000369d  DMA_INT2_IRQHandler            
0000369d  DMA_INT3_IRQHandler            
0000369d  DebugMon_Handler               
0000369d  Default_Handler                
00003569  DisableInterrupts              
0000369d  EUSCIA0_IRQHandler             
0000369d  EUSCIA1_IRQHandler             
0000369d  EUSCIA2_IRQHandler             
0000369d  EUSCIA3_IRQHandler             
0000369d  EUSCIB0_IRQHandler             
0000369d  EUSCIB1_IRQHandler             
0000369d  EUSCIB2_IRQHandler             
0000369d  EUSCIB3_IRQHandler             
0000356f  EnableInterrupts               
0000357f  EndCritical                    
0000369d  FLCTL_IRQHandler               
0000369d  FPU_IRQHandler                 
00002695  Front_Lights_OFF               
0000267f  Front_Lights_ON                
000031e1  HOSTclose                      
00002bed  HOSTlseek                      
00002e51  HOSTopen                       
00002f0d  HOSTread                       
00002b81  HOSTrename                     
00003225  HOSTunlink                     
00002f65  HOSTwrite                      
0000369d  HardFault_Handler              
200005c8  IFlags                         
0000369d  MemManage_Handler              
00001bc3  Motor_Backward                 
00001b27  Motor_Forward                  
00001a91  Motor_Init                     
00001b8d  Motor_Left                     
00001b57  Motor_Right                    
00001b0d  Motor_Stop                     
00002641  MvtLED_Init                    
0000369d  NMI_Handler                    
0000369d  PCM_IRQHandler                 
0000369d  PORT1_IRQHandler               
0000369d  PORT2_IRQHandler               
0000369d  PORT3_IRQHandler               
00000f79  PORT4_IRQHandler               
00000f79  PORT4_IRQHandler               
0000369d  PORT5_IRQHandler               
0000369d  PORT6_IRQHandler               
0000369d  PSS_IRQHandler                 
0000179d  PWM_Duty1                      
000017bd  PWM_Duty2                      
00001861  PWM_Duty3                      
00001881  PWM_Duty4                      
00001719  PWM_Init12                     
000017dd  PWM_Init34                     
0000369d  PendSV_Handler                 
200005c4  Postwait                       
200005bc  Prewait                        
0000369d  RTC_C_IRQHandler               
00003691  Reset_Handler                  
0000369d  SVC_Handler                    
00003575  StartCritical                  
0000369d  SysTick_Handler                
20000600  SystemCoreClock                
00000b35  SystemCoreClockUpdate          
00000dad  SystemInit                     
0000369d  T32_INT1_IRQHandler            
0000369d  T32_INT2_IRQHandler            
0000369d  T32_INTC_IRQHandler            
0000369d  TA0_0_IRQHandler               
0000369d  TA0_N_IRQHandler               
0000369d  TA1_0_IRQHandler               
0000369d  TA1_N_IRQHandler               
0000369d  TA2_0_IRQHandler               
0000369d  TA2_N_IRQHandler               
0000369d  TA3_0_IRQHandler               
0000369d  TA3_N_IRQHandler               
0000369d  UsageFault_Handler             
4000480c  WDTCTL_SYM                     
0000369d  WDT_A_IRQHandler               
00003587  WaitForInterrupt               
20000604  __CIOBUF_                      
20010000  __STACK_END                    
00000200  __STACK_SIZE                   
00000400  __SYSMEM_SIZE                  
00003850  __TI_CINIT_Base                
00003860  __TI_CINIT_Limit               
00003838  __TI_Handler_Table_Base        
00003844  __TI_Handler_Table_Limit       
00003269  __TI_auto_init_nobinit_nopinit 
000033a1  __TI_cleanup                   
200005e0  __TI_cleanup_ptr               
00002a2d  __TI_closefile                 
00002c55  __TI_decompress_lzss           
00003683  __TI_decompress_none           
000030b9  __TI_doflush                   
200005e4  __TI_dtors_ptr                 
200005e8  __TI_enable_exit_profile_output
200005d0  __TI_ft_end                    
00003013  __TI_ltoa                      
ffffffff  __TI_pprof_out_hndl            
000000e5  __TI_printfi                   
ffffffff  __TI_prof_data_size            
ffffffff  __TI_prof_data_start           
000033d5  __TI_readmsg                   
00000000  __TI_static_base__             
20000724  __TI_tmpnams                   
00003331  __TI_writemsg                  
00002ded  __TI_wrt_ok                    
000035ad  __TI_zero_init_nomemset        
000028a5  __aeabi_cdcmpeq                
000028a5  __aeabi_cdcmple                
0000292b  __aeabi_cdrcmple               
00003199  __aeabi_d2iz                   
000018e3  __aeabi_dadd                   
00001d51  __aeabi_ddiv                   
000022d1  __aeabi_dmul                   
000018d9  __aeabi_dsub                   
000036a1  __aeabi_errno_addr             
0000346d  __aeabi_i2d                    
00001a8f  __aeabi_idiv0                  
00001a8f  __aeabi_ldiv0                  
000029b1  __aeabi_memclr                 
000029b1  __aeabi_memclr4                
000029b1  __aeabi_memclr8                
000026e5  __aeabi_memcpy                 
000026e5  __aeabi_memcpy4                
000026e5  __aeabi_memcpy8                
000029b3  __aeabi_memset                 
000029b3  __aeabi_memset4                
000029b3  __aeabi_memset8                
200005dc  __aeabi_stderr                 
200005d4  __aeabi_stdin                  
200005d8  __aeabi_stdout                 
00002781  __aeabi_uldivmod               
ffffffff  __binit__                      
ffffffff  __c_args__                     
UNDEFED   __mpu_init                     
2000fe00  __stack                        
20000000  __start___llvm_prf_cnts        
20000000  __stop___llvm_prf_cnts         
00003409  _c_int00_noargs                
000036c0  _ctypes_                       
200004f0  _device                        
20000400  _ftable                        
200005ec  _lock                          
00000b33  _nop                           
20000568  _stream                        
20000000  _sys_memory                    
UNDEFED   _system_post_cinit             
000036b9  _system_pre_init               
200005f0  _unlock                        
000036bd  abort                          
000021d1  aligned_alloc                  
00003105  atoi                           
ffffffff  binit                          
00002eb1  close                          
00003601  copysign                       
00003601  copysignl                      
00001485  delay                          
200005fc  errno                          
00003151  exit                           
0000343d  finddevice                     
00002819  fputc                          
00001fad  fputs                          
000023cd  free                           
00002d25  frexp                          
00002d25  frexpl                         
00002d89  fseek                          
000032ad  getdevice                      
00000000  interruptVectors               
000020c1  ldexp                          
000020c1  ldexpl                         
000034f1  lseek                          
00003519  main                           
000036a9  malloc                         
000021d1  memalign                       
000035e5  memccpy                        
0000358d  memchr                         
000026e5  memcpy                         
000029b9  memset                         
200007c4  parmbuf                        
00002cbd  printf                         
00002819  putc                           
200007cc  rTask                          
0000349d  remove                         
000020c1  scalbn                         
000020c1  scalbnl                        
000024b1  setvbuf                        
00003633  strchr                         
0000361b  strcmp                         
00003649  strcpy                         
0000365d  strlen                         
00003369  strncpy                        
0000349d  unlink                         
00003671  wcslen                         
00003541  write                          


GLOBAL SYMBOLS: SORTED BY Symbol Address 

address   name                           
-------   ----                           
00000000  __TI_static_base__             
00000000  interruptVectors               
000000e5  __TI_printfi                   
00000200  __STACK_SIZE                   
00000400  __SYSMEM_SIZE                  
00000b33  _nop                           
00000b35  SystemCoreClockUpdate          
00000dad  SystemInit                     
00000e69  BumpInt_Init                   
00000ee3  Bump_Read                      
00000f79  PORT4_IRQHandler               
00000f79  PORT4_IRQHandler               
00000f91  BumpTask                       
00001369  Clock_Init48MHz                
0000147f  Clock_GetFreq                  
00001485  delay                          
00001493  Clock_Delay1us                 
000014bd  Clock_Delay1ms                 
00001719  PWM_Init12                     
0000179d  PWM_Duty1                      
000017bd  PWM_Duty2                      
000017dd  PWM_Init34                     
00001861  PWM_Duty3                      
00001881  PWM_Duty4                      
000018d9  __aeabi_dsub                   
000018e3  __aeabi_dadd                   
00001a8f  __aeabi_idiv0                  
00001a8f  __aeabi_ldiv0                  
00001a91  Motor_Init                     
00001b0d  Motor_Stop                     
00001b27  Motor_Forward                  
00001b57  Motor_Right                    
00001b8d  Motor_Left                     
00001bc3  Motor_Backward                 
00001d51  __aeabi_ddiv                   
00001fad  fputs                          
000020c1  ldexp                          
000020c1  ldexpl                         
000020c1  scalbn                         
000020c1  scalbnl                        
000021d1  aligned_alloc                  
000021d1  memalign                       
000022d1  __aeabi_dmul                   
000023cd  free                           
000024b1  setvbuf                        
00002641  MvtLED_Init                    
0000267f  Front_Lights_ON                
00002695  Front_Lights_OFF               
000026ab  Back_Lights_ON                 
000026b7  Back_Lights_OFF                
000026e5  __aeabi_memcpy                 
000026e5  __aeabi_memcpy4                
000026e5  __aeabi_memcpy8                
000026e5  memcpy                         
00002781  __aeabi_uldivmod               
00002819  fputc                          
00002819  putc                           
000028a5  __aeabi_cdcmpeq                
000028a5  __aeabi_cdcmple                
0000292b  __aeabi_cdrcmple               
000029b1  __aeabi_memclr                 
000029b1  __aeabi_memclr4                
000029b1  __aeabi_memclr8                
000029b3  __aeabi_memset                 
000029b3  __aeabi_memset4                
000029b3  __aeabi_memset8                
000029b9  memset                         
00002a2d  __TI_closefile                 
00002b81  HOSTrename                     
00002bed  HOSTlseek                      
00002c55  __TI_decompress_lzss           
00002cbd  printf                         
00002d25  frexp                          
00002d25  frexpl                         
00002d89  fseek                          
00002ded  __TI_wrt_ok                    
00002e51  HOSTopen                       
00002eb1  close                          
00002f0d  HOSTread                       
00002f65  HOSTwrite                      
00003013  __TI_ltoa                      
000030b9  __TI_doflush                   
00003105  atoi                           
00003151  exit                           
00003199  __aeabi_d2iz                   
000031e1  HOSTclose                      
00003225  HOSTunlink                     
00003269  __TI_auto_init_nobinit_nopinit 
000032ad  getdevice                      
00003331  __TI_writemsg                  
0000335f  C$$IO$$                        
00003369  strncpy                        
000033a1  __TI_cleanup                   
000033d5  __TI_readmsg                   
00003409  _c_int00_noargs                
0000343d  finddevice                     
0000346d  __aeabi_i2d                    
0000349d  remove                         
0000349d  unlink                         
000034f1  lseek                          
00003519  main                           
00003541  write                          
00003569  DisableInterrupts              
0000356f  EnableInterrupts               
00003575  StartCritical                  
0000357f  EndCritical                    
00003587  WaitForInterrupt               
0000358d  memchr                         
000035ad  __TI_zero_init_nomemset        
000035e5  memccpy                        
00003601  copysign                       
00003601  copysignl                      
0000361b  strcmp                         
00003633  strchr                         
00003649  strcpy                         
0000365d  strlen                         
00003671  wcslen                         
00003683  __TI_decompress_none           
00003691  Reset_Handler                  
0000369d  ADC14_IRQHandler               
0000369d  AES256_IRQHandler              
0000369d  BusFault_Handler               
0000369d  COMP_E0_IRQHandler             
0000369d  COMP_E1_IRQHandler             
0000369d  CS_IRQHandler                  
0000369d  DMA_ERR_IRQHandler             
0000369d  DMA_INT0_IRQHandler            
0000369d  DMA_INT1_IRQHandler            
0000369d  DMA_INT2_IRQHandler            
0000369d  DMA_INT3_IRQHandler            
0000369d  DebugMon_Handler               
0000369d  Default_Handler                
0000369d  EUSCIA0_IRQHandler             
0000369d  EUSCIA1_IRQHandler             
0000369d  EUSCIA2_IRQHandler             
0000369d  EUSCIA3_IRQHandler             
0000369d  EUSCIB0_IRQHandler             
0000369d  EUSCIB1_IRQHandler             
0000369d  EUSCIB2_IRQHandler             
0000369d  EUSCIB3_IRQHandler             
0000369d  FLCTL_IRQHandler               
0000369d  FPU_IRQHandler                 
0000369d  HardFault_Handler              
0000369d  MemManage_Handler              
0000369d  NMI_Handler                    
0000369d  PCM_IRQHandler                 
0000369d  PORT1_IRQHandler               
0000369d  PORT2_IRQHandler               
0000369d  PORT3_IRQHandler               
0000369d  PORT5_IRQHandler               
0000369d  PORT6_IRQHandler               
0000369d  PSS_IRQHandler                 
0000369d  PendSV_Handler                 
0000369d  RTC_C_IRQHandler               
0000369d  SVC_Handler                    
0000369d  SysTick_Handler                
0000369d  T32_INT1_IRQHandler            
0000369d  T32_INT2_IRQHandler            
0000369d  T32_INTC_IRQHandler            
0000369d  TA0_0_IRQHandler               
0000369d  TA0_N_IRQHandler               
0000369d  TA1_0_IRQHandler               
0000369d  TA1_N_IRQHandler               
0000369d  TA2_0_IRQHandler               
0000369d  TA2_N_IRQHandler               
0000369d  TA3_0_IRQHandler               
0000369d  TA3_N_IRQHandler               
0000369d  UsageFault_Handler             
0000369d  WDT_A_IRQHandler               
000036a1  __aeabi_errno_addr             
000036a9  malloc                         
000036b9  _system_pre_init               
000036bd  C$$EXIT                        
000036bd  abort                          
000036c0  _ctypes_                       
00003838  __TI_Handler_Table_Base        
00003844  __TI_Handler_Table_Limit       
00003850  __TI_CINIT_Base                
00003860  __TI_CINIT_Limit               
20000000  __start___llvm_prf_cnts        
20000000  __stop___llvm_prf_cnts         
20000000  _sys_memory                    
20000400  _ftable                        
200004f0  _device                        
20000568  _stream                        
200005b8  ClockFrequency                 
200005bc  Prewait                        
200005c0  CPMwait                        
200005c4  Postwait                       
200005c8  IFlags                         
200005cc  Crystalstable                  
200005d0  __TI_ft_end                    
200005d4  __aeabi_stdin                  
200005d8  __aeabi_stdout                 
200005dc  __aeabi_stderr                 
200005e0  __TI_cleanup_ptr               
200005e4  __TI_dtors_ptr                 
200005e8  __TI_enable_exit_profile_output
200005ec  _lock                          
200005f0  _unlock                        
200005fc  errno                          
20000600  SystemCoreClock                
20000604  __CIOBUF_                      
20000724  __TI_tmpnams                   
200007c4  parmbuf                        
200007cc  rTask                          
2000fe00  __stack                        
20010000  __STACK_END                    
4000480c  WDTCTL_SYM                     
ffffffff  __TI_pprof_out_hndl            
ffffffff  __TI_prof_data_size            
ffffffff  __TI_prof_data_start           
ffffffff  __binit__                      
ffffffff  __c_args__                     
ffffffff  binit                          
UNDEFED   __mpu_init                     
UNDEFED   _system_post_cinit             

[217 symbols]
