******************************************************************************
                  TI ARM Linker PC v20.2.7                     
******************************************************************************
>> Linked Sat Jan 31 15:21:44 2026

OUTPUT FILE NAME:   <Lab 4.out>
ENTRY POINT SYMBOL: "_c_int00_noargs"  address: 00003325


MEMORY CONFIGURATION

         name            origin    length      used     unused   attr    fill
----------------------  --------  ---------  --------  --------  ----  --------
  MAIN                  00000000   00040000  00003775  0003c88b  R  X
  INFO                  00200000   00004000  00000000  00004000  R  X
  SRAM_CODE             01000000   00010000  000009d0  0000f630  RW X
  SRAM_DATA             20000000   00010000  000009d0  0000f630  RW  


SEGMENT ALLOCATION MAP

run origin  load origin   length   init length attrs members
----------  ----------- ---------- ----------- ----- -------
00000000    00000000    00003778   00003778    r-x
  00000000    00000000    000000e4   000000e4    r-- .intvecs
  000000e4    000000e4    000034f8   000034f8    r-x .text
  000035dc    000035dc    00000101   00000101    r-- .const
  000036e0    000036e0    00000098   00000098    r-- .cinit
20000000    20000000    000007d0   00000000    rw-
  20000000    20000000    00000400   00000000    rw- .sysmem
  20000400    20000400    00000204   00000000    rw- .data
  20000604    20000604    000001cc   00000000    rw- .bss
2000fe00    2000fe00    00000200   00000000    rw-
  2000fe00    2000fe00    00000200   00000000    rw- .stack


SECTION ALLOCATION MAP

 output                                  attributes/
section   page    origin      length       input sections
--------  ----  ----------  ----------   ----------------
.intvecs   0    00000000    000000e4     
                  00000000    000000e4     startup_msp432p401r_ccs.obj (.intvecs:retain)

.text      0    000000e4    000034f8     
                  000000e4    00000a4e     rtsv7M4_T_le_v4SPD16_eabi.lib : _printfi.c.obj (.text:__TI_printfi)
                  00000b32    00000002                                   : _lock.c.obj (.text:_nop)
                  00000b34    00000334     system_msp432p401r.obj (.text)
                  00000e68    00000270     rtsv7M4_T_le_v4SPD16_eabi.lib : _printfi.c.obj (.text:_pconv_a)
                  000010d8    000001e0     Clock.obj (.text)
                  000012b8    000001d0     rtsv7M4_T_le_v4SPD16_eabi.lib : _printfi.c.obj (.text:_pconv_g)
                  00001488    000001c0     PWM.obj (.text)
                  00001648    000001b6     rtsv7M4_T_le_v4SPD16_eabi.lib : fd_add_t2.asm.obj (.text)
                  000017fe    00000002                                   : div0.asm.obj (.text)
                  00001800    000001ac     BumpInt.obj (.text)
                  000019ac    00000184     Motor.obj (.text)
                  00001b30    0000013c     rtsv7M4_T_le_v4SPD16_eabi.lib : _printfi.c.obj (.text:_pconv_e)
                  00001c6c    00000136                                   : fd_div_t2.asm.obj (.text)
                  00001da2    00000002     --HOLE-- [fill = 0]
                  00001da4    00000124                                   : _printfi.c.obj (.text:fcvt)
                  00001ec8    00000114                                   : fputs.c.obj (.text:fputs)
                  00001fdc    00000110                                   : s_scalbn.c.obj (.text:scalbn)
                  000020ec    00000100                                   : memory.c.obj (.text:aligned_alloc)
                  000021ec    000000fc                                   : fd_mul_t2.asm.obj (.text)
                  000022e8    000000e4                                   : memory.c.obj (.text:free)
                  000023cc    000000dc                                   : setvbuf.c.obj (.text:setvbuf)
                  000024a8    000000b1                                   : _printfi.c.obj (.text:_ltostr)
                  00002559    00000003     --HOLE-- [fill = 0]
                  0000255c    000000a4     RobotLights.obj (.text)
                  00002600    0000009c     rtsv7M4_T_le_v4SPD16_eabi.lib : memcpy_t2.asm.obj (.text)
                  0000269c    00000096                                   : ull_div_t2.asm.obj (.text)
                  00002732    00000002     --HOLE-- [fill = 0]
                  00002734    0000008c                                   : fputc.c.obj (.text:fputc)
                  000027c0    00000086                                   : fd_cmp_t2.asm.obj (.text:__aeabi_cdcmple)
                  00002846    00000086                                   : fd_cmp_t2.asm.obj (.text:__aeabi_cdrcmple)
                  000028cc    0000007a                                   : memset_t2.asm.obj (.text)
                  00002946    00000002     --HOLE-- [fill = 0]
                  00002948    00000074                                   : fclose.c.obj (.text:__TI_closefile)
                  000029bc    00000070                                   : memory.c.obj (.text:split)
                  00002a2c    0000006e                                   : _printfi.c.obj (.text:_mcpy)
                  00002a9a    00000002     --HOLE-- [fill = 0]
                  00002a9c    0000006c                                   : hostrename.c.obj (.text:HOSTrename)
                  00002b08    00000068                                   : hostlseek.c.obj (.text:HOSTlseek)
                  00002b70    00000068                                   : copy_decompress_lzss.c.obj (.text:decompress:lzss:__TI_decompress_lzss)
                  00002bd8    00000068                                   : printf.c.obj (.text:printf)
                  00002c40    00000064                                   : s_frexp.c.obj (.text:frexp)
                  00002ca4    00000064                                   : fseek.c.obj (.text:fseek)
                  00002d08    00000062                                   : _io_perm.c.obj (.text:__TI_wrt_ok)
                  00002d6a    00000002     --HOLE-- [fill = 0]
                  00002d6c    00000060                                   : hostopen.c.obj (.text:HOSTopen)
                  00002dcc    0000005c                                   : close.c.obj (.text:close)
                  00002e28    00000058                                   : hostread.c.obj (.text:HOSTread)
                  00002e80    00000058                                   : hostwrite.c.obj (.text:HOSTwrite)
                  00002ed8    00000056                                   : _printfi.c.obj (.text:_pconv_f)
                  00002f2e    00000054                                   : _ltoa.c.obj (.text:__TI_ltoa)
                  00002f82    00000052                                   : _printfi.c.obj (.text:_ecpy)
                  00002fd4    0000004c                                   : fflush.c.obj (.text:__TI_doflush)
                  00003020    0000004c                                   : atoi.c.obj (.text:atoi)
                  0000306c    00000048                                   : exit.c.obj (.text:exit)
                  000030b4    00000048                                   : fd_toi_t2.asm.obj (.text)
                  000030fc    00000044                                   : hostclose.c.obj (.text:HOSTclose)
                  00003140    00000044                                   : hostunlink.c.obj (.text:HOSTunlink)
                  00003184    00000044                                   : autoinit.c.obj (.text:__TI_auto_init_nobinit_nopinit:__TI_auto_init_nobinit_nopinit)
                  000031c8    00000044                                   : getdevice.c.obj (.text:getdevice)
                  0000320c    0000003e                                   : _printfi.c.obj (.text:_fcpy)
                  0000324a    00000002     --HOLE-- [fill = 0]
                  0000324c    00000038                                   : trgmsg.c.obj (.text:__TI_writemsg)
                  00003284    00000036                                   : strncpy.c.obj (.text:strncpy)
                  000032ba    00000002     --HOLE-- [fill = 0]
                  000032bc    00000034                                   : fopen.c.obj (.text:__TI_cleanup)
                  000032f0    00000034                                   : trgmsg.c.obj (.text:__TI_readmsg)
                  00003324    00000034                                   : boot_cortex_m.c.obj (.text:_c_int00_noargs:_c_int00_noargs)
                  00003358    00000030                                   : getdevice.c.obj (.text:finddevice)
                  00003388    0000002e                                   : i_tofd_t2.asm.obj (.text)
                  000033b6    00000002     --HOLE-- [fill = 0]
                  000033b8    0000002c                                   : unlink.c.obj (.text:unlink)
                  000033e4    00000028                                   : memory.c.obj (.text:free_list_insert)
                  0000340c    00000028                                   : lseek.c.obj (.text:lseek)
                  00003434    00000028     main.obj (.text)
                  0000345c    00000028     rtsv7M4_T_le_v4SPD16_eabi.lib : write.c.obj (.text:write)
                  00003484    00000024     CortexM.obj (.text)
                  000034a8    00000020     rtsv7M4_T_le_v4SPD16_eabi.lib : memchr.c.obj (.text:memchr)
                  000034c8    0000001c                                   : copy_zero_init.c.obj (.text:decompress:ZI:__TI_zero_init_nomemset:__TI_zero_init_nomemset)
                  000034e4    0000001c                                   : memory.c.obj (.text:free_list_remove)
                  00003500    0000001c                                   : memccpy.c.obj (.text:memccpy)
                  0000351c    0000001a                                   : s_copysign.c.obj (.text:copysign)
                  00003536    00000018                                   : strcmp.c.obj (.text:strcmp)
                  0000354e    00000016                                   : strchr.c.obj (.text:strchr)
                  00003564    00000014                                   : strcpy.c.obj (.text:strcpy)
                  00003578    00000014                                   : strlen.c.obj (.text:strlen)
                  0000358c    00000012                                   : wcslen.c.obj (.text:wcslen)
                  0000359e    0000000e                                   : copy_decompress_none.c.obj (.text:decompress:none:__TI_decompress_none)
                  000035ac    0000000e     startup_msp432p401r_ccs.obj (.text)
                  000035ba    00000002     --HOLE-- [fill = 0]
                  000035bc    00000008     rtsv7M4_T_le_v4SPD16_eabi.lib : errno.c.obj (.text:__aeabi_errno_addr)
                  000035c4    00000008                                   : memory.c.obj (.text:malloc)
                  000035cc    00000004                                   : printf.c.obj (.text:_outc)
                  000035d0    00000004                                   : printf.c.obj (.text:_outs)
                  000035d4    00000004                                   : pre_init.c.obj (.text:_system_pre_init)
                  000035d8    00000004                                   : exit.c.obj (.text:abort:abort)

.const     0    000035dc    00000101     
                  000035dc    00000101     rtsv7M4_T_le_v4SPD16_eabi.lib : ctype.c.obj (.const:.string:_ctypes_)

.cinit     0    000036e0    00000098     
                  000036e0    00000070     (.cinit..data.load) [load image, compression = lzss]
                  00003750    0000000c     (__TI_handler_table)
                  0000375c    00000004     --HOLE-- [fill = 0]
                  00003760    00000008     (.cinit..bss.load) [load image, compression = zero_init]
                  00003768    00000010     (__TI_cinit_table)

.init_array 
*          0    00000000    00000000     UNINITIALIZED

.binit     0    00000000    00000000     

.sysmem    0    20000000    00000400     UNINITIALIZED
                  20000000    00000010     rtsv7M4_T_le_v4SPD16_eabi.lib : memory.c.obj (.sysmem)
                  20000010    000003f0     --HOLE--

.data      0    20000400    00000204     UNINITIALIZED
                  20000400    000000f0     rtsv7M4_T_le_v4SPD16_eabi.lib : defs.c.obj (.data:_ftable)
                  200004f0    00000078                                   : host_device.c.obj (.data:_device)
                  20000568    00000050                                   : host_device.c.obj (.data:_stream)
                  200005b8    00000018     Clock.obj (.data)
                  200005d0    00000010     rtsv7M4_T_le_v4SPD16_eabi.lib : defs.c.obj (.data)
                  200005e0    0000000c                                   : exit.c.obj (.data:$O1$$)
                  200005ec    00000008                                   : _lock.c.obj (.data:$O1$$)
                  200005f4    00000008                                   : memory.c.obj (.data:$O1$$)
                  200005fc    00000004                                   : errno.c.obj (.data)
                  20000600    00000004     system_msp432p401r.obj (.data)

.bss       0    20000604    000001cc     UNINITIALIZED
                  20000604    00000120     rtsv7M4_T_le_v4SPD16_eabi.lib : trgmsg.c.obj (.bss:_CIOBUF_)
                  20000724    000000a0     (.common:__TI_tmpnams)
                  200007c4    00000008     (.common:parmbuf)
                  200007cc    00000004     (.common:rTask)

.stack     0    2000fe00    00000200     UNINITIALIZED
                  2000fe00    00000004     rtsv7M4_T_le_v4SPD16_eabi.lib : boot_cortex_m.c.obj (.stack)
                  2000fe04    000001fc     --HOLE--

__llvm_prf_cnts 
*          0    20000000    00000000     UNINITIALIZED

MODULE SUMMARY

       Module                        code    ro data   rw data
       ------                        ----    -------   -------
    .\
       system_msp432p401r.obj        820     0         8      
       Clock.obj                     480     0         48     
       PWM.obj                       448     0         0      
       BumpInt.obj                   428     0         8      
       Motor.obj                     388     0         0      
       startup_msp432p401r_ccs.obj   14      228       0      
       RobotLights.obj               164     0         0      
       main.obj                      40      0         0      
       CortexM.obj                   36      0         0      
    +--+-----------------------------+-------+---------+---------+
       Total:                        2818    228       64     
                                                              
    C:\ti\ccs1281\ccs\tools\compiler\ti-cgt-arm_20.2.7.LTS\lib\rtsv7M4_T_le_v4SPD16_eabi.lib
       _printfi.c.obj                4851    0         0      
       defs.c.obj                    0       0         832    
       memory.c.obj                  672     0         16     
       trgmsg.c.obj                  108     0         576    
       fd_add_t2.asm.obj             438     0         0      
       host_device.c.obj             0       0         400    
       fd_div_t2.asm.obj             310     0         0      
       fputs.c.obj                   276     0         0      
       s_scalbn.c.obj                272     0         0      
       fd_cmp_t2.asm.obj             268     0         0      
       ctype.c.obj                   0       257       0      
       fd_mul_t2.asm.obj             252     0         0      
       setvbuf.c.obj                 220     0         0      
       memcpy_t2.asm.obj             156     0         0      
       ull_div_t2.asm.obj            150     0         0      
       fputc.c.obj                   140     0         0      
       memset_t2.asm.obj             122     0         0      
       fclose.c.obj                  116     0         0      
       getdevice.c.obj               116     0         0      
       hostopen.c.obj                96      0         16     
       printf.c.obj                  112     0         0      
       hostrename.c.obj              108     0         0      
       copy_decompress_lzss.c.obj    104     0         0      
       hostlseek.c.obj               104     0         0      
       exit.c.obj                    76      0         24     
       fseek.c.obj                   100     0         0      
       s_frexp.c.obj                 100     0         0      
       _io_perm.c.obj                98      0         0      
       close.c.obj                   92      0         0      
       hostread.c.obj                88      0         0      
       hostwrite.c.obj               88      0         0      
       _ltoa.c.obj                   84      0         0      
       atoi.c.obj                    76      0         0      
       fflush.c.obj                  76      0         0      
       fd_toi_t2.asm.obj             72      0         0      
       autoinit.c.obj                68      0         0      
       hostclose.c.obj               68      0         0      
       hostunlink.c.obj              68      0         0      
       strncpy.c.obj                 54      0         0      
       boot_cortex_m.c.obj           52      0         0      
       fopen.c.obj                   52      0         0      
       i_tofd_t2.asm.obj             46      0         0      
       unlink.c.obj                  44      0         0      
       lseek.c.obj                   40      0         0      
       write.c.obj                   40      0         0      
       memchr.c.obj                  32      0         0      
       copy_zero_init.c.obj          28      0         0      
       memccpy.c.obj                 28      0         0      
       s_copysign.c.obj              26      0         0      
       strcmp.c.obj                  24      0         0      
       strchr.c.obj                  22      0         0      
       strcpy.c.obj                  20      0         0      
       strlen.c.obj                  20      0         0      
       _lock.c.obj                   2       0         16     
       wcslen.c.obj                  18      0         0      
       errno.c.obj                   8       0         8      
       copy_decompress_none.c.obj    14      0         0      
       pre_init.c.obj                4       0         0      
       div0.asm.obj                  2       0         0      
    +--+-----------------------------+-------+---------+---------+
       Total:                        10721   257       1888   
                                                              
       Heap:                         0       0         2048   
       Stack:                        0       0         1024   
       Linker Generated:             0       148       0      
    +--+-----------------------------+-------+---------+---------+
       Grand Total:                  13539   633       5024   


LINKER GENERATED COPY TABLES

__TI_cinit_table @ 00003768 records: 2, size/record: 8, table size: 16
	.data: load addr=000036e0, load size=00000070 bytes, run addr=20000400, run size=00000204 bytes, compression=lzss
	.bss: load addr=00003760, load size=00000008 bytes, run addr=20000604, run size=000001cc bytes, compression=zero_init


LINKER GENERATED HANDLER TABLE

__TI_handler_table @ 00003750 records: 3, size/record: 4, table size: 12
	index: 0, handler: __TI_decompress_lzss
	index: 1, handler: __TI_decompress_none
	index: 2, handler: __TI_zero_init


GLOBAL SYMBOLS: SORTED ALPHABETICALLY BY Name 

address   name                           
-------   ----                           
000035b9  ADC14_IRQHandler               
000035b9  AES256_IRQHandler              
000025d3  Back_Lights_OFF                
000025c7  Back_Lights_ON                 
00001801  BumpInt_Init                   
000018ef  BumpTask                       
0000187b  Bump_Read                      
000035b9  BusFault_Handler               
000035d9  C$$EXIT                        
0000327b  C$$IO$$                        
000035b9  COMP_E0_IRQHandler             
000035b9  COMP_E1_IRQHandler             
200005c0  CPMwait                        
000035b9  CS_IRQHandler                  
200005b8  ClockFrequency                 
0000122d  Clock_Delay1ms                 
00001203  Clock_Delay1us                 
000011ef  Clock_GetFreq                  
000010d9  Clock_Init48MHz                
200005cc  Crystalstable                  
000035b9  DMA_ERR_IRQHandler             
000035b9  DMA_INT0_IRQHandler            
000035b9  DMA_INT1_IRQHandler            
000035b9  DMA_INT2_IRQHandler            
000035b9  DMA_INT3_IRQHandler            
000035b9  DebugMon_Handler               
000035b9  Default_Handler                
00003485  DisableInterrupts              
000035b9  EUSCIA0_IRQHandler             
000035b9  EUSCIA1_IRQHandler             
000035b9  EUSCIA2_IRQHandler             
000035b9  EUSCIA3_IRQHandler             
000035b9  EUSCIB0_IRQHandler             
000035b9  EUSCIB1_IRQHandler             
000035b9  EUSCIB2_IRQHandler             
000035b9  EUSCIB3_IRQHandler             
0000348b  EnableInterrupts               
0000349b  EndCritical                    
000035b9  FLCTL_IRQHandler               
000035b9  FPU_IRQHandler                 
000025b1  Front_Lights_OFF               
0000259b  Front_Lights_ON                
000030fd  HOSTclose                      
00002b09  HOSTlseek                      
00002d6d  HOSTopen                       
00002e29  HOSTread                       
00002a9d  HOSTrename                     
00003141  HOSTunlink                     
00002e81  HOSTwrite                      
000035b9  HardFault_Handler              
200005c8  IFlags                         
000035b9  MemManage_Handler              
00001adf  Motor_Backward                 
00001a43  Motor_Forward                  
000019ad  Motor_Init                     
00001aa9  Motor_Left                     
00001a73  Motor_Right                    
00001a29  Motor_Stop                     
0000255d  MvtLED_Init                    
000035b9  NMI_Handler                    
000035b9  PCM_IRQHandler                 
000035b9  PORT1_IRQHandler               
000035b9  PORT2_IRQHandler               
000035b9  PORT3_IRQHandler               
000018d7  PORT4_IRQHandler               
000018d7  PORT4_IRQHandler               
000035b9  PORT5_IRQHandler               
000035b9  PORT6_IRQHandler               
000035b9  PSS_IRQHandler                 
0000150d  PWM_Duty1                      
0000152d  PWM_Duty2                      
000015d1  PWM_Duty3                      
000015f1  PWM_Duty4                      
00001489  PWM_Init12                     
0000154d  PWM_Init34                     
000035b9  PendSV_Handler                 
200005c4  Postwait                       
200005bc  Prewait                        
000035b9  RTC_C_IRQHandler               
000035ad  Reset_Handler                  
000035b9  SVC_Handler                    
00003491  StartCritical                  
000035b9  SysTick_Handler                
20000600  SystemCoreClock                
00000b35  SystemCoreClockUpdate          
00000dad  SystemInit                     
000035b9  T32_INT1_IRQHandler            
000035b9  T32_INT2_IRQHandler            
000035b9  T32_INTC_IRQHandler            
000035b9  TA0_0_IRQHandler               
000035b9  TA0_N_IRQHandler               
000035b9  TA1_0_IRQHandler               
000035b9  TA1_N_IRQHandler               
000035b9  TA2_0_IRQHandler               
000035b9  TA2_N_IRQHandler               
000035b9  TA3_0_IRQHandler               
000035b9  TA3_N_IRQHandler               
000035b9  UsageFault_Handler             
4000480c  WDTCTL_SYM                     
000035b9  WDT_A_IRQHandler               
000034a3  WaitForInterrupt               
20000604  __CIOBUF_                      
20010000  __STACK_END                    
00000200  __STACK_SIZE                   
00000400  __SYSMEM_SIZE                  
00003768  __TI_CINIT_Base                
00003778  __TI_CINIT_Limit               
00003750  __TI_Handler_Table_Base        
0000375c  __TI_Handler_Table_Limit       
00003185  __TI_auto_init_nobinit_nopinit 
000032bd  __TI_cleanup                   
200005e0  __TI_cleanup_ptr               
00002949  __TI_closefile                 
00002b71  __TI_decompress_lzss           
0000359f  __TI_decompress_none           
00002fd5  __TI_doflush                   
200005e4  __TI_dtors_ptr                 
200005e8  __TI_enable_exit_profile_output
200005d0  __TI_ft_end                    
00002f2f  __TI_ltoa                      
ffffffff  __TI_pprof_out_hndl            
000000e5  __TI_printfi                   
ffffffff  __TI_prof_data_size            
ffffffff  __TI_prof_data_start           
000032f1  __TI_readmsg                   
00000000  __TI_static_base__             
20000724  __TI_tmpnams                   
0000324d  __TI_writemsg                  
00002d09  __TI_wrt_ok                    
000034c9  __TI_zero_init_nomemset        
000027c1  __aeabi_cdcmpeq                
000027c1  __aeabi_cdcmple                
00002847  __aeabi_cdrcmple               
000030b5  __aeabi_d2iz                   
00001653  __aeabi_dadd                   
00001c6d  __aeabi_ddiv                   
000021ed  __aeabi_dmul                   
00001649  __aeabi_dsub                   
000035bd  __aeabi_errno_addr             
00003389  __aeabi_i2d                    
000017ff  __aeabi_idiv0                  
000017ff  __aeabi_ldiv0                  
000028cd  __aeabi_memclr                 
000028cd  __aeabi_memclr4                
000028cd  __aeabi_memclr8                
00002601  __aeabi_memcpy                 
00002601  __aeabi_memcpy4                
00002601  __aeabi_memcpy8                
000028cf  __aeabi_memset                 
000028cf  __aeabi_memset4                
000028cf  __aeabi_memset8                
200005dc  __aeabi_stderr                 
200005d4  __aeabi_stdin                  
200005d8  __aeabi_stdout                 
0000269d  __aeabi_uldivmod               
ffffffff  __binit__                      
ffffffff  __c_args__                     
UNDEFED   __mpu_init                     
2000fe00  __stack                        
20000000  __start___llvm_prf_cnts        
20000000  __stop___llvm_prf_cnts         
00003325  _c_int00_noargs                
000035dc  _ctypes_                       
200004f0  _device                        
20000400  _ftable                        
200005ec  _lock                          
00000b33  _nop                           
20000568  _stream                        
20000000  _sys_memory                    
UNDEFED   _system_post_cinit             
000035d5  _system_pre_init               
200005f0  _unlock                        
000035d9  abort                          
000020ed  aligned_alloc                  
00003021  atoi                           
ffffffff  binit                          
00002dcd  close                          
0000351d  copysign                       
0000351d  copysignl                      
000011f5  delay                          
200005fc  errno                          
0000306d  exit                           
00003359  finddevice                     
00002735  fputc                          
00001ec9  fputs                          
000022e9  free                           
00002c41  frexp                          
00002c41  frexpl                         
00002ca5  fseek                          
000031c9  getdevice                      
00000000  interruptVectors               
00001fdd  ldexp                          
00001fdd  ldexpl                         
0000340d  lseek                          
00003435  main                           
000035c5  malloc                         
000020ed  memalign                       
00003501  memccpy                        
000034a9  memchr                         
00002601  memcpy                         
000028d5  memset                         
200007c4  parmbuf                        
00002bd9  printf                         
00002735  putc                           
200007cc  rTask                          
000033b9  remove                         
00001fdd  scalbn                         
00001fdd  scalbnl                        
000023cd  setvbuf                        
0000354f  strchr                         
00003537  strcmp                         
00003565  strcpy                         
00003579  strlen                         
00003285  strncpy                        
000033b9  unlink                         
0000358d  wcslen                         
0000345d  write                          


GLOBAL SYMBOLS: SORTED BY Symbol Address 

address   name                           
-------   ----                           
00000000  __TI_static_base__             
00000000  interruptVectors               
000000e5  __TI_printfi                   
00000200  __STACK_SIZE                   
00000400  __SYSMEM_SIZE                  
00000b33  _nop                           
00000b35  SystemCoreClockUpdate          
00000dad  SystemInit                     
000010d9  Clock_Init48MHz                
000011ef  Clock_GetFreq                  
000011f5  delay                          
00001203  Clock_Delay1us                 
0000122d  Clock_Delay1ms                 
00001489  PWM_Init12                     
0000150d  PWM_Duty1                      
0000152d  PWM_Duty2                      
0000154d  PWM_Init34                     
000015d1  PWM_Duty3                      
000015f1  PWM_Duty4                      
00001649  __aeabi_dsub                   
00001653  __aeabi_dadd                   
000017ff  __aeabi_idiv0                  
000017ff  __aeabi_ldiv0                  
00001801  BumpInt_Init                   
0000187b  Bump_Read                      
000018d7  PORT4_IRQHandler               
000018d7  PORT4_IRQHandler               
000018ef  BumpTask                       
000019ad  Motor_Init                     
00001a29  Motor_Stop                     
00001a43  Motor_Forward                  
00001a73  Motor_Right                    
00001aa9  Motor_Left                     
00001adf  Motor_Backward                 
00001c6d  __aeabi_ddiv                   
00001ec9  fputs                          
00001fdd  ldexp                          
00001fdd  ldexpl                         
00001fdd  scalbn                         
00001fdd  scalbnl                        
000020ed  aligned_alloc                  
000020ed  memalign                       
000021ed  __aeabi_dmul                   
000022e9  free                           
000023cd  setvbuf                        
0000255d  MvtLED_Init                    
0000259b  Front_Lights_ON                
000025b1  Front_Lights_OFF               
000025c7  Back_Lights_ON                 
000025d3  Back_Lights_OFF                
00002601  __aeabi_memcpy                 
00002601  __aeabi_memcpy4                
00002601  __aeabi_memcpy8                
00002601  memcpy                         
0000269d  __aeabi_uldivmod               
00002735  fputc                          
00002735  putc                           
000027c1  __aeabi_cdcmpeq                
000027c1  __aeabi_cdcmple                
00002847  __aeabi_cdrcmple               
000028cd  __aeabi_memclr                 
000028cd  __aeabi_memclr4                
000028cd  __aeabi_memclr8                
000028cf  __aeabi_memset                 
000028cf  __aeabi_memset4                
000028cf  __aeabi_memset8                
000028d5  memset                         
00002949  __TI_closefile                 
00002a9d  HOSTrename                     
00002b09  HOSTlseek                      
00002b71  __TI_decompress_lzss           
00002bd9  printf                         
00002c41  frexp                          
00002c41  frexpl                         
00002ca5  fseek                          
00002d09  __TI_wrt_ok                    
00002d6d  HOSTopen                       
00002dcd  close                          
00002e29  HOSTread                       
00002e81  HOSTwrite                      
00002f2f  __TI_ltoa                      
00002fd5  __TI_doflush                   
00003021  atoi                           
0000306d  exit                           
000030b5  __aeabi_d2iz                   
000030fd  HOSTclose                      
00003141  HOSTunlink                     
00003185  __TI_auto_init_nobinit_nopinit 
000031c9  getdevice                      
0000324d  __TI_writemsg                  
0000327b  C$$IO$$                        
00003285  strncpy                        
000032bd  __TI_cleanup                   
000032f1  __TI_readmsg                   
00003325  _c_int00_noargs                
00003359  finddevice                     
00003389  __aeabi_i2d                    
000033b9  remove                         
000033b9  unlink                         
0000340d  lseek                          
00003435  main                           
0000345d  write                          
00003485  DisableInterrupts              
0000348b  EnableInterrupts               
00003491  StartCritical                  
0000349b  EndCritical                    
000034a3  WaitForInterrupt               
000034a9  memchr                         
000034c9  __TI_zero_init_nomemset        
00003501  memccpy                        
0000351d  copysign                       
0000351d  copysignl                      
00003537  strcmp                         
0000354f  strchr                         
00003565  strcpy                         
00003579  strlen                         
0000358d  wcslen                         
0000359f  __TI_decompress_none           
000035ad  Reset_Handler                  
000035b9  ADC14_IRQHandler               
000035b9  AES256_IRQHandler              
000035b9  BusFault_Handler               
000035b9  COMP_E0_IRQHandler             
000035b9  COMP_E1_IRQHandler             
000035b9  CS_IRQHandler                  
000035b9  DMA_ERR_IRQHandler             
000035b9  DMA_INT0_IRQHandler            
000035b9  DMA_INT1_IRQHandler            
000035b9  DMA_INT2_IRQHandler            
000035b9  DMA_INT3_IRQHandler            
000035b9  DebugMon_Handler               
000035b9  Default_Handler                
000035b9  EUSCIA0_IRQHandler             
000035b9  EUSCIA1_IRQHandler             
000035b9  EUSCIA2_IRQHandler             
000035b9  EUSCIA3_IRQHandler             
000035b9  EUSCIB0_IRQHandler             
000035b9  EUSCIB1_IRQHandler             
000035b9  EUSCIB2_IRQHandler             
000035b9  EUSCIB3_IRQHandler             
000035b9  FLCTL_IRQHandler               
000035b9  FPU_IRQHandler                 
000035b9  HardFault_Handler              
000035b9  MemManage_Handler              
000035b9  NMI_Handler                    
000035b9  PCM_IRQHandler                 
000035b9  PORT1_IRQHandler               
000035b9  PORT2_IRQHandler               
000035b9  PORT3_IRQHandler               
000035b9  PORT5_IRQHandler               
000035b9  PORT6_IRQHandler               
000035b9  PSS_IRQHandler                 
000035b9  PendSV_Handler                 
000035b9  RTC_C_IRQHandler               
000035b9  SVC_Handler                    
000035b9  SysTick_Handler                
000035b9  T32_INT1_IRQHandler            
000035b9  T32_INT2_IRQHandler            
000035b9  T32_INTC_IRQHandler            
000035b9  TA0_0_IRQHandler               
000035b9  TA0_N_IRQHandler               
000035b9  TA1_0_IRQHandler               
000035b9  TA1_N_IRQHandler               
000035b9  TA2_0_IRQHandler               
000035b9  TA2_N_IRQHandler               
000035b9  TA3_0_IRQHandler               
000035b9  TA3_N_IRQHandler               
000035b9  UsageFault_Handler             
000035b9  WDT_A_IRQHandler               
000035bd  __aeabi_errno_addr             
000035c5  malloc                         
000035d5  _system_pre_init               
000035d9  C$$EXIT                        
000035d9  abort                          
000035dc  _ctypes_                       
00003750  __TI_Handler_Table_Base        
0000375c  __TI_Handler_Table_Limit       
00003768  __TI_CINIT_Base                
00003778  __TI_CINIT_Limit               
20000000  __start___llvm_prf_cnts        
20000000  __stop___llvm_prf_cnts         
20000000  _sys_memory                    
20000400  _ftable                        
200004f0  _device                        
20000568  _stream                        
200005b8  ClockFrequency                 
200005bc  Prewait                        
200005c0  CPMwait                        
200005c4  Postwait                       
200005c8  IFlags                         
200005cc  Crystalstable                  
200005d0  __TI_ft_end                    
200005d4  __aeabi_stdin                  
200005d8  __aeabi_stdout                 
200005dc  __aeabi_stderr                 
200005e0  __TI_cleanup_ptr               
200005e4  __TI_dtors_ptr                 
200005e8  __TI_enable_exit_profile_output
200005ec  _lock                          
200005f0  _unlock                        
200005fc  errno                          
20000600  SystemCoreClock                
20000604  __CIOBUF_                      
20000724  __TI_tmpnams                   
200007c4  parmbuf                        
200007cc  rTask                          
2000fe00  __stack                        
20010000  __STACK_END                    
4000480c  WDTCTL_SYM                     
ffffffff  __TI_pprof_out_hndl            
ffffffff  __TI_prof_data_size            
ffffffff  __TI_prof_data_start           
ffffffff  __binit__                      
ffffffff  __c_args__                     
ffffffff  binit                          
UNDEFED   __mpu_init                     
UNDEFED   _system_post_cinit             

[217 symbols]
