<?xml version="1.0" encoding="ISO-8859-1" ?>
<link_info>
   <banner>TI ARM Linker PC v20.2.7.LTS</banner>
   <copyright>Copyright (c) 1996-2018 Texas Instruments Incorporated</copyright>
   <link_time>0x69c49ea8</link_time>
   <link_errors>0x0</link_errors>
   <output_file>Lab 8.out</output_file>
   <entry_point>
      <name>_c_int00_noargs</name>
      <address>0x54c9</address>
   </entry_point>
   <input_file_list>
      <input_file id="fl-2">
         <path>.\</path>
         <kind>object</kind>
         <file>ADC14.obj</file>
         <name>ADC14.obj</name>
      </input_file>
      <input_file id="fl-3">
         <path>.\</path>
         <kind>object</kind>
         <file>AP.obj</file>
         <name>AP.obj</name>
      </input_file>
      <input_file id="fl-4">
         <path>.\</path>
         <kind>object</kind>
         <file>BumpInt.obj</file>
         <name>BumpInt.obj</name>
      </input_file>
      <input_file id="fl-5">
         <path>.\</path>
         <kind>object</kind>
         <file>Clock.obj</file>
         <name>Clock.obj</name>
      </input_file>
      <input_file id="fl-6">
         <path>.\</path>
         <kind>object</kind>
         <file>CortexM.obj</file>
         <name>CortexM.obj</name>
      </input_file>
      <input_file id="fl-7">
         <path>.\</path>
         <kind>object</kind>
         <file>GPIO.obj</file>
         <name>GPIO.obj</name>
      </input_file>
      <input_file id="fl-8">
         <path>.\</path>
         <kind>object</kind>
         <file>Motor.obj</file>
         <name>Motor.obj</name>
      </input_file>
      <input_file id="fl-9">
         <path>.\</path>
         <kind>object</kind>
         <file>PWM.obj</file>
         <name>PWM.obj</name>
      </input_file>
      <input_file id="fl-a">
         <path>.\</path>
         <kind>object</kind>
         <file>Reflectance.obj</file>
         <name>Reflectance.obj</name>
      </input_file>
      <input_file id="fl-b">
         <path>.\</path>
         <kind>object</kind>
         <file>RobotLights.obj</file>
         <name>RobotLights.obj</name>
      </input_file>
      <input_file id="fl-c">
         <path>C:\Users\anicolazzo\Documents\GitHub\Robotics443Spring2026\Lab 8\</path>
         <kind>object</kind>
         <file>UART0.obj</file>
         <name>UART0.obj</name>
      </input_file>
      <input_file id="fl-d">
         <path>.\</path>
         <kind>object</kind>
         <file>UART1.obj</file>
         <name>UART1.obj</name>
      </input_file>
      <input_file id="fl-e">
         <path>.\</path>
         <kind>object</kind>
         <file>main.obj</file>
         <name>main.obj</name>
      </input_file>
      <input_file id="fl-f">
         <path>.\</path>
         <kind>object</kind>
         <file>startup_msp432p401r_ccs.obj</file>
         <name>startup_msp432p401r_ccs.obj</name>
      </input_file>
      <input_file id="fl-10">
         <path>.\</path>
         <kind>object</kind>
         <file>system_msp432p401r.obj</file>
         <name>system_msp432p401r.obj</name>
      </input_file>
      <input_file id="fl-14">
         <kind>object</kind>
         <file>&lt;internal&gt;</file>
         <name>&lt;internal&gt;</name>
      </input_file>
      <input_file id="fl-ca">
         <path>C:\ti\ccs1281\ccs\tools\compiler\ti-cgt-arm_20.2.7.LTS\lib\</path>
         <kind>archive</kind>
         <file>rtsv7M4_T_le_v4SPD16_eabi.lib</file>
         <name>printf.c.obj</name>
      </input_file>
      <input_file id="fl-cb">
         <path>C:\ti\ccs1281\ccs\tools\compiler\ti-cgt-arm_20.2.7.LTS\lib\</path>
         <kind>archive</kind>
         <file>rtsv7M4_T_le_v4SPD16_eabi.lib</file>
         <name>_printfi.c.obj</name>
      </input_file>
      <input_file id="fl-cc">
         <path>C:\ti\ccs1281\ccs\tools\compiler\ti-cgt-arm_20.2.7.LTS\lib\</path>
         <kind>archive</kind>
         <file>rtsv7M4_T_le_v4SPD16_eabi.lib</file>
         <name>fopen.c.obj</name>
      </input_file>
      <input_file id="fl-cd">
         <path>C:\ti\ccs1281\ccs\tools\compiler\ti-cgt-arm_20.2.7.LTS\lib\</path>
         <kind>archive</kind>
         <file>rtsv7M4_T_le_v4SPD16_eabi.lib</file>
         <name>fputc.c.obj</name>
      </input_file>
      <input_file id="fl-ce">
         <path>C:\ti\ccs1281\ccs\tools\compiler\ti-cgt-arm_20.2.7.LTS\lib\</path>
         <kind>archive</kind>
         <file>rtsv7M4_T_le_v4SPD16_eabi.lib</file>
         <name>fputs.c.obj</name>
      </input_file>
      <input_file id="fl-cf">
         <path>C:\ti\ccs1281\ccs\tools\compiler\ti-cgt-arm_20.2.7.LTS\lib\</path>
         <kind>archive</kind>
         <file>rtsv7M4_T_le_v4SPD16_eabi.lib</file>
         <name>_io_perm.c.obj</name>
      </input_file>
      <input_file id="fl-d0">
         <path>C:\ti\ccs1281\ccs\tools\compiler\ti-cgt-arm_20.2.7.LTS\lib\</path>
         <kind>archive</kind>
         <file>rtsv7M4_T_le_v4SPD16_eabi.lib</file>
         <name>setvbuf.c.obj</name>
      </input_file>
      <input_file id="fl-d1">
         <path>C:\ti\ccs1281\ccs\tools\compiler\ti-cgt-arm_20.2.7.LTS\lib\</path>
         <kind>archive</kind>
         <file>rtsv7M4_T_le_v4SPD16_eabi.lib</file>
         <name>fd_add_t2.asm.obj</name>
      </input_file>
      <input_file id="fl-d2">
         <path>C:\ti\ccs1281\ccs\tools\compiler\ti-cgt-arm_20.2.7.LTS\lib\</path>
         <kind>archive</kind>
         <file>rtsv7M4_T_le_v4SPD16_eabi.lib</file>
         <name>fd_cmp_t2.asm.obj</name>
      </input_file>
      <input_file id="fl-d3">
         <path>C:\ti\ccs1281\ccs\tools\compiler\ti-cgt-arm_20.2.7.LTS\lib\</path>
         <kind>archive</kind>
         <file>rtsv7M4_T_le_v4SPD16_eabi.lib</file>
         <name>fd_div_t2.asm.obj</name>
      </input_file>
      <input_file id="fl-d4">
         <path>C:\ti\ccs1281\ccs\tools\compiler\ti-cgt-arm_20.2.7.LTS\lib\</path>
         <kind>archive</kind>
         <file>rtsv7M4_T_le_v4SPD16_eabi.lib</file>
         <name>fd_mul_t2.asm.obj</name>
      </input_file>
      <input_file id="fl-d5">
         <path>C:\ti\ccs1281\ccs\tools\compiler\ti-cgt-arm_20.2.7.LTS\lib\</path>
         <kind>archive</kind>
         <file>rtsv7M4_T_le_v4SPD16_eabi.lib</file>
         <name>fd_toi_t2.asm.obj</name>
      </input_file>
      <input_file id="fl-d6">
         <path>C:\ti\ccs1281\ccs\tools\compiler\ti-cgt-arm_20.2.7.LTS\lib\</path>
         <kind>archive</kind>
         <file>rtsv7M4_T_le_v4SPD16_eabi.lib</file>
         <name>i_tofd_t2.asm.obj</name>
      </input_file>
      <input_file id="fl-d7">
         <path>C:\ti\ccs1281\ccs\tools\compiler\ti-cgt-arm_20.2.7.LTS\lib\</path>
         <kind>archive</kind>
         <file>rtsv7M4_T_le_v4SPD16_eabi.lib</file>
         <name>memcpy_t2.asm.obj</name>
      </input_file>
      <input_file id="fl-d8">
         <path>C:\ti\ccs1281\ccs\tools\compiler\ti-cgt-arm_20.2.7.LTS\lib\</path>
         <kind>archive</kind>
         <file>rtsv7M4_T_le_v4SPD16_eabi.lib</file>
         <name>memset_t2.asm.obj</name>
      </input_file>
      <input_file id="fl-d9">
         <path>C:\ti\ccs1281\ccs\tools\compiler\ti-cgt-arm_20.2.7.LTS\lib\</path>
         <kind>archive</kind>
         <file>rtsv7M4_T_le_v4SPD16_eabi.lib</file>
         <name>ull_div_t2.asm.obj</name>
      </input_file>
      <input_file id="fl-da">
         <path>C:\ti\ccs1281\ccs\tools\compiler\ti-cgt-arm_20.2.7.LTS\lib\</path>
         <kind>archive</kind>
         <file>rtsv7M4_T_le_v4SPD16_eabi.lib</file>
         <name>copy_zero_init.c.obj</name>
      </input_file>
      <input_file id="fl-db">
         <path>C:\ti\ccs1281\ccs\tools\compiler\ti-cgt-arm_20.2.7.LTS\lib\</path>
         <kind>archive</kind>
         <file>rtsv7M4_T_le_v4SPD16_eabi.lib</file>
         <name>copy_decompress_none.c.obj</name>
      </input_file>
      <input_file id="fl-dc">
         <path>C:\ti\ccs1281\ccs\tools\compiler\ti-cgt-arm_20.2.7.LTS\lib\</path>
         <kind>archive</kind>
         <file>rtsv7M4_T_le_v4SPD16_eabi.lib</file>
         <name>copy_decompress_lzss.c.obj</name>
      </input_file>
      <input_file id="fl-dd">
         <path>C:\ti\ccs1281\ccs\tools\compiler\ti-cgt-arm_20.2.7.LTS\lib\</path>
         <kind>archive</kind>
         <file>rtsv7M4_T_le_v4SPD16_eabi.lib</file>
         <name>exit.c.obj</name>
      </input_file>
      <input_file id="fl-de">
         <path>C:\ti\ccs1281\ccs\tools\compiler\ti-cgt-arm_20.2.7.LTS\lib\</path>
         <kind>archive</kind>
         <file>rtsv7M4_T_le_v4SPD16_eabi.lib</file>
         <name>_lock.c.obj</name>
      </input_file>
      <input_file id="fl-df">
         <path>C:\ti\ccs1281\ccs\tools\compiler\ti-cgt-arm_20.2.7.LTS\lib\</path>
         <kind>archive</kind>
         <file>rtsv7M4_T_le_v4SPD16_eabi.lib</file>
         <name>_ltoa.c.obj</name>
      </input_file>
      <input_file id="fl-e0">
         <path>C:\ti\ccs1281\ccs\tools\compiler\ti-cgt-arm_20.2.7.LTS\lib\</path>
         <kind>archive</kind>
         <file>rtsv7M4_T_le_v4SPD16_eabi.lib</file>
         <name>atoi.c.obj</name>
      </input_file>
      <input_file id="fl-e1">
         <path>C:\ti\ccs1281\ccs\tools\compiler\ti-cgt-arm_20.2.7.LTS\lib\</path>
         <kind>archive</kind>
         <file>rtsv7M4_T_le_v4SPD16_eabi.lib</file>
         <name>ctype.c.obj</name>
      </input_file>
      <input_file id="fl-e2">
         <path>C:\ti\ccs1281\ccs\tools\compiler\ti-cgt-arm_20.2.7.LTS\lib\</path>
         <kind>archive</kind>
         <file>rtsv7M4_T_le_v4SPD16_eabi.lib</file>
         <name>defs.c.obj</name>
      </input_file>
      <input_file id="fl-e3">
         <path>C:\ti\ccs1281\ccs\tools\compiler\ti-cgt-arm_20.2.7.LTS\lib\</path>
         <kind>archive</kind>
         <file>rtsv7M4_T_le_v4SPD16_eabi.lib</file>
         <name>memccpy.c.obj</name>
      </input_file>
      <input_file id="fl-e4">
         <path>C:\ti\ccs1281\ccs\tools\compiler\ti-cgt-arm_20.2.7.LTS\lib\</path>
         <kind>archive</kind>
         <file>rtsv7M4_T_le_v4SPD16_eabi.lib</file>
         <name>memchr.c.obj</name>
      </input_file>
      <input_file id="fl-e5">
         <path>C:\ti\ccs1281\ccs\tools\compiler\ti-cgt-arm_20.2.7.LTS\lib\</path>
         <kind>archive</kind>
         <file>rtsv7M4_T_le_v4SPD16_eabi.lib</file>
         <name>memory.c.obj</name>
      </input_file>
      <input_file id="fl-e6">
         <path>C:\ti\ccs1281\ccs\tools\compiler\ti-cgt-arm_20.2.7.LTS\lib\</path>
         <kind>archive</kind>
         <file>rtsv7M4_T_le_v4SPD16_eabi.lib</file>
         <name>strchr.c.obj</name>
      </input_file>
      <input_file id="fl-e7">
         <path>C:\ti\ccs1281\ccs\tools\compiler\ti-cgt-arm_20.2.7.LTS\lib\</path>
         <kind>archive</kind>
         <file>rtsv7M4_T_le_v4SPD16_eabi.lib</file>
         <name>strlen.c.obj</name>
      </input_file>
      <input_file id="fl-e8">
         <path>C:\ti\ccs1281\ccs\tools\compiler\ti-cgt-arm_20.2.7.LTS\lib\</path>
         <kind>archive</kind>
         <file>rtsv7M4_T_le_v4SPD16_eabi.lib</file>
         <name>boot_cortex_m.c.obj</name>
      </input_file>
      <input_file id="fl-e9">
         <path>C:\ti\ccs1281\ccs\tools\compiler\ti-cgt-arm_20.2.7.LTS\lib\</path>
         <kind>archive</kind>
         <file>rtsv7M4_T_le_v4SPD16_eabi.lib</file>
         <name>write.c.obj</name>
      </input_file>
      <input_file id="fl-ea">
         <path>C:\ti\ccs1281\ccs\tools\compiler\ti-cgt-arm_20.2.7.LTS\lib\</path>
         <kind>archive</kind>
         <file>rtsv7M4_T_le_v4SPD16_eabi.lib</file>
         <name>host_device.c.obj</name>
      </input_file>
      <input_file id="fl-eb">
         <path>C:\ti\ccs1281\ccs\tools\compiler\ti-cgt-arm_20.2.7.LTS\lib\</path>
         <kind>archive</kind>
         <file>rtsv7M4_T_le_v4SPD16_eabi.lib</file>
         <name>open.c.obj</name>
      </input_file>
      <input_file id="fl-ec">
         <path>C:\ti\ccs1281\ccs\tools\compiler\ti-cgt-arm_20.2.7.LTS\lib\</path>
         <kind>archive</kind>
         <file>rtsv7M4_T_le_v4SPD16_eabi.lib</file>
         <name>add_device.c.obj</name>
      </input_file>
      <input_file id="fl-ed">
         <path>C:\ti\ccs1281\ccs\tools\compiler\ti-cgt-arm_20.2.7.LTS\lib\</path>
         <kind>archive</kind>
         <file>rtsv7M4_T_le_v4SPD16_eabi.lib</file>
         <name>errno.c.obj</name>
      </input_file>
      <input_file id="fl-ee">
         <path>C:\ti\ccs1281\ccs\tools\compiler\ti-cgt-arm_20.2.7.LTS\lib\</path>
         <kind>archive</kind>
         <file>rtsv7M4_T_le_v4SPD16_eabi.lib</file>
         <name>wcslen.c.obj</name>
      </input_file>
      <input_file id="fl-ef">
         <path>C:\ti\ccs1281\ccs\tools\compiler\ti-cgt-arm_20.2.7.LTS\lib\</path>
         <kind>archive</kind>
         <file>rtsv7M4_T_le_v4SPD16_eabi.lib</file>
         <name>s_frexp.c.obj</name>
      </input_file>
      <input_file id="fl-f0">
         <path>C:\ti\ccs1281\ccs\tools\compiler\ti-cgt-arm_20.2.7.LTS\lib\</path>
         <kind>archive</kind>
         <file>rtsv7M4_T_le_v4SPD16_eabi.lib</file>
         <name>s_scalbn.c.obj</name>
      </input_file>
      <input_file id="fl-f1">
         <path>C:\ti\ccs1281\ccs\tools\compiler\ti-cgt-arm_20.2.7.LTS\lib\</path>
         <kind>archive</kind>
         <file>rtsv7M4_T_le_v4SPD16_eabi.lib</file>
         <name>fclose.c.obj</name>
      </input_file>
      <input_file id="fl-f2">
         <path>C:\ti\ccs1281\ccs\tools\compiler\ti-cgt-arm_20.2.7.LTS\lib\</path>
         <kind>archive</kind>
         <file>rtsv7M4_T_le_v4SPD16_eabi.lib</file>
         <name>fflush.c.obj</name>
      </input_file>
      <input_file id="fl-f3">
         <path>C:\ti\ccs1281\ccs\tools\compiler\ti-cgt-arm_20.2.7.LTS\lib\</path>
         <kind>archive</kind>
         <file>rtsv7M4_T_le_v4SPD16_eabi.lib</file>
         <name>fseek.c.obj</name>
      </input_file>
      <input_file id="fl-f4">
         <path>C:\ti\ccs1281\ccs\tools\compiler\ti-cgt-arm_20.2.7.LTS\lib\</path>
         <kind>archive</kind>
         <file>rtsv7M4_T_le_v4SPD16_eabi.lib</file>
         <name>getdevice.c.obj</name>
      </input_file>
      <input_file id="fl-f5">
         <path>C:\ti\ccs1281\ccs\tools\compiler\ti-cgt-arm_20.2.7.LTS\lib\</path>
         <kind>archive</kind>
         <file>rtsv7M4_T_le_v4SPD16_eabi.lib</file>
         <name>div0.asm.obj</name>
      </input_file>
      <input_file id="fl-f6">
         <path>C:\ti\ccs1281\ccs\tools\compiler\ti-cgt-arm_20.2.7.LTS\lib\</path>
         <kind>archive</kind>
         <file>rtsv7M4_T_le_v4SPD16_eabi.lib</file>
         <name>autoinit.c.obj</name>
      </input_file>
      <input_file id="fl-f7">
         <path>C:\ti\ccs1281\ccs\tools\compiler\ti-cgt-arm_20.2.7.LTS\lib\</path>
         <kind>archive</kind>
         <file>rtsv7M4_T_le_v4SPD16_eabi.lib</file>
         <name>pre_init.c.obj</name>
      </input_file>
      <input_file id="fl-f8">
         <path>C:\ti\ccs1281\ccs\tools\compiler\ti-cgt-arm_20.2.7.LTS\lib\</path>
         <kind>archive</kind>
         <file>rtsv7M4_T_le_v4SPD16_eabi.lib</file>
         <name>cpy_tbl.c.obj</name>
      </input_file>
      <input_file id="fl-f9">
         <path>C:\ti\ccs1281\ccs\tools\compiler\ti-cgt-arm_20.2.7.LTS\lib\</path>
         <kind>archive</kind>
         <file>rtsv7M4_T_le_v4SPD16_eabi.lib</file>
         <name>args_main.c.obj</name>
      </input_file>
      <input_file id="fl-fa">
         <path>C:\ti\ccs1281\ccs\tools\compiler\ti-cgt-arm_20.2.7.LTS\lib\</path>
         <kind>archive</kind>
         <file>rtsv7M4_T_le_v4SPD16_eabi.lib</file>
         <name>strcmp.c.obj</name>
      </input_file>
      <input_file id="fl-fb">
         <path>C:\ti\ccs1281\ccs\tools\compiler\ti-cgt-arm_20.2.7.LTS\lib\</path>
         <kind>archive</kind>
         <file>rtsv7M4_T_le_v4SPD16_eabi.lib</file>
         <name>strncpy.c.obj</name>
      </input_file>
      <input_file id="fl-fc">
         <path>C:\ti\ccs1281\ccs\tools\compiler\ti-cgt-arm_20.2.7.LTS\lib\</path>
         <kind>archive</kind>
         <file>rtsv7M4_T_le_v4SPD16_eabi.lib</file>
         <name>hostclose.c.obj</name>
      </input_file>
      <input_file id="fl-fd">
         <path>C:\ti\ccs1281\ccs\tools\compiler\ti-cgt-arm_20.2.7.LTS\lib\</path>
         <kind>archive</kind>
         <file>rtsv7M4_T_le_v4SPD16_eabi.lib</file>
         <name>hostlseek.c.obj</name>
      </input_file>
      <input_file id="fl-fe">
         <path>C:\ti\ccs1281\ccs\tools\compiler\ti-cgt-arm_20.2.7.LTS\lib\</path>
         <kind>archive</kind>
         <file>rtsv7M4_T_le_v4SPD16_eabi.lib</file>
         <name>hostopen.c.obj</name>
      </input_file>
      <input_file id="fl-ff">
         <path>C:\ti\ccs1281\ccs\tools\compiler\ti-cgt-arm_20.2.7.LTS\lib\</path>
         <kind>archive</kind>
         <file>rtsv7M4_T_le_v4SPD16_eabi.lib</file>
         <name>hostread.c.obj</name>
      </input_file>
      <input_file id="fl-100">
         <path>C:\ti\ccs1281\ccs\tools\compiler\ti-cgt-arm_20.2.7.LTS\lib\</path>
         <kind>archive</kind>
         <file>rtsv7M4_T_le_v4SPD16_eabi.lib</file>
         <name>hostrename.c.obj</name>
      </input_file>
      <input_file id="fl-101">
         <path>C:\ti\ccs1281\ccs\tools\compiler\ti-cgt-arm_20.2.7.LTS\lib\</path>
         <kind>archive</kind>
         <file>rtsv7M4_T_le_v4SPD16_eabi.lib</file>
         <name>hostunlink.c.obj</name>
      </input_file>
      <input_file id="fl-102">
         <path>C:\ti\ccs1281\ccs\tools\compiler\ti-cgt-arm_20.2.7.LTS\lib\</path>
         <kind>archive</kind>
         <file>rtsv7M4_T_le_v4SPD16_eabi.lib</file>
         <name>hostwrite.c.obj</name>
      </input_file>
      <input_file id="fl-103">
         <path>C:\ti\ccs1281\ccs\tools\compiler\ti-cgt-arm_20.2.7.LTS\lib\</path>
         <kind>archive</kind>
         <file>rtsv7M4_T_le_v4SPD16_eabi.lib</file>
         <name>trgmsg.c.obj</name>
      </input_file>
      <input_file id="fl-104">
         <path>C:\ti\ccs1281\ccs\tools\compiler\ti-cgt-arm_20.2.7.LTS\lib\</path>
         <kind>archive</kind>
         <file>rtsv7M4_T_le_v4SPD16_eabi.lib</file>
         <name>remove.c.obj</name>
      </input_file>
      <input_file id="fl-105">
         <path>C:\ti\ccs1281\ccs\tools\compiler\ti-cgt-arm_20.2.7.LTS\lib\</path>
         <kind>archive</kind>
         <file>rtsv7M4_T_le_v4SPD16_eabi.lib</file>
         <name>lseek.c.obj</name>
      </input_file>
      <input_file id="fl-106">
         <path>C:\ti\ccs1281\ccs\tools\compiler\ti-cgt-arm_20.2.7.LTS\lib\</path>
         <kind>archive</kind>
         <file>rtsv7M4_T_le_v4SPD16_eabi.lib</file>
         <name>close.c.obj</name>
      </input_file>
      <input_file id="fl-107">
         <path>C:\ti\ccs1281\ccs\tools\compiler\ti-cgt-arm_20.2.7.LTS\lib\</path>
         <kind>archive</kind>
         <file>rtsv7M4_T_le_v4SPD16_eabi.lib</file>
         <name>s_copysign.c.obj</name>
      </input_file>
      <input_file id="fl-108">
         <path>C:\ti\ccs1281\ccs\tools\compiler\ti-cgt-arm_20.2.7.LTS\lib\</path>
         <kind>archive</kind>
         <file>rtsv7M4_T_le_v4SPD16_eabi.lib</file>
         <name>strcpy.c.obj</name>
      </input_file>
      <input_file id="fl-109">
         <path>C:\ti\ccs1281\ccs\tools\compiler\ti-cgt-arm_20.2.7.LTS\lib\</path>
         <kind>archive</kind>
         <file>rtsv7M4_T_le_v4SPD16_eabi.lib</file>
         <name>unlink.c.obj</name>
      </input_file>
   </input_file_list>
   <object_component_list>
      <object_component id="oc-26">
         <name>.intvecs:retain</name>
         <load_address>0x0</load_address>
         <run_address>0x0</run_address>
         <size>0xe4</size>
         <input_file_ref idref="fl-f"/>
      </object_component>
      <object_component id="oc-116">
         <name>.text</name>
         <load_address>0xe4</load_address>
         <run_address>0xe4</run_address>
         <size>0xfc4</size>
         <input_file_ref idref="fl-3"/>
      </object_component>
      <object_component id="oc-17e">
         <name>.text:__TI_printfi</name>
         <load_address>0x10a8</load_address>
         <run_address>0x10a8</run_address>
         <size>0xa4e</size>
         <input_file_ref idref="fl-cb"/>
      </object_component>
      <object_component id="oc-260">
         <name>.text:_nop</name>
         <load_address>0x1af6</load_address>
         <run_address>0x1af6</run_address>
         <size>0x2</size>
         <input_file_ref idref="fl-de"/>
      </object_component>
      <object_component id="oc-1af">
         <name>.text</name>
         <load_address>0x1af8</load_address>
         <run_address>0x1af8</run_address>
         <size>0x6e0</size>
         <input_file_ref idref="fl-c"/>
      </object_component>
      <object_component id="oc-a6">
         <name>.text</name>
         <load_address>0x21d8</load_address>
         <run_address>0x21d8</run_address>
         <size>0x38c</size>
         <input_file_ref idref="fl-e"/>
      </object_component>
      <object_component id="oc-b8">
         <name>.text</name>
         <load_address>0x2564</load_address>
         <run_address>0x2564</run_address>
         <size>0x334</size>
         <input_file_ref idref="fl-10"/>
      </object_component>
      <object_component id="oc-76">
         <name>.text</name>
         <load_address>0x2898</load_address>
         <run_address>0x2898</run_address>
         <size>0x290</size>
         <input_file_ref idref="fl-4"/>
      </object_component>
      <object_component id="oc-23c">
         <name>.text:_pconv_a</name>
         <load_address>0x2b28</load_address>
         <run_address>0x2b28</run_address>
         <size>0x270</size>
         <input_file_ref idref="fl-cb"/>
      </object_component>
      <object_component id="oc-d1">
         <name>.text</name>
         <load_address>0x2d98</load_address>
         <run_address>0x2d98</run_address>
         <size>0x1e0</size>
         <input_file_ref idref="fl-5"/>
      </object_component>
      <object_component id="oc-22a">
         <name>.text:_pconv_g</name>
         <load_address>0x2f78</load_address>
         <run_address>0x2f78</run_address>
         <size>0x1d0</size>
         <input_file_ref idref="fl-cb"/>
      </object_component>
      <object_component id="oc-19d">
         <name>.text</name>
         <load_address>0x3148</load_address>
         <run_address>0x3148</run_address>
         <size>0x1c0</size>
         <input_file_ref idref="fl-9"/>
      </object_component>
      <object_component id="oc-319">
         <name>.text</name>
         <load_address>0x3308</load_address>
         <run_address>0x3308</run_address>
         <size>0x1b6</size>
         <input_file_ref idref="fl-d1"/>
      </object_component>
      <object_component id="oc-3f8">
         <name>.text</name>
         <load_address>0x34be</load_address>
         <run_address>0x34be</run_address>
         <size>0x2</size>
         <input_file_ref idref="fl-f5"/>
      </object_component>
      <object_component id="oc-70">
         <name>.text</name>
         <load_address>0x34c0</load_address>
         <run_address>0x34c0</run_address>
         <size>0x1a4</size>
         <input_file_ref idref="fl-d"/>
      </object_component>
      <object_component id="oc-dd">
         <name>.text</name>
         <load_address>0x3664</load_address>
         <run_address>0x3664</run_address>
         <size>0x19c</size>
         <input_file_ref idref="fl-8"/>
      </object_component>
      <object_component id="oc-236">
         <name>.text:_pconv_e</name>
         <load_address>0x3800</load_address>
         <run_address>0x3800</run_address>
         <size>0x13c</size>
         <input_file_ref idref="fl-cb"/>
      </object_component>
      <object_component id="oc-2ff">
         <name>.text</name>
         <load_address>0x393c</load_address>
         <run_address>0x393c</run_address>
         <size>0x136</size>
         <input_file_ref idref="fl-d3"/>
      </object_component>
      <object_component id="oc-32b">
         <name>.text:fcvt</name>
         <load_address>0x3a74</load_address>
         <run_address>0x3a74</run_address>
         <size>0x124</size>
         <input_file_ref idref="fl-cb"/>
      </object_component>
      <object_component id="oc-26e">
         <name>.text:fputs</name>
         <load_address>0x3b98</load_address>
         <run_address>0x3b98</run_address>
         <size>0x114</size>
         <input_file_ref idref="fl-ce"/>
      </object_component>
      <object_component id="oc-3b4">
         <name>.text:_openfile</name>
         <load_address>0x3cac</load_address>
         <run_address>0x3cac</run_address>
         <size>0x110</size>
         <input_file_ref idref="fl-cc"/>
      </object_component>
      <object_component id="oc-33f">
         <name>.text:scalbn</name>
         <load_address>0x3dbc</load_address>
         <run_address>0x3dbc</run_address>
         <size>0x110</size>
         <input_file_ref idref="fl-f0"/>
      </object_component>
      <object_component id="oc-4a7">
         <name>.text:aligned_alloc</name>
         <load_address>0x3ecc</load_address>
         <run_address>0x3ecc</run_address>
         <size>0x100</size>
         <input_file_ref idref="fl-e5"/>
      </object_component>
      <object_component id="oc-2fa">
         <name>.text</name>
         <load_address>0x3fcc</load_address>
         <run_address>0x3fcc</run_address>
         <size>0xfc</size>
         <input_file_ref idref="fl-d4"/>
      </object_component>
      <object_component id="oc-110">
         <name>.text</name>
         <load_address>0x40c8</load_address>
         <run_address>0x40c8</run_address>
         <size>0xf4</size>
         <input_file_ref idref="fl-2"/>
      </object_component>
      <object_component id="oc-3c7">
         <name>.text:free</name>
         <load_address>0x41bc</load_address>
         <run_address>0x41bc</run_address>
         <size>0xe4</size>
         <input_file_ref idref="fl-e5"/>
      </object_component>
      <object_component id="oc-29d">
         <name>.text:setvbuf</name>
         <load_address>0x42a0</load_address>
         <run_address>0x42a0</run_address>
         <size>0xdc</size>
         <input_file_ref idref="fl-d0"/>
      </object_component>
      <object_component id="oc-1a9">
         <name>.text</name>
         <load_address>0x437c</load_address>
         <run_address>0x437c</run_address>
         <size>0xc0</size>
         <input_file_ref idref="fl-7"/>
      </object_component>
      <object_component id="oc-480">
         <name>.text:open</name>
         <load_address>0x443c</load_address>
         <run_address>0x443c</run_address>
         <size>0xbc</size>
         <input_file_ref idref="fl-eb"/>
      </object_component>
      <object_component id="oc-28b">
         <name>.text:add_device</name>
         <load_address>0x44f8</load_address>
         <run_address>0x44f8</run_address>
         <size>0xb8</size>
         <input_file_ref idref="fl-ec"/>
      </object_component>
      <object_component id="oc-21f">
         <name>.text:_ltostr</name>
         <load_address>0x45b0</load_address>
         <run_address>0x45b0</run_address>
         <size>0xb1</size>
         <input_file_ref idref="fl-cb"/>
      </object_component>
      <object_component id="oc-e3">
         <name>.text</name>
         <load_address>0x4664</load_address>
         <run_address>0x4664</run_address>
         <size>0xa4</size>
         <input_file_ref idref="fl-b"/>
      </object_component>
      <object_component id="oc-291">
         <name>.text:fopen</name>
         <load_address>0x4708</load_address>
         <run_address>0x4708</run_address>
         <size>0x9c</size>
         <input_file_ref idref="fl-cc"/>
      </object_component>
      <object_component id="oc-3a">
         <name>.text</name>
         <load_address>0x47a4</load_address>
         <run_address>0x47a4</run_address>
         <size>0x9c</size>
         <input_file_ref idref="fl-d7"/>
      </object_component>
      <object_component id="oc-2f3">
         <name>.text</name>
         <load_address>0x4840</load_address>
         <run_address>0x4840</run_address>
         <size>0x96</size>
         <input_file_ref idref="fl-d9"/>
      </object_component>
      <object_component id="oc-275">
         <name>.text:fputc</name>
         <load_address>0x48d8</load_address>
         <run_address>0x48d8</run_address>
         <size>0x8c</size>
         <input_file_ref idref="fl-cd"/>
      </object_component>
      <object_component id="oc-225">
         <name>.text:__aeabi_cdcmple</name>
         <load_address>0x4964</load_address>
         <run_address>0x4964</run_address>
         <size>0x86</size>
         <input_file_ref idref="fl-d2"/>
      </object_component>
      <object_component id="oc-304">
         <name>.text:__aeabi_cdrcmple</name>
         <load_address>0x49ea</load_address>
         <run_address>0x49ea</run_address>
         <size>0x86</size>
         <input_file_ref idref="fl-d2"/>
      </object_component>
      <object_component id="oc-9a">
         <name>.text</name>
         <load_address>0x4a70</load_address>
         <run_address>0x4a70</run_address>
         <size>0x7a</size>
         <input_file_ref idref="fl-d8"/>
      </object_component>
      <object_component id="oc-3c0">
         <name>.text:__TI_closefile</name>
         <load_address>0x4aec</load_address>
         <run_address>0x4aec</run_address>
         <size>0x74</size>
         <input_file_ref idref="fl-f1"/>
      </object_component>
      <object_component id="oc-517">
         <name>.text:split</name>
         <load_address>0x4b60</load_address>
         <run_address>0x4b60</run_address>
         <size>0x70</size>
         <input_file_ref idref="fl-e5"/>
      </object_component>
      <object_component id="oc-324">
         <name>.text:_mcpy</name>
         <load_address>0x4bd0</load_address>
         <run_address>0x4bd0</run_address>
         <size>0x6e</size>
         <input_file_ref idref="fl-cb"/>
      </object_component>
      <object_component id="oc-470">
         <name>.text:HOSTrename</name>
         <load_address>0x4c40</load_address>
         <run_address>0x4c40</run_address>
         <size>0x6c</size>
         <input_file_ref idref="fl-100"/>
      </object_component>
      <object_component id="oc-464">
         <name>.text:HOSTlseek</name>
         <load_address>0x4cac</load_address>
         <run_address>0x4cac</run_address>
         <size>0x68</size>
         <input_file_ref idref="fl-fd"/>
      </object_component>
      <object_component id="oc-17">
         <name>.text:decompress:lzss:__TI_decompress_lzss</name>
         <load_address>0x4d14</load_address>
         <run_address>0x4d14</run_address>
         <size>0x68</size>
         <input_file_ref idref="fl-dc"/>
      </object_component>
      <object_component id="oc-d7">
         <name>.text:printf</name>
         <load_address>0x4d7c</load_address>
         <run_address>0x4d7c</run_address>
         <size>0x68</size>
         <input_file_ref idref="fl-ca"/>
      </object_component>
      <object_component id="oc-339">
         <name>.text:frexp</name>
         <load_address>0x4de4</load_address>
         <run_address>0x4de4</run_address>
         <size>0x64</size>
         <input_file_ref idref="fl-ef"/>
      </object_component>
      <object_component id="oc-42d">
         <name>.text:fseek</name>
         <load_address>0x4e48</load_address>
         <run_address>0x4e48</run_address>
         <size>0x64</size>
         <input_file_ref idref="fl-f3"/>
      </object_component>
      <object_component id="oc-370">
         <name>.text:__TI_wrt_ok</name>
         <load_address>0x4eac</load_address>
         <run_address>0x4eac</run_address>
         <size>0x62</size>
         <input_file_ref idref="fl-cf"/>
      </object_component>
      <object_component id="oc-44c">
         <name>.text:HOSTopen</name>
         <load_address>0x4f10</load_address>
         <run_address>0x4f10</run_address>
         <size>0x60</size>
         <input_file_ref idref="fl-fe"/>
      </object_component>
      <object_component id="oc-48b">
         <name>.text:close</name>
         <load_address>0x4f70</load_address>
         <run_address>0x4f70</run_address>
         <size>0x5c</size>
         <input_file_ref idref="fl-106"/>
      </object_component>
      <object_component id="oc-458">
         <name>.text:HOSTread</name>
         <load_address>0x4fcc</load_address>
         <run_address>0x4fcc</run_address>
         <size>0x58</size>
         <input_file_ref idref="fl-ff"/>
      </object_component>
      <object_component id="oc-45e">
         <name>.text:HOSTwrite</name>
         <load_address>0x5024</load_address>
         <run_address>0x5024</run_address>
         <size>0x58</size>
         <input_file_ref idref="fl-102"/>
      </object_component>
      <object_component id="oc-230">
         <name>.text:_pconv_f</name>
         <load_address>0x507c</load_address>
         <run_address>0x507c</run_address>
         <size>0x56</size>
         <input_file_ref idref="fl-cb"/>
      </object_component>
      <object_component id="oc-30e">
         <name>.text:__TI_ltoa</name>
         <load_address>0x50d2</load_address>
         <run_address>0x50d2</run_address>
         <size>0x54</size>
         <input_file_ref idref="fl-df"/>
      </object_component>
      <object_component id="oc-31e">
         <name>.text:_ecpy</name>
         <load_address>0x5126</load_address>
         <run_address>0x5126</run_address>
         <size>0x52</size>
         <input_file_ref idref="fl-cb"/>
      </object_component>
      <object_component id="oc-37c">
         <name>.text:__TI_doflush</name>
         <load_address>0x5178</load_address>
         <run_address>0x5178</run_address>
         <size>0x4c</size>
         <input_file_ref idref="fl-f2"/>
      </object_component>
      <object_component id="oc-219">
         <name>.text:atoi</name>
         <load_address>0x51c4</load_address>
         <run_address>0x51c4</run_address>
         <size>0x4c</size>
         <input_file_ref idref="fl-e0"/>
      </object_component>
      <object_component id="oc-12c">
         <name>.text:exit</name>
         <load_address>0x5210</load_address>
         <run_address>0x5210</run_address>
         <size>0x48</size>
         <input_file_ref idref="fl-dd"/>
      </object_component>
      <object_component id="oc-309">
         <name>.text</name>
         <load_address>0x5258</load_address>
         <run_address>0x5258</run_address>
         <size>0x48</size>
         <input_file_ref idref="fl-d5"/>
      </object_component>
      <object_component id="oc-452">
         <name>.text:HOSTclose</name>
         <load_address>0x52a0</load_address>
         <run_address>0x52a0</run_address>
         <size>0x44</size>
         <input_file_ref idref="fl-fc"/>
      </object_component>
      <object_component id="oc-46a">
         <name>.text:HOSTunlink</name>
         <load_address>0x52e4</load_address>
         <run_address>0x52e4</run_address>
         <size>0x44</size>
         <input_file_ref idref="fl-101"/>
      </object_component>
      <object_component id="oc-132">
         <name>.text:__TI_auto_init_nobinit_nopinit:__TI_auto_init_nobinit_nopinit</name>
         <load_address>0x5328</load_address>
         <run_address>0x5328</run_address>
         <size>0x44</size>
         <input_file_ref idref="fl-f6"/>
      </object_component>
      <object_component id="oc-503">
         <name>.text:getdevice</name>
         <load_address>0x536c</load_address>
         <run_address>0x536c</run_address>
         <size>0x44</size>
         <input_file_ref idref="fl-f4"/>
      </object_component>
      <object_component id="oc-331">
         <name>.text:_fcpy</name>
         <load_address>0x53b0</load_address>
         <run_address>0x53b0</run_address>
         <size>0x3e</size>
         <input_file_ref idref="fl-cb"/>
      </object_component>
      <object_component id="oc-4df">
         <name>.text:__TI_writemsg</name>
         <load_address>0x53f0</load_address>
         <run_address>0x53f0</run_address>
         <size>0x38</size>
         <input_file_ref idref="fl-103"/>
      </object_component>
      <object_component id="oc-3a8">
         <name>.text:strncpy</name>
         <load_address>0x5428</load_address>
         <run_address>0x5428</run_address>
         <size>0x36</size>
         <input_file_ref idref="fl-fb"/>
      </object_component>
      <object_component id="oc-3d3">
         <name>.text:__TI_cleanup</name>
         <load_address>0x5460</load_address>
         <run_address>0x5460</run_address>
         <size>0x34</size>
         <input_file_ref idref="fl-cc"/>
      </object_component>
      <object_component id="oc-4e5">
         <name>.text:__TI_readmsg</name>
         <load_address>0x5494</load_address>
         <run_address>0x5494</run_address>
         <size>0x34</size>
         <input_file_ref idref="fl-103"/>
      </object_component>
      <object_component id="oc-58">
         <name>.text:_c_int00_noargs:_c_int00_noargs</name>
         <load_address>0x54c8</load_address>
         <run_address>0x54c8</run_address>
         <size>0x34</size>
         <input_file_ref idref="fl-e8"/>
      </object_component>
      <object_component id="oc-297">
         <name>.text:freopen</name>
         <load_address>0x54fc</load_address>
         <run_address>0x54fc</run_address>
         <size>0x34</size>
         <input_file_ref idref="fl-cc"/>
      </object_component>
      <object_component id="oc-3a2">
         <name>.text:finddevice</name>
         <load_address>0x5530</load_address>
         <run_address>0x5530</run_address>
         <size>0x30</size>
         <input_file_ref idref="fl-f4"/>
      </object_component>
      <object_component id="oc-314">
         <name>.text</name>
         <load_address>0x5560</load_address>
         <run_address>0x5560</run_address>
         <size>0x2e</size>
         <input_file_ref idref="fl-d6"/>
      </object_component>
      <object_component id="oc-491">
         <name>.text:unlink</name>
         <load_address>0x5590</load_address>
         <run_address>0x5590</run_address>
         <size>0x2c</size>
         <input_file_ref idref="fl-109"/>
      </object_component>
      <object_component id="oc-4a0">
         <name>.text:free_list_insert</name>
         <load_address>0x55bc</load_address>
         <run_address>0x55bc</run_address>
         <size>0x28</size>
         <input_file_ref idref="fl-e5"/>
      </object_component>
      <object_component id="oc-4c2">
         <name>.text:lseek</name>
         <load_address>0x55e4</load_address>
         <run_address>0x55e4</run_address>
         <size>0x28</size>
         <input_file_ref idref="fl-105"/>
      </object_component>
      <object_component id="oc-382">
         <name>.text:write</name>
         <load_address>0x560c</load_address>
         <run_address>0x560c</run_address>
         <size>0x28</size>
         <input_file_ref idref="fl-e9"/>
      </object_component>
      <object_component id="oc-cb">
         <name>.text</name>
         <load_address>0x5634</load_address>
         <run_address>0x5634</run_address>
         <size>0x24</size>
         <input_file_ref idref="fl-6"/>
      </object_component>
      <object_component id="oc-376">
         <name>.text:memchr</name>
         <load_address>0x5658</load_address>
         <run_address>0x5658</run_address>
         <size>0x20</size>
         <input_file_ref idref="fl-e4"/>
      </object_component>
      <object_component id="oc-49a">
         <name>.text:free_list_remove</name>
         <load_address>0x5678</load_address>
         <run_address>0x5678</run_address>
         <size>0x1c</size>
         <input_file_ref idref="fl-e5"/>
      </object_component>
      <object_component id="oc-242">
         <name>.text:memccpy</name>
         <load_address>0x5694</load_address>
         <run_address>0x5694</run_address>
         <size>0x1c</size>
         <input_file_ref idref="fl-e3"/>
      </object_component>
      <object_component id="oc-411">
         <name>.text:copysign</name>
         <load_address>0x56b0</load_address>
         <run_address>0x56b0</run_address>
         <size>0x1a</size>
         <input_file_ref idref="fl-107"/>
      </object_component>
      <object_component id="oc-442">
         <name>.text:strcmp</name>
         <load_address>0x56ca</load_address>
         <run_address>0x56ca</run_address>
         <size>0x18</size>
         <input_file_ref idref="fl-fa"/>
      </object_component>
      <object_component id="oc-345">
         <name>.text:strchr</name>
         <load_address>0x56e2</load_address>
         <run_address>0x56e2</run_address>
         <size>0x16</size>
         <input_file_ref idref="fl-e6"/>
      </object_component>
      <object_component id="oc-4f9">
         <name>.text:strcpy</name>
         <load_address>0x56f8</load_address>
         <run_address>0x56f8</run_address>
         <size>0x14</size>
         <input_file_ref idref="fl-108"/>
      </object_component>
      <object_component id="oc-213">
         <name>.text:strlen</name>
         <load_address>0x570c</load_address>
         <run_address>0x570c</run_address>
         <size>0x14</size>
         <input_file_ref idref="fl-e7"/>
      </object_component>
      <object_component id="oc-248">
         <name>.text:wcslen</name>
         <load_address>0x5720</load_address>
         <run_address>0x5720</run_address>
         <size>0x12</size>
         <input_file_ref idref="fl-ee"/>
      </object_component>
      <object_component id="oc-1d">
         <name>.text:decompress:none:__TI_decompress_none</name>
         <load_address>0x5732</load_address>
         <run_address>0x5732</run_address>
         <size>0xe</size>
         <input_file_ref idref="fl-db"/>
      </object_component>
      <object_component id="oc-6a">
         <name>.text</name>
         <load_address>0x5740</load_address>
         <run_address>0x5740</run_address>
         <size>0xe</size>
         <input_file_ref idref="fl-f"/>
      </object_component>
      <object_component id="oc-4c">
         <name>.text:decompress:ZI:__TI_zero_init</name>
         <load_address>0x574e</load_address>
         <run_address>0x574e</run_address>
         <size>0xc</size>
         <input_file_ref idref="fl-da"/>
      </object_component>
      <object_component id="oc-24e">
         <name>.text:__aeabi_errno_addr</name>
         <load_address>0x575c</load_address>
         <run_address>0x575c</run_address>
         <size>0x8</size>
         <input_file_ref idref="fl-ed"/>
      </object_component>
      <object_component id="oc-3cd">
         <name>.text:malloc</name>
         <load_address>0x5764</load_address>
         <run_address>0x5764</run_address>
         <size>0x8</size>
         <input_file_ref idref="fl-e5"/>
      </object_component>
      <object_component id="oc-190">
         <name>.text:_outc</name>
         <load_address>0x576c</load_address>
         <run_address>0x576c</run_address>
         <size>0x4</size>
         <input_file_ref idref="fl-ca"/>
      </object_component>
      <object_component id="oc-18a">
         <name>.text:_outs</name>
         <load_address>0x5770</load_address>
         <run_address>0x5770</run_address>
         <size>0x4</size>
         <input_file_ref idref="fl-ca"/>
      </object_component>
      <object_component id="oc-a0">
         <name>.text:_system_pre_init</name>
         <load_address>0x5774</load_address>
         <run_address>0x5774</run_address>
         <size>0x4</size>
         <input_file_ref idref="fl-f7"/>
      </object_component>
      <object_component id="oc-126">
         <name>.text:abort:abort</name>
         <load_address>0x5778</load_address>
         <run_address>0x5778</run_address>
         <size>0x4</size>
         <input_file_ref idref="fl-dd"/>
      </object_component>
      <object_component id="oc-2ee">
         <name>.const:.string:_ctypes_</name>
         <load_address>0x577c</load_address>
         <run_address>0x577c</run_address>
         <size>0x101</size>
         <input_file_ref idref="fl-e1"/>
      </object_component>
      <object_component id="oc-1db">
         <name>.const:.string:NPI_StartAdvertisement</name>
         <load_address>0x587d</load_address>
         <run_address>0x587d</run_address>
         <size>0x14</size>
         <input_file_ref idref="fl-3"/>
      </object_component>
      <object_component id="oc-1d5">
         <name>.const:.string:NPI_SetAdvertisement1</name>
         <load_address>0x5891</load_address>
         <run_address>0x5891</run_address>
         <size>0x11</size>
         <input_file_ref idref="fl-3"/>
      </object_component>
      <object_component id="oc-1ba">
         <name>.const:.string:HCI_EXT_ResetSystemCmd</name>
         <load_address>0x58a2</load_address>
         <run_address>0x58a2</run_address>
         <size>0x9</size>
         <input_file_ref idref="fl-3"/>
      </object_component>
      <object_component id="oc-1de">
         <name>.const:.string:NPI_GetStatus</name>
         <load_address>0x58ab</load_address>
         <run_address>0x58ab</run_address>
         <size>0x6</size>
         <input_file_ref idref="fl-3"/>
      </object_component>
      <object_component id="oc-1e1">
         <name>.const:.string:NPI_GetVersion</name>
         <load_address>0x58b1</load_address>
         <run_address>0x58b1</run_address>
         <size>0x6</size>
         <input_file_ref idref="fl-3"/>
      </object_component>
      <object_component id="oc-1c2">
         <name>.const:.string:NPI_Register</name>
         <load_address>0x58b7</load_address>
         <run_address>0x58b7</run_address>
         <size>0x6</size>
         <input_file_ref idref="fl-3"/>
      </object_component>
      <object_component id="oc-57d">
         <name>.cinit..data.load</name>
         <load_address>0x58c0</load_address>
         <run_address>0x58c0</run_address>
         <size>0x11f</size>
      </object_component>
      <object_component id="oc-57b">
         <name>__TI_handler_table</name>
         <load_address>0x59e0</load_address>
         <run_address>0x59e0</run_address>
         <size>0xc</size>
      </object_component>
      <object_component id="oc-57e">
         <name>.cinit..bss.load</name>
         <load_address>0x59f0</load_address>
         <run_address>0x59f0</run_address>
         <size>0x8</size>
      </object_component>
      <object_component id="oc-57c">
         <name>__TI_cinit_table</name>
         <load_address>0x59f8</load_address>
         <run_address>0x59f8</run_address>
         <size>0x10</size>
      </object_component>
      <object_component id="oc-54f">
         <name>.binit</name>
         <load_address>0x0</load_address>
         <run_address>0x0</run_address>
         <size>0x0</size>
      </object_component>
      <object_component id="oc-1bf">
         <name>.data:NPI_AddService</name>
         <load_address>0x20000b04</load_address>
         <run_address>0x20000b04</run_address>
         <size>0x9</size>
         <input_file_ref idref="fl-3"/>
      </object_component>
      <object_component id="oc-1d2">
         <name>.data:NPI_GATTSetDeviceName</name>
         <load_address>0x20000a5d</load_address>
         <run_address>0x20000a5d</run_address>
         <size>0x1c</size>
         <input_file_ref idref="fl-3"/>
      </object_component>
      <object_component id="oc-1d8">
         <name>.data:NPI_SetAdvertisementData</name>
         <load_address>0x20000a18</load_address>
         <run_address>0x20000a18</run_address>
         <size>0x25</size>
         <input_file_ref idref="fl-3"/>
      </object_component>
      <object_component id="oc-1e7">
         <name>.data:NPI_ReadConfirmation</name>
         <load_address>0x20000a94</load_address>
         <run_address>0x20000a94</run_address>
         <size>0x15</size>
         <input_file_ref idref="fl-3"/>
      </object_component>
      <object_component id="oc-1e4">
         <name>.data:NPI_WriteConfirmation</name>
         <load_address>0x20000b16</load_address>
         <run_address>0x20000b16</run_address>
         <size>0x9</size>
         <input_file_ref idref="fl-3"/>
      </object_component>
      <object_component id="oc-1ea">
         <name>.data:NPI_CCCDUpdatedConfirmation</name>
         <load_address>0x20000b0d</load_address>
         <run_address>0x20000b0d</run_address>
         <size>0x9</size>
         <input_file_ref idref="fl-3"/>
      </object_component>
      <object_component id="oc-1cf">
         <name>.data:NPI_SendNotificationIndication</name>
         <load_address>0x20000ac1</load_address>
         <run_address>0x20000ac1</run_address>
         <size>0x14</size>
         <input_file_ref idref="fl-3"/>
      </object_component>
      <object_component id="oc-1c8">
         <name>.data:NPI_AddCharValue</name>
         <load_address>0x20000ae8</load_address>
         <run_address>0x20000ae8</run_address>
         <size>0xe</size>
         <input_file_ref idref="fl-3"/>
      </object_component>
      <object_component id="oc-1cb">
         <name>.data:NPI_AddCharDescriptor</name>
         <load_address>0x20000a3d</load_address>
         <run_address>0x20000a3d</run_address>
         <size>0x20</size>
         <input_file_ref idref="fl-3"/>
      </object_component>
      <object_component id="oc-1c5">
         <name>.data</name>
         <load_address>0x20000b30</load_address>
         <run_address>0x20000b30</run_address>
         <size>0x8</size>
         <input_file_ref idref="fl-3"/>
      </object_component>
      <object_component id="oc-17a">
         <name>.data</name>
         <load_address>0x20000a7c</load_address>
         <run_address>0x20000a7c</run_address>
         <size>0x18</size>
         <input_file_ref idref="fl-5"/>
      </object_component>
      <object_component id="oc-11c">
         <name>.data</name>
         <load_address>0x20000aac</load_address>
         <run_address>0x20000aac</run_address>
         <size>0x15</size>
         <input_file_ref idref="fl-e"/>
      </object_component>
      <object_component id="oc-164">
         <name>.data</name>
         <load_address>0x20000b48</load_address>
         <run_address>0x20000b48</run_address>
         <size>0x4</size>
         <input_file_ref idref="fl-10"/>
      </object_component>
      <object_component id="oc-3ba">
         <name>.data</name>
         <load_address>0x20000b40</load_address>
         <run_address>0x20000b40</run_address>
         <size>0x4</size>
         <input_file_ref idref="fl-cc"/>
      </object_component>
      <object_component id="oc-1f3">
         <name>.data:$O1$$</name>
         <load_address>0x20000af8</load_address>
         <run_address>0x20000af8</run_address>
         <size>0xc</size>
         <input_file_ref idref="fl-dd"/>
      </object_component>
      <object_component id="oc-184">
         <name>.data:$O1$$</name>
         <load_address>0x20000b20</load_address>
         <run_address>0x20000b20</run_address>
         <size>0x8</size>
         <input_file_ref idref="fl-de"/>
      </object_component>
      <object_component id="oc-187">
         <name>.data:_ftable</name>
         <load_address>0x20000860</load_address>
         <run_address>0x20000860</run_address>
         <size>0xf0</size>
         <input_file_ref idref="fl-e2"/>
      </object_component>
      <object_component id="oc-3bb">
         <name>.data</name>
         <load_address>0x20000ad8</load_address>
         <run_address>0x20000ad8</run_address>
         <size>0x10</size>
         <input_file_ref idref="fl-e2"/>
      </object_component>
      <object_component id="oc-512">
         <name>.data:$O1$$</name>
         <load_address>0x20000b28</load_address>
         <run_address>0x20000b28</run_address>
         <size>0x8</size>
         <input_file_ref idref="fl-e5"/>
      </object_component>
      <object_component id="oc-3af">
         <name>.data:_device</name>
         <load_address>0x20000950</load_address>
         <run_address>0x20000950</run_address>
         <size>0x78</size>
         <input_file_ref idref="fl-ea"/>
      </object_component>
      <object_component id="oc-439">
         <name>.data:_stream</name>
         <load_address>0x200009c8</load_address>
         <run_address>0x200009c8</run_address>
         <size>0x50</size>
         <input_file_ref idref="fl-ea"/>
      </object_component>
      <object_component id="oc-509">
         <name>.data</name>
         <load_address>0x20000b44</load_address>
         <run_address>0x20000b44</run_address>
         <size>0x4</size>
         <input_file_ref idref="fl-eb"/>
      </object_component>
      <object_component id="oc-3ae">
         <name>.data</name>
         <load_address>0x20000b38</load_address>
         <run_address>0x20000b38</run_address>
         <size>0x4</size>
         <input_file_ref idref="fl-ec"/>
      </object_component>
      <object_component id="oc-355">
         <name>.data</name>
         <load_address>0x20000b3c</load_address>
         <run_address>0x20000b3c</run_address>
         <size>0x4</size>
         <input_file_ref idref="fl-ed"/>
      </object_component>
      <object_component id="oc-524">
         <name>.bss:_CIOBUF_</name>
         <uninitialized>true</uninitialized>
         <run_address>0x20000000</run_address>
         <size>0x120</size>
         <input_file_ref idref="fl-103"/>
      </object_component>
      <object_component id="oc-1b9">
         <name>.common:RecvBuf</name>
         <uninitialized>true</uninitialized>
         <run_address>0x20000360</run_address>
         <size>0x80</size>
      </object_component>
      <object_component id="oc-1b5">
         <name>.common:fcserr</name>
         <uninitialized>true</uninitialized>
         <run_address>0x20000458</run_address>
         <size>0x4</size>
      </object_component>
      <object_component id="oc-1bd">
         <name>.common:TimeOutErr</name>
         <uninitialized>true</uninitialized>
         <run_address>0x20000454</run_address>
         <size>0x4</size>
      </object_component>
      <object_component id="oc-1b8">
         <name>.common:NoSOFErr</name>
         <uninitialized>true</uninitialized>
         <run_address>0x20000444</run_address>
         <size>0x4</size>
      </object_component>
      <object_component id="oc-1ce">
         <name>.common:CharacteristicList</name>
         <uninitialized>true</uninitialized>
         <run_address>0x20000220</run_address>
         <size>0xa0</size>
      </object_component>
      <object_component id="oc-1be">
         <name>.common:NotifyCharacteristicList</name>
         <uninitialized>true</uninitialized>
         <run_address>0x200003e0</run_address>
         <size>0x50</size>
      </object_component>
      <object_component id="oc-e9">
         <name>.common:rTask</name>
         <uninitialized>true</uninitialized>
         <run_address>0x2000045c</run_address>
         <size>0x4</size>
      </object_component>
      <object_component id="oc-28a">
         <name>.common:Messageindexb</name>
         <uninitialized>true</uninitialized>
         <run_address>0x20000440</run_address>
         <size>0x4</size>
      </object_component>
      <object_component id="oc-287">
         <name>.common:Messageb</name>
         <uninitialized>true</uninitialized>
         <run_address>0x20000430</run_address>
         <size>0x8</size>
      </object_component>
      <object_component id="oc-bf">
         <name>.common:RxPutI</name>
         <uninitialized>true</uninitialized>
         <run_address>0x20000450</run_address>
         <size>0x4</size>
      </object_component>
      <object_component id="oc-c2">
         <name>.common:RxGetI</name>
         <uninitialized>true</uninitialized>
         <run_address>0x2000044c</run_address>
         <size>0x4</size>
      </object_component>
      <object_component id="oc-c3">
         <name>.common:RxFifoLost</name>
         <uninitialized>true</uninitialized>
         <run_address>0x20000448</run_address>
         <size>0x4</size>
      </object_component>
      <object_component id="oc-c4">
         <name>.common:RxFIFO</name>
         <uninitialized>true</uninitialized>
         <run_address>0x20000120</run_address>
         <size>0x100</size>
      </object_component>
      <object_component id="oc-497">
         <name>.common:__TI_tmpnams</name>
         <uninitialized>true</uninitialized>
         <run_address>0x200002c0</run_address>
         <size>0xa0</size>
      </object_component>
      <object_component id="oc-4eb">
         <name>.common:parmbuf</name>
         <uninitialized>true</uninitialized>
         <run_address>0x20000438</run_address>
         <size>0x8</size>
      </object_component>
      <object_component id="oc-29">
         <name>.sysmem</name>
         <uninitialized>true</uninitialized>
         <run_address>0x20000460</run_address>
         <size>0x10</size>
         <input_file_ref idref="fl-e5"/>
      </object_component>
      <object_component id="oc-581">
         <name>.sysmem</name>
         <uninitialized>true</uninitialized>
         <run_address>0x20000460</run_address>
         <size>0x0</size>
      </object_component>
      <object_component id="oc-2c">
         <name>.stack</name>
         <uninitialized>true</uninitialized>
         <run_address>0x2000fe00</run_address>
         <size>0x4</size>
         <input_file_ref idref="fl-e8"/>
      </object_component>
      <object_component id="oc-580">
         <name>.stack</name>
         <uninitialized>true</uninitialized>
         <run_address>0x2000fe00</run_address>
         <size>0x0</size>
      </object_component>
      <object_component id="oc-1a7">
         <name>.debug_info</name>
         <load_address>0x0</load_address>
         <run_address>0x0</run_address>
         <size>0x54a</size>
         <input_file_ref idref="fl-2"/>
      </object_component>
      <object_component id="oc-111">
         <name>.debug_info</name>
         <load_address>0x54a</load_address>
         <run_address>0x54a</run_address>
         <size>0x1fb</size>
         <input_file_ref idref="fl-2"/>
      </object_component>
      <object_component id="oc-16a">
         <name>.debug_info</name>
         <load_address>0x745</load_address>
         <run_address>0x745</run_address>
         <size>0x37e2</size>
         <input_file_ref idref="fl-2"/>
      </object_component>
      <object_component id="oc-ef">
         <name>.debug_info</name>
         <load_address>0x3f27</load_address>
         <run_address>0x3f27</run_address>
         <size>0x26b</size>
         <input_file_ref idref="fl-2"/>
      </object_component>
      <object_component id="oc-16f">
         <name>.debug_info</name>
         <load_address>0x4192</load_address>
         <run_address>0x4192</run_address>
         <size>0x1055</size>
         <input_file_ref idref="fl-2"/>
      </object_component>
      <object_component id="oc-35">
         <name>.debug_info</name>
         <load_address>0x51e7</load_address>
         <run_address>0x51e7</run_address>
         <size>0x84</size>
         <input_file_ref idref="fl-2"/>
      </object_component>
      <object_component id="oc-174">
         <name>.debug_info</name>
         <load_address>0x526b</load_address>
         <run_address>0x526b</run_address>
         <size>0x2a4</size>
         <input_file_ref idref="fl-2"/>
      </object_component>
      <object_component id="oc-c6">
         <name>.debug_info</name>
         <load_address>0x550f</load_address>
         <run_address>0x550f</run_address>
         <size>0xbb</size>
         <input_file_ref idref="fl-2"/>
      </object_component>
      <object_component id="oc-1b6">
         <name>.debug_info</name>
         <load_address>0x55ca</load_address>
         <run_address>0x55ca</run_address>
         <size>0x9a9</size>
         <input_file_ref idref="fl-3"/>
      </object_component>
      <object_component id="oc-1bb">
         <name>.debug_info</name>
         <load_address>0x5f73</load_address>
         <run_address>0x5f73</run_address>
         <size>0x144</size>
         <input_file_ref idref="fl-3"/>
      </object_component>
      <object_component id="oc-1df">
         <name>.debug_info</name>
         <load_address>0x60b7</load_address>
         <run_address>0x60b7</run_address>
         <size>0x132</size>
         <input_file_ref idref="fl-3"/>
      </object_component>
      <object_component id="oc-1e2">
         <name>.debug_info</name>
         <load_address>0x61e9</load_address>
         <run_address>0x61e9</run_address>
         <size>0x134</size>
         <input_file_ref idref="fl-3"/>
      </object_component>
      <object_component id="oc-1c0">
         <name>.debug_info</name>
         <load_address>0x631d</load_address>
         <run_address>0x631d</run_address>
         <size>0x134</size>
         <input_file_ref idref="fl-3"/>
      </object_component>
      <object_component id="oc-1c3">
         <name>.debug_info</name>
         <load_address>0x6451</load_address>
         <run_address>0x6451</run_address>
         <size>0x130</size>
         <input_file_ref idref="fl-3"/>
      </object_component>
      <object_component id="oc-1d6">
         <name>.debug_info</name>
         <load_address>0x6581</load_address>
         <run_address>0x6581</run_address>
         <size>0x142</size>
         <input_file_ref idref="fl-3"/>
      </object_component>
      <object_component id="oc-1d3">
         <name>.debug_info</name>
         <load_address>0x66c3</load_address>
         <run_address>0x66c3</run_address>
         <size>0x142</size>
         <input_file_ref idref="fl-3"/>
      </object_component>
      <object_component id="oc-1d9">
         <name>.debug_info</name>
         <load_address>0x6805</load_address>
         <run_address>0x6805</run_address>
         <size>0x148</size>
         <input_file_ref idref="fl-3"/>
      </object_component>
      <object_component id="oc-1dc">
         <name>.debug_info</name>
         <load_address>0x694d</load_address>
         <run_address>0x694d</run_address>
         <size>0x144</size>
         <input_file_ref idref="fl-3"/>
      </object_component>
      <object_component id="oc-1e8">
         <name>.debug_info</name>
         <load_address>0x6a91</load_address>
         <run_address>0x6a91</run_address>
         <size>0x140</size>
         <input_file_ref idref="fl-3"/>
      </object_component>
      <object_component id="oc-1e5">
         <name>.debug_info</name>
         <load_address>0x6bd1</load_address>
         <run_address>0x6bd1</run_address>
         <size>0x142</size>
         <input_file_ref idref="fl-3"/>
      </object_component>
      <object_component id="oc-1eb">
         <name>.debug_info</name>
         <load_address>0x6d13</load_address>
         <run_address>0x6d13</run_address>
         <size>0x14e</size>
         <input_file_ref idref="fl-3"/>
      </object_component>
      <object_component id="oc-1d0">
         <name>.debug_info</name>
         <load_address>0x6e61</load_address>
         <run_address>0x6e61</run_address>
         <size>0x154</size>
         <input_file_ref idref="fl-3"/>
      </object_component>
      <object_component id="oc-1c9">
         <name>.debug_info</name>
         <load_address>0x6fb5</load_address>
         <run_address>0x6fb5</run_address>
         <size>0x138</size>
         <input_file_ref idref="fl-3"/>
      </object_component>
      <object_component id="oc-1cc">
         <name>.debug_info</name>
         <load_address>0x70ed</load_address>
         <run_address>0x70ed</run_address>
         <size>0x142</size>
         <input_file_ref idref="fl-3"/>
      </object_component>
      <object_component id="oc-1c6">
         <name>.debug_info</name>
         <load_address>0x722f</load_address>
         <run_address>0x722f</run_address>
         <size>0x183</size>
         <input_file_ref idref="fl-3"/>
      </object_component>
      <object_component id="oc-118">
         <name>.debug_info</name>
         <load_address>0x73b2</load_address>
         <run_address>0x73b2</run_address>
         <size>0x1f44</size>
         <input_file_ref idref="fl-3"/>
      </object_component>
      <object_component id="oc-2b0">
         <name>.debug_info</name>
         <load_address>0x92f6</load_address>
         <run_address>0x92f6</run_address>
         <size>0x155</size>
         <input_file_ref idref="fl-3"/>
      </object_component>
      <object_component id="oc-ea">
         <name>.debug_info</name>
         <load_address>0x944b</load_address>
         <run_address>0x944b</run_address>
         <size>0x774</size>
         <input_file_ref idref="fl-4"/>
      </object_component>
      <object_component id="oc-78">
         <name>.debug_info</name>
         <load_address>0x9bbf</load_address>
         <run_address>0x9bbf</run_address>
         <size>0x455</size>
         <input_file_ref idref="fl-4"/>
      </object_component>
      <object_component id="oc-39d">
         <name>.debug_info</name>
         <load_address>0xa014</load_address>
         <run_address>0xa014</run_address>
         <size>0xcc</size>
         <input_file_ref idref="fl-4"/>
      </object_component>
      <object_component id="oc-198">
         <name>.debug_info</name>
         <load_address>0xa0e0</load_address>
         <run_address>0xa0e0</run_address>
         <size>0x2c</size>
         <input_file_ref idref="fl-4"/>
      </object_component>
      <object_component id="oc-17b">
         <name>.debug_info</name>
         <load_address>0xa10c</load_address>
         <run_address>0xa10c</run_address>
         <size>0x1de</size>
         <input_file_ref idref="fl-5"/>
      </object_component>
      <object_component id="oc-d5">
         <name>.debug_info</name>
         <load_address>0xa2ea</load_address>
         <run_address>0xa2ea</run_address>
         <size>0x56e</size>
         <input_file_ref idref="fl-5"/>
      </object_component>
      <object_component id="oc-cc">
         <name>.debug_info</name>
         <load_address>0xa858</load_address>
         <run_address>0xa858</run_address>
         <size>0x285</size>
         <input_file_ref idref="fl-6"/>
      </object_component>
      <object_component id="oc-1ad">
         <name>.debug_info</name>
         <load_address>0xaadd</load_address>
         <run_address>0xaadd</run_address>
         <size>0x1d2</size>
         <input_file_ref idref="fl-7"/>
      </object_component>
      <object_component id="oc-de">
         <name>.debug_info</name>
         <load_address>0xacaf</load_address>
         <run_address>0xacaf</run_address>
         <size>0x5b5</size>
         <input_file_ref idref="fl-8"/>
      </object_component>
      <object_component id="oc-19f">
         <name>.debug_info</name>
         <load_address>0xb264</load_address>
         <run_address>0xb264</run_address>
         <size>0x3f6</size>
         <input_file_ref idref="fl-9"/>
      </object_component>
      <object_component id="oc-e4">
         <name>.debug_info</name>
         <load_address>0xb65a</load_address>
         <run_address>0xb65a</run_address>
         <size>0x2ad</size>
         <input_file_ref idref="fl-b"/>
      </object_component>
      <object_component id="oc-288">
         <name>.debug_info</name>
         <load_address>0xb907</load_address>
         <run_address>0xb907</run_address>
         <size>0x775</size>
         <input_file_ref idref="fl-c"/>
      </object_component>
      <object_component id="oc-1b0">
         <name>.debug_info</name>
         <load_address>0xc07c</load_address>
         <run_address>0xc07c</run_address>
         <size>0x1386</size>
         <input_file_ref idref="fl-c"/>
      </object_component>
      <object_component id="oc-38e">
         <name>.debug_info</name>
         <load_address>0xd402</load_address>
         <run_address>0xd402</run_address>
         <size>0x37e2</size>
         <input_file_ref idref="fl-c"/>
      </object_component>
      <object_component id="oc-398">
         <name>.debug_info</name>
         <load_address>0x10be4</load_address>
         <run_address>0x10be4</run_address>
         <size>0x26b</size>
         <input_file_ref idref="fl-c"/>
      </object_component>
      <object_component id="oc-393">
         <name>.debug_info</name>
         <load_address>0x10e4f</load_address>
         <run_address>0x10e4f</run_address>
         <size>0x1055</size>
         <input_file_ref idref="fl-c"/>
      </object_component>
      <object_component id="oc-3e0">
         <name>.debug_info</name>
         <load_address>0x11ea4</load_address>
         <run_address>0x11ea4</run_address>
         <size>0x297</size>
         <input_file_ref idref="fl-c"/>
      </object_component>
      <object_component id="oc-2a4">
         <name>.debug_info</name>
         <load_address>0x1213b</load_address>
         <run_address>0x1213b</run_address>
         <size>0xbb</size>
         <input_file_ref idref="fl-c"/>
      </object_component>
      <object_component id="oc-2a9">
         <name>.debug_info</name>
         <load_address>0x121f6</load_address>
         <run_address>0x121f6</run_address>
         <size>0x2c</size>
         <input_file_ref idref="fl-c"/>
      </object_component>
      <object_component id="oc-c0">
         <name>.debug_info</name>
         <load_address>0x12222</load_address>
         <run_address>0x12222</run_address>
         <size>0x613</size>
         <input_file_ref idref="fl-d"/>
      </object_component>
      <object_component id="oc-74">
         <name>.debug_info</name>
         <load_address>0x12835</load_address>
         <run_address>0x12835</run_address>
         <size>0x9fc</size>
         <input_file_ref idref="fl-d"/>
      </object_component>
      <object_component id="oc-125">
         <name>.debug_info</name>
         <load_address>0x13231</load_address>
         <run_address>0x13231</run_address>
         <size>0x988</size>
         <input_file_ref idref="fl-e"/>
      </object_component>
      <object_component id="oc-11d">
         <name>.debug_info</name>
         <load_address>0x13bb9</load_address>
         <run_address>0x13bb9</run_address>
         <size>0x275</size>
         <input_file_ref idref="fl-e"/>
      </object_component>
      <object_component id="oc-a7">
         <name>.debug_info</name>
         <load_address>0x13e2e</load_address>
         <run_address>0x13e2e</run_address>
         <size>0xf46</size>
         <input_file_ref idref="fl-e"/>
      </object_component>
      <object_component id="oc-120">
         <name>.debug_info</name>
         <load_address>0x14d74</load_address>
         <run_address>0x14d74</run_address>
         <size>0x8b</size>
         <input_file_ref idref="fl-e"/>
      </object_component>
      <object_component id="oc-7e">
         <name>.debug_info</name>
         <load_address>0x14dff</load_address>
         <run_address>0x14dff</run_address>
         <size>0x2e3</size>
         <input_file_ref idref="fl-f"/>
      </object_component>
      <object_component id="oc-27">
         <name>.debug_info</name>
         <load_address>0x150e2</load_address>
         <run_address>0x150e2</run_address>
         <size>0x10f</size>
         <input_file_ref idref="fl-f"/>
      </object_component>
      <object_component id="oc-6e">
         <name>.debug_info</name>
         <load_address>0x151f1</load_address>
         <run_address>0x151f1</run_address>
         <size>0x1d6</size>
         <input_file_ref idref="fl-f"/>
      </object_component>
      <object_component id="oc-165">
         <name>.debug_info</name>
         <load_address>0x153c7</load_address>
         <run_address>0x153c7</run_address>
         <size>0x108</size>
         <input_file_ref idref="fl-10"/>
      </object_component>
      <object_component id="oc-b9">
         <name>.debug_info</name>
         <load_address>0x154cf</load_address>
         <run_address>0x154cf</run_address>
         <size>0x27a</size>
         <input_file_ref idref="fl-10"/>
      </object_component>
      <object_component id="oc-197">
         <name>.debug_info</name>
         <load_address>0x15749</load_address>
         <run_address>0x15749</run_address>
         <size>0x3e5</size>
         <input_file_ref idref="fl-ca"/>
      </object_component>
      <object_component id="oc-194">
         <name>.debug_info</name>
         <load_address>0x15b2e</load_address>
         <run_address>0x15b2e</run_address>
         <size>0x157</size>
         <input_file_ref idref="fl-ca"/>
      </object_component>
      <object_component id="oc-18d">
         <name>.debug_info</name>
         <load_address>0x15c85</load_address>
         <run_address>0x15c85</run_address>
         <size>0x166</size>
         <input_file_ref idref="fl-ca"/>
      </object_component>
      <object_component id="oc-db">
         <name>.debug_info</name>
         <load_address>0x15deb</load_address>
         <run_address>0x15deb</run_address>
         <size>0x1ac</size>
         <input_file_ref idref="fl-ca"/>
      </object_component>
      <object_component id="oc-27e">
         <name>.debug_info</name>
         <load_address>0x15f97</load_address>
         <run_address>0x15f97</run_address>
         <size>0xb2</size>
         <input_file_ref idref="fl-ca"/>
      </object_component>
      <object_component id="oc-255">
         <name>.debug_info</name>
         <load_address>0x16049</load_address>
         <run_address>0x16049</run_address>
         <size>0x590</size>
         <input_file_ref idref="fl-cb"/>
      </object_component>
      <object_component id="oc-220">
         <name>.debug_info</name>
         <load_address>0x165d9</load_address>
         <run_address>0x165d9</run_address>
         <size>0x21e</size>
         <input_file_ref idref="fl-cb"/>
      </object_component>
      <object_component id="oc-31f">
         <name>.debug_info</name>
         <load_address>0x167f7</load_address>
         <run_address>0x167f7</run_address>
         <size>0x1b3</size>
         <input_file_ref idref="fl-cb"/>
      </object_component>
      <object_component id="oc-328">
         <name>.debug_info</name>
         <load_address>0x169aa</load_address>
         <run_address>0x169aa</run_address>
         <size>0x21b</size>
         <input_file_ref idref="fl-cb"/>
      </object_component>
      <object_component id="oc-22e">
         <name>.debug_info</name>
         <load_address>0x16bc5</load_address>
         <run_address>0x16bc5</run_address>
         <size>0x3c0</size>
         <input_file_ref idref="fl-cb"/>
      </object_component>
      <object_component id="oc-32f">
         <name>.debug_info</name>
         <load_address>0x16f85</load_address>
         <run_address>0x16f85</run_address>
         <size>0x30a</size>
         <input_file_ref idref="fl-cb"/>
      </object_component>
      <object_component id="oc-335">
         <name>.debug_info</name>
         <load_address>0x1728f</load_address>
         <run_address>0x1728f</run_address>
         <size>0x215</size>
         <input_file_ref idref="fl-cb"/>
      </object_component>
      <object_component id="oc-234">
         <name>.debug_info</name>
         <load_address>0x174a4</load_address>
         <run_address>0x174a4</run_address>
         <size>0x215</size>
         <input_file_ref idref="fl-cb"/>
      </object_component>
      <object_component id="oc-23a">
         <name>.debug_info</name>
         <load_address>0x176b9</load_address>
         <run_address>0x176b9</run_address>
         <size>0x304</size>
         <input_file_ref idref="fl-cb"/>
      </object_component>
      <object_component id="oc-240">
         <name>.debug_info</name>
         <load_address>0x179bd</load_address>
         <run_address>0x179bd</run_address>
         <size>0x4b5</size>
         <input_file_ref idref="fl-cb"/>
      </object_component>
      <object_component id="oc-182">
         <name>.debug_info</name>
         <load_address>0x17e72</load_address>
         <run_address>0x17e72</run_address>
         <size>0x5f4</size>
         <input_file_ref idref="fl-cb"/>
      </object_component>
      <object_component id="oc-256">
         <name>.debug_info</name>
         <load_address>0x18466</load_address>
         <run_address>0x18466</run_address>
         <size>0x86</size>
         <input_file_ref idref="fl-cb"/>
      </object_component>
      <object_component id="oc-361">
         <name>.debug_info</name>
         <load_address>0x184ec</load_address>
         <run_address>0x184ec</run_address>
         <size>0x39</size>
         <input_file_ref idref="fl-cb"/>
      </object_component>
      <object_component id="oc-428">
         <name>.debug_info</name>
         <load_address>0x18525</load_address>
         <run_address>0x18525</run_address>
         <size>0xb6</size>
         <input_file_ref idref="fl-cb"/>
      </object_component>
      <object_component id="oc-366">
         <name>.debug_info</name>
         <load_address>0x185db</load_address>
         <run_address>0x185db</run_address>
         <size>0x46</size>
         <input_file_ref idref="fl-cb"/>
      </object_component>
      <object_component id="oc-25b">
         <name>.debug_info</name>
         <load_address>0x18621</load_address>
         <run_address>0x18621</run_address>
         <size>0x46</size>
         <input_file_ref idref="fl-cb"/>
      </object_component>
      <object_component id="oc-35c">
         <name>.debug_info</name>
         <load_address>0x18667</load_address>
         <run_address>0x18667</run_address>
         <size>0x2c</size>
         <input_file_ref idref="fl-cb"/>
      </object_component>
      <object_component id="oc-3bf">
         <name>.debug_info</name>
         <load_address>0x18693</load_address>
         <run_address>0x18693</run_address>
         <size>0x3f5</size>
         <input_file_ref idref="fl-cc"/>
      </object_component>
      <object_component id="oc-3b8">
         <name>.debug_info</name>
         <load_address>0x18a88</load_address>
         <run_address>0x18a88</run_address>
         <size>0x20e</size>
         <input_file_ref idref="fl-cc"/>
      </object_component>
      <object_component id="oc-3d4">
         <name>.debug_info</name>
         <load_address>0x18c96</load_address>
         <run_address>0x18c96</run_address>
         <size>0x176</size>
         <input_file_ref idref="fl-cc"/>
      </object_component>
      <object_component id="oc-298">
         <name>.debug_info</name>
         <load_address>0x18e0c</load_address>
         <run_address>0x18e0c</run_address>
         <size>0x1e4</size>
         <input_file_ref idref="fl-cc"/>
      </object_component>
      <object_component id="oc-294">
         <name>.debug_info</name>
         <load_address>0x18ff0</load_address>
         <run_address>0x18ff0</run_address>
         <size>0x1cd</size>
         <input_file_ref idref="fl-cc"/>
      </object_component>
      <object_component id="oc-f6">
         <name>.debug_info</name>
         <load_address>0x191bd</load_address>
         <run_address>0x191bd</run_address>
         <size>0x2c</size>
         <input_file_ref idref="fl-cc"/>
      </object_component>
      <object_component id="oc-38b">
         <name>.debug_info</name>
         <load_address>0x191e9</load_address>
         <run_address>0x191e9</run_address>
         <size>0x383</size>
         <input_file_ref idref="fl-cd"/>
      </object_component>
      <object_component id="oc-276">
         <name>.debug_info</name>
         <load_address>0x1956c</load_address>
         <run_address>0x1956c</run_address>
         <size>0x1ea</size>
         <input_file_ref idref="fl-cd"/>
      </object_component>
      <object_component id="oc-389">
         <name>.debug_info</name>
         <load_address>0x19756</load_address>
         <run_address>0x19756</run_address>
         <size>0x3fc</size>
[...]
         <object_component_ref idref="oc-2fa"/>
      </symbol>
      <symbol id="sm-7a0">
         <name>__aeabi_d2iz</name>
         <value>0x5259</value>
         <object_component_ref idref="oc-309"/>
      </symbol>
      <symbol id="sm-7aa">
         <name>__aeabi_i2d</name>
         <value>0x5561</value>
         <object_component_ref idref="oc-314"/>
      </symbol>
      <symbol id="sm-7c5">
         <name>memcpy</name>
         <value>0x47a5</value>
         <object_component_ref idref="oc-3a"/>
      </symbol>
      <symbol id="sm-7c6">
         <name>__aeabi_memcpy</name>
         <value>0x47a5</value>
         <object_component_ref idref="oc-3a"/>
      </symbol>
      <symbol id="sm-7c7">
         <name>__aeabi_memcpy8</name>
         <value>0x47a5</value>
         <object_component_ref idref="oc-3a"/>
      </symbol>
      <symbol id="sm-7c8">
         <name>__aeabi_memcpy4</name>
         <value>0x47a5</value>
         <object_component_ref idref="oc-3a"/>
      </symbol>
      <symbol id="sm-7d7">
         <name>__aeabi_memset</name>
         <value>0x4a73</value>
         <object_component_ref idref="oc-9a"/>
      </symbol>
      <symbol id="sm-7d8">
         <name>memset</name>
         <value>0x4a79</value>
         <object_component_ref idref="oc-9a"/>
      </symbol>
      <symbol id="sm-7d9">
         <name>__aeabi_memset8</name>
         <value>0x4a73</value>
         <object_component_ref idref="oc-9a"/>
      </symbol>
      <symbol id="sm-7da">
         <name>__aeabi_memset4</name>
         <value>0x4a73</value>
         <object_component_ref idref="oc-9a"/>
      </symbol>
      <symbol id="sm-7db">
         <name>__aeabi_memclr8</name>
         <value>0x4a71</value>
         <object_component_ref idref="oc-9a"/>
      </symbol>
      <symbol id="sm-7dc">
         <name>__aeabi_memclr4</name>
         <value>0x4a71</value>
         <object_component_ref idref="oc-9a"/>
      </symbol>
      <symbol id="sm-7dd">
         <name>__aeabi_memclr</name>
         <value>0x4a71</value>
         <object_component_ref idref="oc-9a"/>
      </symbol>
      <symbol id="sm-7ea">
         <name>__aeabi_uldivmod</name>
         <value>0x4841</value>
         <object_component_ref idref="oc-2f3"/>
      </symbol>
      <symbol id="sm-7fc">
         <name>__TI_zero_init</name>
         <value>0x574f</value>
         <object_component_ref idref="oc-4c"/>
      </symbol>
      <symbol id="sm-813">
         <name>__TI_decompress_none</name>
         <value>0x5733</value>
         <object_component_ref idref="oc-1d"/>
      </symbol>
      <symbol id="sm-836">
         <name>__TI_decompress_lzss</name>
         <value>0x4d15</value>
         <object_component_ref idref="oc-17"/>
      </symbol>
      <symbol id="sm-85c">
         <name>C$$EXIT</name>
         <value>0x5779</value>
         <object_component_ref idref="oc-126"/>
      </symbol>
      <symbol id="sm-85d">
         <name>abort</name>
         <value>0x5779</value>
         <object_component_ref idref="oc-126"/>
      </symbol>
      <symbol id="sm-85e">
         <name>__TI_dtors_ptr</name>
         <value>0x20000afc</value>
         <object_component_ref idref="oc-1f3"/>
      </symbol>
      <symbol id="sm-85f">
         <name>__TI_cleanup_ptr</name>
         <value>0x20000af8</value>
         <object_component_ref idref="oc-1f3"/>
      </symbol>
      <symbol id="sm-860">
         <name>__TI_enable_exit_profile_output</name>
         <value>0x20000b00</value>
         <object_component_ref idref="oc-1f3"/>
      </symbol>
      <symbol id="sm-861">
         <name>exit</name>
         <value>0x5211</value>
         <object_component_ref idref="oc-12c"/>
      </symbol>
      <symbol id="sm-876">
         <name>_nop</name>
         <value>0x1af7</value>
         <object_component_ref idref="oc-260"/>
      </symbol>
      <symbol id="sm-877">
         <name>_lock</name>
         <value>0x20000b20</value>
         <object_component_ref idref="oc-184"/>
      </symbol>
      <symbol id="sm-878">
         <name>_unlock</name>
         <value>0x20000b24</value>
         <object_component_ref idref="oc-184"/>
      </symbol>
      <symbol id="sm-887">
         <name>__TI_ltoa</name>
         <value>0x50d3</value>
         <object_component_ref idref="oc-30e"/>
      </symbol>
      <symbol id="sm-89d">
         <name>atoi</name>
         <value>0x51c5</value>
         <object_component_ref idref="oc-219"/>
      </symbol>
      <symbol id="sm-8a8">
         <name>_ctypes_</name>
         <value>0x577c</value>
         <object_component_ref idref="oc-2ee"/>
      </symbol>
      <symbol id="sm-8bd">
         <name>__TI_tmpnams</name>
         <value>0x200002c0</value>
      </symbol>
      <symbol id="sm-8be">
         <name>__aeabi_stdout</name>
         <value>0x20000ae0</value>
         <object_component_ref idref="oc-3bb"/>
      </symbol>
      <symbol id="sm-8bf">
         <name>__aeabi_stderr</name>
         <value>0x20000ae4</value>
         <object_component_ref idref="oc-3bb"/>
      </symbol>
      <symbol id="sm-8c0">
         <name>__aeabi_stdin</name>
         <value>0x20000adc</value>
         <object_component_ref idref="oc-3bb"/>
      </symbol>
      <symbol id="sm-8c1">
         <name>_ftable</name>
         <value>0x20000860</value>
         <object_component_ref idref="oc-187"/>
      </symbol>
      <symbol id="sm-8c2">
         <name>__TI_ft_end</name>
         <value>0x20000ad8</value>
         <object_component_ref idref="oc-3bb"/>
      </symbol>
      <symbol id="sm-8d2">
         <name>memccpy</name>
         <value>0x5695</value>
         <object_component_ref idref="oc-242"/>
      </symbol>
      <symbol id="sm-8e2">
         <name>memchr</name>
         <value>0x5659</value>
         <object_component_ref idref="oc-376"/>
      </symbol>
      <symbol id="sm-966">
         <name>_sys_memory</name>
         <value>0x20000460</value>
         <object_component_ref idref="oc-29"/>
      </symbol>
      <symbol id="sm-967">
         <name>free</name>
         <value>0x41bd</value>
         <object_component_ref idref="oc-3c7"/>
      </symbol>
      <symbol id="sm-968">
         <name>memalign</name>
         <value>0x3ecd</value>
         <object_component_ref idref="oc-4a7"/>
      </symbol>
      <symbol id="sm-969">
         <name>malloc</name>
         <value>0x5765</value>
         <object_component_ref idref="oc-3cd"/>
      </symbol>
      <symbol id="sm-96a">
         <name>aligned_alloc</name>
         <value>0x3ecd</value>
         <object_component_ref idref="oc-4a7"/>
      </symbol>
      <symbol id="sm-97a">
         <name>strchr</name>
         <value>0x56e3</value>
         <object_component_ref idref="oc-345"/>
      </symbol>
      <symbol id="sm-988">
         <name>strlen</name>
         <value>0x570d</value>
         <object_component_ref idref="oc-213"/>
      </symbol>
      <symbol id="sm-99b">
         <name>__stack</name>
         <value>0x2000fe00</value>
         <object_component_ref idref="oc-2c"/>
      </symbol>
      <symbol id="sm-99c">
         <name>_c_int00_noargs</name>
         <value>0x54c9</value>
         <object_component_ref idref="oc-58"/>
      </symbol>
      <symbol id="sm-9b1">
         <name>write</name>
         <value>0x560d</value>
         <object_component_ref idref="oc-382"/>
      </symbol>
      <symbol id="sm-9c2">
         <name>_stream</name>
         <value>0x200009c8</value>
         <object_component_ref idref="oc-439"/>
      </symbol>
      <symbol id="sm-9c3">
         <name>_device</name>
         <value>0x20000950</value>
         <object_component_ref idref="oc-3af"/>
      </symbol>
      <symbol id="sm-9e0">
         <name>open</name>
         <value>0x443d</value>
         <object_component_ref idref="oc-480"/>
      </symbol>
      <symbol id="sm-a00">
         <name>add_device</name>
         <value>0x44f9</value>
         <object_component_ref idref="oc-28b"/>
      </symbol>
      <symbol id="sm-a16">
         <name>__aeabi_errno_addr</name>
         <value>0x575d</value>
         <object_component_ref idref="oc-24e"/>
      </symbol>
      <symbol id="sm-a17">
         <name>errno</name>
         <value>0x20000b3c</value>
         <object_component_ref idref="oc-355"/>
      </symbol>
      <symbol id="sm-a30">
         <name>wcslen</name>
         <value>0x5721</value>
         <object_component_ref idref="oc-248"/>
      </symbol>
      <symbol id="sm-a50">
         <name>frexpl</name>
         <value>0x4de5</value>
         <object_component_ref idref="oc-339"/>
      </symbol>
      <symbol id="sm-a51">
         <name>frexp</name>
         <value>0x4de5</value>
         <object_component_ref idref="oc-339"/>
      </symbol>
      <symbol id="sm-a6e">
         <name>scalbn</name>
         <value>0x3dbd</value>
         <object_component_ref idref="oc-33f"/>
      </symbol>
      <symbol id="sm-a6f">
         <name>scalbnl</name>
         <value>0x3dbd</value>
         <object_component_ref idref="oc-33f"/>
      </symbol>
      <symbol id="sm-a70">
         <name>ldexpl</name>
         <value>0x3dbd</value>
         <object_component_ref idref="oc-33f"/>
      </symbol>
      <symbol id="sm-a71">
         <name>ldexp</name>
         <value>0x3dbd</value>
         <object_component_ref idref="oc-33f"/>
      </symbol>
      <symbol id="sm-a86">
         <name>__TI_closefile</name>
         <value>0x4aed</value>
         <object_component_ref idref="oc-3c0"/>
      </symbol>
      <symbol id="sm-a96">
         <name>__TI_doflush</name>
         <value>0x5179</value>
         <object_component_ref idref="oc-37c"/>
      </symbol>
      <symbol id="sm-aa8">
         <name>fseek</name>
         <value>0x4e49</value>
         <object_component_ref idref="oc-42d"/>
      </symbol>
      <symbol id="sm-ac6">
         <name>finddevice</name>
         <value>0x5531</value>
         <object_component_ref idref="oc-3a2"/>
      </symbol>
      <symbol id="sm-ac7">
         <name>getdevice</name>
         <value>0x536d</value>
         <object_component_ref idref="oc-503"/>
      </symbol>
      <symbol id="sm-ad1">
         <name>__aeabi_idiv0</name>
         <value>0x34bf</value>
         <object_component_ref idref="oc-3f8"/>
      </symbol>
      <symbol id="sm-ad2">
         <name>__aeabi_ldiv0</name>
         <value>0x34bf</value>
         <object_component_ref idref="oc-3f8"/>
      </symbol>
      <symbol id="sm-afa">
         <name>__TI_auto_init_nobinit_nopinit</name>
         <value>0x5329</value>
         <object_component_ref idref="oc-132"/>
      </symbol>
      <symbol id="sm-b04">
         <name>_system_pre_init</name>
         <value>0x5775</value>
         <object_component_ref idref="oc-a0"/>
      </symbol>
      <symbol id="sm-b15">
         <name>strcmp</name>
         <value>0x56cb</value>
         <object_component_ref idref="oc-442"/>
      </symbol>
      <symbol id="sm-b25">
         <name>strncpy</name>
         <value>0x5429</value>
         <object_component_ref idref="oc-3a8"/>
      </symbol>
      <symbol id="sm-b36">
         <name>HOSTclose</name>
         <value>0x52a1</value>
         <object_component_ref idref="oc-452"/>
      </symbol>
      <symbol id="sm-b47">
         <name>HOSTlseek</name>
         <value>0x4cad</value>
         <object_component_ref idref="oc-464"/>
      </symbol>
      <symbol id="sm-b59">
         <name>parmbuf</name>
         <value>0x20000438</value>
      </symbol>
      <symbol id="sm-b5a">
         <name>HOSTopen</name>
         <value>0x4f11</value>
         <object_component_ref idref="oc-44c"/>
      </symbol>
      <symbol id="sm-b6b">
         <name>HOSTread</name>
         <value>0x4fcd</value>
         <object_component_ref idref="oc-458"/>
      </symbol>
      <symbol id="sm-b7c">
         <name>HOSTrename</name>
         <value>0x4c41</value>
         <object_component_ref idref="oc-470"/>
      </symbol>
      <symbol id="sm-b8d">
         <name>HOSTunlink</name>
         <value>0x52e5</value>
         <object_component_ref idref="oc-46a"/>
      </symbol>
      <symbol id="sm-b9e">
         <name>HOSTwrite</name>
         <value>0x5025</value>
         <object_component_ref idref="oc-45e"/>
      </symbol>
      <symbol id="sm-bc2">
         <name>__TI_readmsg</name>
         <value>0x5495</value>
         <object_component_ref idref="oc-4e5"/>
      </symbol>
      <symbol id="sm-bc3">
         <name>C$$IO$$</name>
         <value>0x541f</value>
         <object_component_ref idref="oc-4df"/>
      </symbol>
      <symbol id="sm-bc4">
         <name>__CIOBUF_</name>
         <value>0x20000000</value>
         <object_component_ref idref="oc-524"/>
      </symbol>
      <symbol id="sm-bc5">
         <name>__TI_writemsg</name>
         <value>0x53f1</value>
         <object_component_ref idref="oc-4df"/>
      </symbol>
      <symbol id="sm-bd6">
         <name>lseek</name>
         <value>0x55e5</value>
         <object_component_ref idref="oc-4c2"/>
      </symbol>
      <symbol id="sm-bea">
         <name>close</name>
         <value>0x4f71</value>
         <object_component_ref idref="oc-48b"/>
      </symbol>
      <symbol id="sm-bf4">
         <name>copysign</name>
         <value>0x56b1</value>
         <object_component_ref idref="oc-411"/>
      </symbol>
      <symbol id="sm-bf5">
         <name>copysignl</name>
         <value>0x56b1</value>
         <object_component_ref idref="oc-411"/>
      </symbol>
      <symbol id="sm-c03">
         <name>strcpy</name>
         <value>0x56f9</value>
         <object_component_ref idref="oc-4f9"/>
      </symbol>
      <symbol id="sm-c13">
         <name>unlink</name>
         <value>0x5591</value>
         <object_component_ref idref="oc-491"/>
      </symbol>
      <symbol id="sm-c14">
         <name>__TI_static_base__</name>
         <value>0x0</value>
      </symbol>
      <symbol id="sm-c17">
         <name>__mpu_init</name>
         <value>0x0</value>
      </symbol>
      <symbol id="sm-c18">
         <name>_system_post_cinit</name>
         <value>0x0</value>
      </symbol>
      <symbol id="sm-c19">
         <name>NMI_Handler</name>
         <value>0x574d</value>
      </symbol>
      <symbol id="sm-c1a">
         <name>HardFault_Handler</name>
         <value>0x574d</value>
      </symbol>
      <symbol id="sm-c1b">
         <name>MemManage_Handler</name>
         <value>0x574d</value>
      </symbol>
      <symbol id="sm-c1c">
         <name>BusFault_Handler</name>
         <value>0x574d</value>
      </symbol>
      <symbol id="sm-c1d">
         <name>UsageFault_Handler</name>
         <value>0x574d</value>
      </symbol>
      <symbol id="sm-c1e">
         <name>SVC_Handler</name>
         <value>0x574d</value>
      </symbol>
      <symbol id="sm-c1f">
         <name>DebugMon_Handler</name>
         <value>0x574d</value>
      </symbol>
      <symbol id="sm-c20">
         <name>PendSV_Handler</name>
         <value>0x574d</value>
      </symbol>
      <symbol id="sm-c21">
         <name>SysTick_Handler</name>
         <value>0x574d</value>
      </symbol>
      <symbol id="sm-c22">
         <name>PSS_IRQHandler</name>
         <value>0x574d</value>
      </symbol>
      <symbol id="sm-c23">
         <name>CS_IRQHandler</name>
         <value>0x574d</value>
      </symbol>
      <symbol id="sm-c24">
         <name>PCM_IRQHandler</name>
         <value>0x574d</value>
      </symbol>
      <symbol id="sm-c25">
         <name>WDT_A_IRQHandler</name>
         <value>0x574d</value>
      </symbol>
      <symbol id="sm-c26">
         <name>FPU_IRQHandler</name>
         <value>0x574d</value>
      </symbol>
      <symbol id="sm-c27">
         <name>FLCTL_IRQHandler</name>
         <value>0x574d</value>
      </symbol>
      <symbol id="sm-c28">
         <name>COMP_E0_IRQHandler</name>
         <value>0x574d</value>
      </symbol>
      <symbol id="sm-c29">
         <name>COMP_E1_IRQHandler</name>
         <value>0x574d</value>
      </symbol>
      <symbol id="sm-c2a">
         <name>TA0_0_IRQHandler</name>
         <value>0x574d</value>
      </symbol>
      <symbol id="sm-c2b">
         <name>TA0_N_IRQHandler</name>
         <value>0x574d</value>
      </symbol>
      <symbol id="sm-c2c">
         <name>TA1_0_IRQHandler</name>
         <value>0x574d</value>
      </symbol>
      <symbol id="sm-c2d">
         <name>TA1_N_IRQHandler</name>
         <value>0x574d</value>
      </symbol>
      <symbol id="sm-c2e">
         <name>TA2_0_IRQHandler</name>
         <value>0x574d</value>
      </symbol>
      <symbol id="sm-c2f">
         <name>TA2_N_IRQHandler</name>
         <value>0x574d</value>
      </symbol>
      <symbol id="sm-c30">
         <name>TA3_0_IRQHandler</name>
         <value>0x574d</value>
      </symbol>
      <symbol id="sm-c31">
         <name>TA3_N_IRQHandler</name>
         <value>0x574d</value>
      </symbol>
      <symbol id="sm-c32">
         <name>EUSCIA0_IRQHandler</name>
         <value>0x574d</value>
      </symbol>
      <symbol id="sm-c33">
         <name>EUSCIA1_IRQHandler</name>
         <value>0x574d</value>
      </symbol>
      <symbol id="sm-c34">
         <name>EUSCIA2_IRQHandler</name>
         <value>0x35e9</value>
      </symbol>
      <symbol id="sm-c35">
         <name>EUSCIA3_IRQHandler</name>
         <value>0x574d</value>
      </symbol>
      <symbol id="sm-c36">
         <name>EUSCIB0_IRQHandler</name>
         <value>0x574d</value>
      </symbol>
      <symbol id="sm-c37">
         <name>EUSCIB1_IRQHandler</name>
         <value>0x574d</value>
      </symbol>
      <symbol id="sm-c38">
         <name>EUSCIB2_IRQHandler</name>
         <value>0x574d</value>
      </symbol>
      <symbol id="sm-c39">
         <name>EUSCIB3_IRQHandler</name>
         <value>0x574d</value>
      </symbol>
      <symbol id="sm-c3a">
         <name>ADC14_IRQHandler</name>
         <value>0x574d</value>
      </symbol>
      <symbol id="sm-c3b">
         <name>T32_INT1_IRQHandler</name>
         <value>0x574d</value>
      </symbol>
      <symbol id="sm-c3c">
         <name>T32_INT2_IRQHandler</name>
         <value>0x574d</value>
      </symbol>
      <symbol id="sm-c3d">
         <name>T32_INTC_IRQHandler</name>
         <value>0x574d</value>
      </symbol>
      <symbol id="sm-c3e">
         <name>AES256_IRQHandler</name>
         <value>0x574d</value>
      </symbol>
      <symbol id="sm-c3f">
         <name>RTC_C_IRQHandler</name>
         <value>0x574d</value>
      </symbol>
      <symbol id="sm-c40">
         <name>DMA_ERR_IRQHandler</name>
         <value>0x574d</value>
      </symbol>
      <symbol id="sm-c41">
         <name>DMA_INT3_IRQHandler</name>
         <value>0x574d</value>
      </symbol>
      <symbol id="sm-c42">
         <name>DMA_INT2_IRQHandler</name>
         <value>0x574d</value>
      </symbol>
      <symbol id="sm-c43">
         <name>DMA_INT1_IRQHandler</name>
         <value>0x574d</value>
      </symbol>
      <symbol id="sm-c44">
         <name>DMA_INT0_IRQHandler</name>
         <value>0x574d</value>
      </symbol>
      <symbol id="sm-c45">
         <name>PORT1_IRQHandler</name>
         <value>0x574d</value>
      </symbol>
      <symbol id="sm-c46">
         <name>PORT2_IRQHandler</name>
         <value>0x574d</value>
      </symbol>
      <symbol id="sm-c47">
         <name>PORT3_IRQHandler</name>
         <value>0x574d</value>
      </symbol>
      <symbol id="sm-c48">
         <name>PORT4_IRQHandler</name>
         <value>0x29a9</value>
      </symbol>
      <symbol id="sm-c49">
         <name>PORT5_IRQHandler</name>
         <value>0x574d</value>
      </symbol>
      <symbol id="sm-c4a">
         <name>PORT6_IRQHandler</name>
         <value>0x574d</value>
      </symbol>
      <symbol id="sm-c4b">
         <name>remove</name>
         <value>0x5591</value>
      </symbol>
   </symbol_table>
   <title>Link successful</title>
</link_info>
