******************************************************************************
                  TI ARM Linker PC v20.2.7                     
******************************************************************************
>> Linked Wed Mar 25 19:49:12 2026

OUTPUT FILE NAME:   <Lab 8.out>
ENTRY POINT SYMBOL: "_c_int00_noargs"  address: 000054c9


MEMORY CONFIGURATION

         name            origin    length      used     unused   attr    fill
----------------------  --------  ---------  --------  --------  ----  --------
  MAIN                  00000000   00040000  00005a05  0003a5fb  R  X
  INFO                  00200000   00004000  00000000  00004000  R  X
  SRAM_CODE             01000000   00010000  00000d4c  0000f2b4  RW X
  SRAM_DATA             20000000   00010000  00000d4c  0000f2b4  RW  


SEGMENT ALLOCATION MAP

run origin  load origin   length   init length attrs members
----------  ----------- ---------- ----------- ----- -------
00000000    00000000    00005a08   00005a08    r-x
  00000000    00000000    000000e4   000000e4    r-- .intvecs
  000000e4    000000e4    00005698   00005698    r-x .text
  0000577c    0000577c    00000141   00000141    r-- .const
  000058c0    000058c0    00000148   00000148    r-- .cinit
20000000    20000000    00000b4c   00000000    rw-
  20000000    20000000    00000460   00000000    rw- .bss
  20000460    20000460    00000400   00000000    rw- .sysmem
  20000860    20000860    000002ec   00000000    rw- .data
2000fe00    2000fe00    00000200   00000000    rw-
  2000fe00    2000fe00    00000200   00000000    rw- .stack


SECTION ALLOCATION MAP

 output                                  attributes/
section   page    origin      length       input sections
--------  ----  ----------  ----------   ----------------
.intvecs   0    00000000    000000e4     
                  00000000    000000e4     startup_msp432p401r_ccs.obj (.intvecs:retain)

.text      0    000000e4    00005698     
                  000000e4    00000fc4     AP.obj (.text)
                  000010a8    00000a4e     rtsv7M4_T_le_v4SPD16_eabi.lib : _printfi.c.obj (.text:__TI_printfi)
                  00001af6    00000002                                   : _lock.c.obj (.text:_nop)
                  00001af8    000006e0     UART0.obj (.text)
                  000021d8    0000038c     main.obj (.text)
                  00002564    00000334     system_msp432p401r.obj (.text)
                  00002898    00000290     BumpInt.obj (.text)
                  00002b28    00000270     rtsv7M4_T_le_v4SPD16_eabi.lib : _printfi.c.obj (.text:_pconv_a)
                  00002d98    000001e0     Clock.obj (.text)
                  00002f78    000001d0     rtsv7M4_T_le_v4SPD16_eabi.lib : _printfi.c.obj (.text:_pconv_g)
                  00003148    000001c0     PWM.obj (.text)
                  00003308    000001b6     rtsv7M4_T_le_v4SPD16_eabi.lib : fd_add_t2.asm.obj (.text)
                  000034be    00000002                                   : div0.asm.obj (.text)
                  000034c0    000001a4     UART1.obj (.text)
                  00003664    0000019c     Motor.obj (.text)
                  00003800    0000013c     rtsv7M4_T_le_v4SPD16_eabi.lib : _printfi.c.obj (.text:_pconv_e)
                  0000393c    00000136                                   : fd_div_t2.asm.obj (.text)
                  00003a72    00000002     --HOLE-- [fill = 0]
                  00003a74    00000124                                   : _printfi.c.obj (.text:fcvt)
                  00003b98    00000114                                   : fputs.c.obj (.text:fputs)
                  00003cac    00000110                                   : fopen.c.obj (.text:_openfile)
                  00003dbc    00000110                                   : s_scalbn.c.obj (.text:scalbn)
                  00003ecc    00000100                                   : memory.c.obj (.text:aligned_alloc)
                  00003fcc    000000fc                                   : fd_mul_t2.asm.obj (.text)
                  000040c8    000000f4     ADC14.obj (.text)
                  000041bc    000000e4     rtsv7M4_T_le_v4SPD16_eabi.lib : memory.c.obj (.text:free)
                  000042a0    000000dc                                   : setvbuf.c.obj (.text:setvbuf)
                  0000437c    000000c0     GPIO.obj (.text)
                  0000443c    000000bc     rtsv7M4_T_le_v4SPD16_eabi.lib : open.c.obj (.text:open)
                  000044f8    000000b8                                   : add_device.c.obj (.text:add_device)
                  000045b0    000000b1                                   : _printfi.c.obj (.text:_ltostr)
                  00004661    00000003     --HOLE-- [fill = 0]
                  00004664    000000a4     RobotLights.obj (.text)
                  00004708    0000009c     rtsv7M4_T_le_v4SPD16_eabi.lib : fopen.c.obj (.text:fopen)
                  000047a4    0000009c                                   : memcpy_t2.asm.obj (.text)
                  00004840    00000096                                   : ull_div_t2.asm.obj (.text)
                  000048d6    00000002     --HOLE-- [fill = 0]
                  000048d8    0000008c                                   : fputc.c.obj (.text:fputc)
                  00004964    00000086                                   : fd_cmp_t2.asm.obj (.text:__aeabi_cdcmple)
                  000049ea    00000086                                   : fd_cmp_t2.asm.obj (.text:__aeabi_cdrcmple)
                  00004a70    0000007a                                   : memset_t2.asm.obj (.text)
                  00004aea    00000002     --HOLE-- [fill = 0]
                  00004aec    00000074                                   : fclose.c.obj (.text:__TI_closefile)
                  00004b60    00000070                                   : memory.c.obj (.text:split)
                  00004bd0    0000006e                                   : _printfi.c.obj (.text:_mcpy)
                  00004c3e    00000002     --HOLE-- [fill = 0]
                  00004c40    0000006c                                   : hostrename.c.obj (.text:HOSTrename)
                  00004cac    00000068                                   : hostlseek.c.obj (.text:HOSTlseek)
                  00004d14    00000068                                   : copy_decompress_lzss.c.obj (.text:decompress:lzss:__TI_decompress_lzss)
                  00004d7c    00000068                                   : printf.c.obj (.text:printf)
                  00004de4    00000064                                   : s_frexp.c.obj (.text:frexp)
                  00004e48    00000064                                   : fseek.c.obj (.text:fseek)
                  00004eac    00000062                                   : _io_perm.c.obj (.text:__TI_wrt_ok)
                  00004f0e    00000002     --HOLE-- [fill = 0]
                  00004f10    00000060                                   : hostopen.c.obj (.text:HOSTopen)
                  00004f70    0000005c                                   : close.c.obj (.text:close)
                  00004fcc    00000058                                   : hostread.c.obj (.text:HOSTread)
                  00005024    00000058                                   : hostwrite.c.obj (.text:HOSTwrite)
                  0000507c    00000056                                   : _printfi.c.obj (.text:_pconv_f)
                  000050d2    00000054                                   : _ltoa.c.obj (.text:__TI_ltoa)
                  00005126    00000052                                   : _printfi.c.obj (.text:_ecpy)
                  00005178    0000004c                                   : fflush.c.obj (.text:__TI_doflush)
                  000051c4    0000004c                                   : atoi.c.obj (.text:atoi)
                  00005210    00000048                                   : exit.c.obj (.text:exit)
                  00005258    00000048                                   : fd_toi_t2.asm.obj (.text)
                  000052a0    00000044                                   : hostclose.c.obj (.text:HOSTclose)
                  000052e4    00000044                                   : hostunlink.c.obj (.text:HOSTunlink)
                  00005328    00000044                                   : autoinit.c.obj (.text:__TI_auto_init_nobinit_nopinit:__TI_auto_init_nobinit_nopinit)
                  0000536c    00000044                                   : getdevice.c.obj (.text:getdevice)
                  000053b0    0000003e                                   : _printfi.c.obj (.text:_fcpy)
                  000053ee    00000002     --HOLE-- [fill = 0]
                  000053f0    00000038                                   : trgmsg.c.obj (.text:__TI_writemsg)
                  00005428    00000036                                   : strncpy.c.obj (.text:strncpy)
                  0000545e    00000002     --HOLE-- [fill = 0]
                  00005460    00000034                                   : fopen.c.obj (.text:__TI_cleanup)
                  00005494    00000034                                   : trgmsg.c.obj (.text:__TI_readmsg)
                  000054c8    00000034                                   : boot_cortex_m.c.obj (.text:_c_int00_noargs:_c_int00_noargs)
                  000054fc    00000034                                   : fopen.c.obj (.text:freopen)
                  00005530    00000030                                   : getdevice.c.obj (.text:finddevice)
                  00005560    0000002e                                   : i_tofd_t2.asm.obj (.text)
                  0000558e    00000002     --HOLE-- [fill = 0]
                  00005590    0000002c                                   : unlink.c.obj (.text:unlink)
                  000055bc    00000028                                   : memory.c.obj (.text:free_list_insert)
                  000055e4    00000028                                   : lseek.c.obj (.text:lseek)
                  0000560c    00000028                                   : write.c.obj (.text:write)
                  00005634    00000024     CortexM.obj (.text)
                  00005658    00000020     rtsv7M4_T_le_v4SPD16_eabi.lib : memchr.c.obj (.text:memchr)
                  00005678    0000001c                                   : memory.c.obj (.text:free_list_remove)
                  00005694    0000001c                                   : memccpy.c.obj (.text:memccpy)
                  000056b0    0000001a                                   : s_copysign.c.obj (.text:copysign)
                  000056ca    00000018                                   : strcmp.c.obj (.text:strcmp)
                  000056e2    00000016                                   : strchr.c.obj (.text:strchr)
                  000056f8    00000014                                   : strcpy.c.obj (.text:strcpy)
                  0000570c    00000014                                   : strlen.c.obj (.text:strlen)
                  00005720    00000012                                   : wcslen.c.obj (.text:wcslen)
                  00005732    0000000e                                   : copy_decompress_none.c.obj (.text:decompress:none:__TI_decompress_none)
                  00005740    0000000e     startup_msp432p401r_ccs.obj (.text)
                  0000574e    0000000c     rtsv7M4_T_le_v4SPD16_eabi.lib : copy_zero_init.c.obj (.text:decompress:ZI:__TI_zero_init)
                  0000575a    00000002     --HOLE-- [fill = 0]
                  0000575c    00000008                                   : errno.c.obj (.text:__aeabi_errno_addr)
                  00005764    00000008                                   : memory.c.obj (.text:malloc)
                  0000576c    00000004                                   : printf.c.obj (.text:_outc)
                  00005770    00000004                                   : printf.c.obj (.text:_outs)
                  00005774    00000004                                   : pre_init.c.obj (.text:_system_pre_init)
                  00005778    00000004                                   : exit.c.obj (.text:abort:abort)

.const     0    0000577c    00000141     
                  0000577c    00000101     rtsv7M4_T_le_v4SPD16_eabi.lib : ctype.c.obj (.const:.string:_ctypes_)
                  0000587d    00000014     AP.obj (.const:.string:NPI_StartAdvertisement)
                  00005891    00000011     AP.obj (.const:.string:NPI_SetAdvertisement1)
                  000058a2    00000009     AP.obj (.const:.string:HCI_EXT_ResetSystemCmd)
                  000058ab    00000006     AP.obj (.const:.string:NPI_GetStatus)
                  000058b1    00000006     AP.obj (.const:.string:NPI_GetVersion)
                  000058b7    00000006     AP.obj (.const:.string:NPI_Register)

.cinit     0    000058c0    00000148     
                  000058c0    0000011f     (.cinit..data.load) [load image, compression = lzss]
                  000059df    00000001     --HOLE-- [fill = 0]
                  000059e0    0000000c     (__TI_handler_table)
                  000059ec    00000004     --HOLE-- [fill = 0]
                  000059f0    00000008     (.cinit..bss.load) [load image, compression = zero_init]
                  000059f8    00000010     (__TI_cinit_table)

.init_array 
*          0    00000000    00000000     UNINITIALIZED

.binit     0    00000000    00000000     

.bss       0    20000000    00000460     UNINITIALIZED
                  20000000    00000120     rtsv7M4_T_le_v4SPD16_eabi.lib : trgmsg.c.obj (.bss:_CIOBUF_)
                  20000120    00000100     (.common:RxFIFO)
                  20000220    000000a0     (.common:CharacteristicList)
                  200002c0    000000a0     (.common:__TI_tmpnams)
                  20000360    00000080     (.common:RecvBuf)
                  200003e0    00000050     (.common:NotifyCharacteristicList)
                  20000430    00000008     (.common:Messageb)
                  20000438    00000008     (.common:parmbuf)
                  20000440    00000004     (.common:Messageindexb)
                  20000444    00000004     (.common:NoSOFErr)
                  20000448    00000004     (.common:RxFifoLost)
                  2000044c    00000004     (.common:RxGetI)
                  20000450    00000004     (.common:RxPutI)
                  20000454    00000004     (.common:TimeOutErr)
                  20000458    00000004     (.common:fcserr)
                  2000045c    00000004     (.common:rTask)

.sysmem    0    20000460    00000400     UNINITIALIZED
                  20000460    00000010     rtsv7M4_T_le_v4SPD16_eabi.lib : memory.c.obj (.sysmem)
                  20000470    000003f0     --HOLE--

.data      0    20000860    000002ec     UNINITIALIZED
                  20000860    000000f0     rtsv7M4_T_le_v4SPD16_eabi.lib : defs.c.obj (.data:_ftable)
                  20000950    00000078                                   : host_device.c.obj (.data:_device)
                  200009c8    00000050                                   : host_device.c.obj (.data:_stream)
                  20000a18    00000025     AP.obj (.data:NPI_SetAdvertisementData)
                  20000a3d    00000020     AP.obj (.data:NPI_AddCharDescriptor)
                  20000a5d    0000001c     AP.obj (.data:NPI_GATTSetDeviceName)
                  20000a79    00000003     --HOLE--
                  20000a7c    00000018     Clock.obj (.data)
                  20000a94    00000015     AP.obj (.data:NPI_ReadConfirmation)
                  20000aa9    00000003     --HOLE--
                  20000aac    00000015     main.obj (.data)
                  20000ac1    00000014     AP.obj (.data:NPI_SendNotificationIndication)
                  20000ad5    00000003     --HOLE--
                  20000ad8    00000010     rtsv7M4_T_le_v4SPD16_eabi.lib : defs.c.obj (.data)
                  20000ae8    0000000e     AP.obj (.data:NPI_AddCharValue)
                  20000af6    00000002     --HOLE--
                  20000af8    0000000c     rtsv7M4_T_le_v4SPD16_eabi.lib : exit.c.obj (.data:$O1$$)
                  20000b04    00000009     AP.obj (.data:NPI_AddService)
                  20000b0d    00000009     AP.obj (.data:NPI_CCCDUpdatedConfirmation)
                  20000b16    00000009     AP.obj (.data:NPI_WriteConfirmation)
                  20000b1f    00000001     --HOLE--
                  20000b20    00000008     rtsv7M4_T_le_v4SPD16_eabi.lib : _lock.c.obj (.data:$O1$$)
                  20000b28    00000008                                   : memory.c.obj (.data:$O1$$)
                  20000b30    00000008     AP.obj (.data)
                  20000b38    00000004     rtsv7M4_T_le_v4SPD16_eabi.lib : add_device.c.obj (.data)
                  20000b3c    00000004                                   : errno.c.obj (.data)
                  20000b40    00000004                                   : fopen.c.obj (.data)
                  20000b44    00000004                                   : open.c.obj (.data)
                  20000b48    00000004     system_msp432p401r.obj (.data)

.stack     0    2000fe00    00000200     UNINITIALIZED
                  2000fe00    00000004     rtsv7M4_T_le_v4SPD16_eabi.lib : boot_cortex_m.c.obj (.stack)
                  2000fe04    000001fc     --HOLE--

__llvm_prf_cnts 
*          0    20000000    00000000     UNINITIALIZED

MODULE SUMMARY

       Module                        code    ro data   rw data
       ------                        ----    -------   -------
    .\
       AP.obj                        4036    64        1134   
       UART1.obj                     420     0         536    
       main.obj                      908     0         42     
       system_msp432p401r.obj        820     0         8      
       BumpInt.obj                   656     0         8      
       Clock.obj                     480     0         48     
       PWM.obj                       448     0         0      
       Motor.obj                     412     0         0      
       ADC14.obj                     244     0         0      
       startup_msp432p401r_ccs.obj   14      228       0      
       GPIO.obj                      192     0         0      
       RobotLights.obj               164     0         0      
       CortexM.obj                   36      0         0      
    +--+-----------------------------+-------+---------+---------+
       Total:                        8830    292       1776   
                                                              
    C:\Users\anicolazzo\Documents\GitHub\Robotics443Spring2026\Lab 8\
       UART0.obj                     1760    0         24     
    +--+-----------------------------+-------+---------+---------+
       Total:                        1760    0         24     
                                                              
    C:\ti\ccs1281\ccs\tools\compiler\ti-cgt-arm_20.2.7.LTS\lib\rtsv7M4_T_le_v4SPD16_eabi.lib
       _printfi.c.obj                4851    0         0      
       defs.c.obj                    0       0         832    
       memory.c.obj                  672     0         16     
       trgmsg.c.obj                  108     0         576    
       fopen.c.obj                   532     0         8      
       fd_add_t2.asm.obj             438     0         0      
       host_device.c.obj             0       0         400    
       fd_div_t2.asm.obj             310     0         0      
       fputs.c.obj                   276     0         0      
       s_scalbn.c.obj                272     0         0      
       fd_cmp_t2.asm.obj             268     0         0      
       ctype.c.obj                   0       257       0      
       fd_mul_t2.asm.obj             252     0         0      
       setvbuf.c.obj                 220     0         0      
       open.c.obj                    188     0         8      
       add_device.c.obj              184     0         8      
       memcpy_t2.asm.obj             156     0         0      
       ull_div_t2.asm.obj            150     0         0      
       fputc.c.obj                   140     0         0      
       memset_t2.asm.obj             122     0         0      
       fclose.c.obj                  116     0         0      
       getdevice.c.obj               116     0         0      
       hostopen.c.obj                96      0         16     
       printf.c.obj                  112     0         0      
       hostrename.c.obj              108     0         0      
       copy_decompress_lzss.c.obj    104     0         0      
       hostlseek.c.obj               104     0         0      
       exit.c.obj                    76      0         24     
       fseek.c.obj                   100     0         0      
       s_frexp.c.obj                 100     0         0      
       _io_perm.c.obj                98      0         0      
       close.c.obj                   92      0         0      
       hostread.c.obj                88      0         0      
       hostwrite.c.obj               88      0         0      
       _ltoa.c.obj                   84      0         0      
       atoi.c.obj                    76      0         0      
       fflush.c.obj                  76      0         0      
       fd_toi_t2.asm.obj             72      0         0      
       autoinit.c.obj                68      0         0      
       hostclose.c.obj               68      0         0      
       hostunlink.c.obj              68      0         0      
       strncpy.c.obj                 54      0         0      
       boot_cortex_m.c.obj           52      0         0      
       i_tofd_t2.asm.obj             46      0         0      
       unlink.c.obj                  44      0         0      
       lseek.c.obj                   40      0         0      
       write.c.obj                   40      0         0      
       memchr.c.obj                  32      0         0      
       memccpy.c.obj                 28      0         0      
       s_copysign.c.obj              26      0         0      
       strcmp.c.obj                  24      0         0      
       strchr.c.obj                  22      0         0      
       strcpy.c.obj                  20      0         0      
       strlen.c.obj                  20      0         0      
       _lock.c.obj                   2       0         16     
       wcslen.c.obj                  18      0         0      
       errno.c.obj                   8       0         8      
       copy_decompress_none.c.obj    14      0         0      
       copy_zero_init.c.obj          12      0         0      
       pre_init.c.obj                4       0         0      
       div0.asm.obj                  2       0         0      
    +--+-----------------------------+-------+---------+---------+
       Total:                        11557   257       1912   
                                                              
       Heap:                         0       0         2048   
       Stack:                        0       0         1024   
       Linker Generated:             0       323       0      
    +--+-----------------------------+-------+---------+---------+
       Grand Total:                  22147   872       6784   


LINKER GENERATED COPY TABLES

__TI_cinit_table @ 000059f8 records: 2, size/record: 8, table size: 16
	.data: load addr=000058c0, load size=0000011f bytes, run addr=20000860, run size=000002ec bytes, compression=lzss
	.bss: load addr=000059f0, load size=00000008 bytes, run addr=20000000, run size=00000460 bytes, compression=zero_init


LINKER GENERATED HANDLER TABLE

__TI_handler_table @ 000059e0 records: 3, size/record: 4, table size: 12
	index: 0, handler: __TI_decompress_lzss
	index: 1, handler: __TI_decompress_none
	index: 2, handler: __TI_zero_init


GLOBAL SYMBOLS: SORTED ALPHABETICALLY BY Name 

address   name                           
-------   ----                           
000040c9  ADC0_InitSWTriggerCh17_14_16   
0000574d  ADC14_IRQHandler               
00004139  ADC_In17_14_16                 
0000574d  AES256_IRQHandler              
00000745  AP_AddCharacteristic           
00000901  AP_AddNotifyCharacteristic     
000006ed  AP_AddService                  
00000dc5  AP_BackgroundProcess           
00000289  AP_EchoReceived                
0000021d  AP_EchoSendMessage             
000006d7  AP_GetNotifyCCCD               
000001f3  AP_GetSize                     
00000c8d  AP_GetStatus                   
00000cc9  AP_GetVersion                  
0000010d  AP_Init                        
000004ad  AP_RecvMessage                 
00000689  AP_RecvStatus                  
00000725  AP_RegisterService             
000000e5  AP_Reset                       
00000311  AP_SendMessage                 
00000697  AP_SendMessageResponse         
00000b2d  AP_SendNotification            
00000c2d  AP_StartAdvertisement          
00000c7b  AP_StartAdvertisementJacki     
000046db  Back_Lights_OFF                
000046cf  Back_Lights_ON                 
00002899  BumpInt_Init                   
000029c1  BumpTask                       
00002913  Bump_Read                      
0000574d  BusFault_Handler               
00005779  C$$EXIT                        
0000541f  C$$IO$$                        
0000574d  COMP_E0_IRQHandler             
0000574d  COMP_E1_IRQHandler             
20000a84  CPMwait                        
0000574d  CS_IRQHandler                  
20000b30  CharacteristicCount            
20000220  CharacteristicList             
20000a7c  ClockFrequency                 
00002eed  Clock_Delay1ms                 
00002ec3  Clock_Delay1us                 
00002eaf  Clock_GetFreq                  
00002d99  Clock_Init48MHz                
20000a90  Crystalstable                  
0000574d  DMA_ERR_IRQHandler             
0000574d  DMA_INT0_IRQHandler            
0000574d  DMA_INT1_IRQHandler            
0000574d  DMA_INT2_IRQHandler            
0000574d  DMA_INT3_IRQHandler            
0000574d  DebugMon_Handler               
0000574d  Default_Handler                
00005635  DisableInterrupts              
0000574d  EUSCIA0_IRQHandler             
0000574d  EUSCIA1_IRQHandler             
000035e9  EUSCIA2_IRQHandler             
000035e9  EUSCIA2_IRQHandler             
0000574d  EUSCIA3_IRQHandler             
0000574d  EUSCIB0_IRQHandler             
0000574d  EUSCIB1_IRQHandler             
0000574d  EUSCIB2_IRQHandler             
0000574d  EUSCIB3_IRQHandler             
0000563b  EnableInterrupts               
0000564b  EndCritical                    
0000574d  FLCTL_IRQHandler               
0000574d  FPU_IRQHandler                 
000046b9  Front_Lights_OFF               
000046a3  Front_Lights_ON                
0000437d  GPIO_Init                      
000058a2  HCI_EXT_ResetSystemCmd         
000052a1  HOSTclose                      
00004cad  HOSTlseek                      
00004f11  HOSTopen                       
00004fcd  HOSTread                       
00004c41  HOSTrename                     
000052e5  HOSTunlink                     
00005025  HOSTwrite                      
0000574d  HardFault_Handler              
20000a8c  IFlags                         
0000574d  MemManage_Handler              
20000430  Messageb                       
20000440  Messageindexb                  
000037ab  Motor_Backward                 
000036ff  Motor_Forward                  
00003665  Motor_Init                     
00003771  Motor_Left                     
00003737  Motor_Right                    
000036e1  Motor_Stop                     
00004665  MvtLED_Init                    
0000574d  NMI_Handler                    
20000a3d  NPI_AddCharDescriptor          
20000ae8  NPI_AddCharValue               
20000b04  NPI_AddService                 
20000b0d  NPI_CCCDUpdatedConfirmation    
20000a5d  NPI_GATTSetDeviceName          
000058ab  NPI_GetStatus                  
000058b1  NPI_GetVersion                 
20000a94  NPI_ReadConfirmation           
000058b7  NPI_Register                   
20000ac1  NPI_SendNotificationIndication 
00005891  NPI_SetAdvertisement1          
20000a18  NPI_SetAdvertisementData       
0000587d  NPI_StartAdvertisement         
20000b16  NPI_WriteConfirmation          
20000444  NoSOFErr                       
20000b34  NotifyCharacteristicCount      
200003e0  NotifyCharacteristicList       
0000574d  PCM_IRQHandler                 
0000574d  PORT1_IRQHandler               
0000574d  PORT2_IRQHandler               
0000574d  PORT3_IRQHandler               
000029a9  PORT4_IRQHandler               
000029a9  PORT4_IRQHandler               
0000574d  PORT5_IRQHandler               
0000574d  PORT6_IRQHandler               
0000574d  PSS_IRQHandler                 
000031cd  PWM_Duty1                      
000031ed  PWM_Duty2                      
00003291  PWM_Duty3                      
000032b1  PWM_Duty4                      
00003149  PWM_Init12                     
0000320d  PWM_Init34                     
0000574d  PendSV_Handler                 
20000a88  Postwait                       
20000a80  Prewait                        
0000574d  RTC_C_IRQHandler               
20000360  RecvBuf                        
00005741  Reset_Handler                  
20000120  RxFIFO                         
20000448  RxFifoLost                     
00003519  RxFifo_Get                     
000034c1  RxFifo_Init                    
000034d3  RxFifo_Put                     
2000044c  RxGetI                         
20000450  RxPutI                         
0000574d  SVC_Handler                    
00005641  StartCritical                  
0000574d  SysTick_Handler                
20000b48  SystemCoreClock                
00002565  SystemCoreClockUpdate          
000027dd  SystemInit                     
0000574d  T32_INT1_IRQHandler            
0000574d  T32_INT2_IRQHandler            
0000574d  T32_INTC_IRQHandler            
0000574d  TA0_0_IRQHandler               
0000574d  TA0_N_IRQHandler               
0000574d  TA1_0_IRQHandler               
0000574d  TA1_N_IRQHandler               
0000574d  TA2_0_IRQHandler               
0000574d  TA2_N_IRQHandler               
0000574d  TA3_0_IRQHandler               
0000574d  TA3_N_IRQHandler               
20000454  TimeOutErr                     
00001b3f  UART0_InChar                   
00001fe9  UART0_InString                 
00001b89  UART0_InUDec                   
00001e9d  UART0_InUHex                   
00001af9  UART0_Init                     
0000214b  UART0_Initprintf               
00001b4f  UART0_OutChar                  
00001c3d  UART0_OutSDec                  
00001b6b  UART0_OutString                
00001c0d  UART0_OutUDec                  
00001db1  UART0_OutUDec4                 
00001df9  UART0_OutUDec5                 
00001e2b  UART0_OutUFix1                 
00001e53  UART0_OutUFix2                 
00001f61  UART0_OutUHex                  
00001fcd  UART0_OutUHex2                 
0000361d  UART1_FinishOutput             
000035bb  UART1_InChar                   
0000354f  UART1_InStatus                 
0000355f  UART1_Init                     
000035cd  UART1_OutChar                  
000035ff  UART1_OutString                
0000574d  UsageFault_Handler             
4000480c  WDTCTL_SYM                     
0000574d  WDT_A_IRQHandler               
00005653  WaitForInterrupt               
20000000  __CIOBUF_                      
20010000  __STACK_END                    
00000200  __STACK_SIZE                   
00000400  __SYSMEM_SIZE                  
000059f8  __TI_CINIT_Base                
00005a08  __TI_CINIT_Limit               
000059e0  __TI_Handler_Table_Base        
000059ec  __TI_Handler_Table_Limit       
00005329  __TI_auto_init_nobinit_nopinit 
00005461  __TI_cleanup                   
20000af8  __TI_cleanup_ptr               
00004aed  __TI_closefile                 
00004d15  __TI_decompress_lzss           
00005733  __TI_decompress_none           
00005179  __TI_doflush                   
20000afc  __TI_dtors_ptr                 
20000b00  __TI_enable_exit_profile_output
20000ad8  __TI_ft_end                    
000050d3  __TI_ltoa                      
ffffffff  __TI_pprof_out_hndl            
000010a9  __TI_printfi                   
ffffffff  __TI_prof_data_size            
ffffffff  __TI_prof_data_start           
00005495  __TI_readmsg                   
00000000  __TI_static_base__             
200002c0  __TI_tmpnams                   
000053f1  __TI_writemsg                  
00004ead  __TI_wrt_ok                    
0000574f  __TI_zero_init                 
00004965  __aeabi_cdcmpeq                
00004965  __aeabi_cdcmple                
000049eb  __aeabi_cdrcmple               
00005259  __aeabi_d2iz                   
00003313  __aeabi_dadd                   
0000393d  __aeabi_ddiv                   
00003fcd  __aeabi_dmul                   
00003309  __aeabi_dsub                   
0000575d  __aeabi_errno_addr             
00005561  __aeabi_i2d                    
000034bf  __aeabi_idiv0                  
000034bf  __aeabi_ldiv0                  
00004a71  __aeabi_memclr                 
00004a71  __aeabi_memclr4                
00004a71  __aeabi_memclr8                
000047a5  __aeabi_memcpy                 
000047a5  __aeabi_memcpy4                
000047a5  __aeabi_memcpy8                
00004a73  __aeabi_memset                 
00004a73  __aeabi_memset4                
00004a73  __aeabi_memset8                
20000ae4  __aeabi_stderr                 
20000adc  __aeabi_stdin                  
20000ae0  __aeabi_stdout                 
00004841  __aeabi_uldivmod               
ffffffff  __binit__                      
ffffffff  __c_args__                     
UNDEFED   __mpu_init                     
2000fe00  __stack                        
20000000  __start___llvm_prf_cnts        
20000000  __stop___llvm_prf_cnts         
000054c9  _c_int00_noargs                
0000577c  _ctypes_                       
20000950  _device                        
20000860  _ftable                        
20000b20  _lock                          
00001af7  _nop                           
200009c8  _stream                        
20000460  _sys_memory                    
UNDEFED   _system_post_cinit             
00005775  _system_pre_init               
20000b24  _unlock                        
00005779  abort                          
000044f9  add_device                     
00003ecd  aligned_alloc                  
000051c5  atoi                           
ffffffff  binit                          
20000ab4  centerDistance                 
00004f71  close                          
000056b1  copysign                       
000056b1  copysignl                      
00002eb5  delay                          
20000b3c  errno                          
00005211  exit                           
20000458  fcserr                         
0000207d  ferror                         
00002063  fgetc                          
00005531  finddevice                     
00004709  fopen                          
000048d9  fputc                          
00003b99  fputs                          
000041bd  free                           
000054fd  freopen                        
00004de5  frexp                          
00004de5  frexpl                         
00004e49  fseek                          
0000536d  getdevice                      
00000000  interruptVectors               
00003dbd  ldexp                          
00003dbd  ldexpl                         
20000ab0  leftDistance                   
000055e5  lseek                          
00002353  main                           
00005765  malloc                         
00003ecd  memalign                       
00005695  memccpy                        
00005659  memchr                         
000047a5  memcpy                         
00004a79  memset                         
20000aac  moveCommand                    
00002351  notifyEnabled                  
0000443d  open                           
00001fa5  outnibble                      
20000438  parmbuf                        
00004d7d  printf                         
000048d9  putc                           
2000045c  rTask                          
0000227f  readCenterDistance             
0000227d  readLeftDistance               
00002281  readRightDistance              
00005591  remove                         
20000ac0  resendBlockedForward           
20000ab8  rightDistance                  
20000aae  robotSpeed                     
20000aad  robotStatus                    
00003dbd  scalbn                         
00003dbd  scalbnl                        
000042a1  setvbuf                        
000056e3  strchr                         
000056cb  strcmp                         
000056f9  strcpy                         
0000570d  strlen                         
00005429  strncpy                        
000020a3  uart_close                     
00002121  uart_lseek                     
00002093  uart_open                      
000020af  uart_read                      
0000213d  uart_rename                    
00002131  uart_unlink                    
000020df  uart_write                     
00005591  unlink                         
20000abc  usSinceLastObjectNotify        
00005721  wcslen                         
0000560d  write                          
00002283  writeMoveCommand               
00002319  writeRobotSpeed                


GLOBAL SYMBOLS: SORTED BY Symbol Address 

address   name                           
-------   ----                           
00000000  __TI_static_base__             
00000000  interruptVectors               
000000e5  AP_Reset                       
0000010d  AP_Init                        
000001f3  AP_GetSize                     
00000200  __STACK_SIZE                   
0000021d  AP_EchoSendMessage             
00000289  AP_EchoReceived                
00000311  AP_SendMessage                 
00000400  __SYSMEM_SIZE                  
000004ad  AP_RecvMessage                 
00000689  AP_RecvStatus                  
00000697  AP_SendMessageResponse         
000006d7  AP_GetNotifyCCCD               
000006ed  AP_AddService                  
00000725  AP_RegisterService             
00000745  AP_AddCharacteristic           
00000901  AP_AddNotifyCharacteristic     
00000b2d  AP_SendNotification            
00000c2d  AP_StartAdvertisement          
00000c7b  AP_StartAdvertisementJacki     
00000c8d  AP_GetStatus                   
00000cc9  AP_GetVersion                  
00000dc5  AP_BackgroundProcess           
000010a9  __TI_printfi                   
00001af7  _nop                           
00001af9  UART0_Init                     
00001b3f  UART0_InChar                   
00001b4f  UART0_OutChar                  
00001b6b  UART0_OutString                
00001b89  UART0_InUDec                   
00001c0d  UART0_OutUDec                  
00001c3d  UART0_OutSDec                  
00001db1  UART0_OutUDec4                 
00001df9  UART0_OutUDec5                 
00001e2b  UART0_OutUFix1                 
00001e53  UART0_OutUFix2                 
00001e9d  UART0_InUHex                   
00001f61  UART0_OutUHex                  
00001fa5  outnibble                      
00001fcd  UART0_OutUHex2                 
00001fe9  UART0_InString                 
00002063  fgetc                          
0000207d  ferror                         
00002093  uart_open                      
000020a3  uart_close                     
000020af  uart_read                      
000020df  uart_write                     
00002121  uart_lseek                     
00002131  uart_unlink                    
0000213d  uart_rename                    
0000214b  UART0_Initprintf               
0000227d  readLeftDistance               
0000227f  readCenterDistance             
00002281  readRightDistance              
00002283  writeMoveCommand               
00002319  writeRobotSpeed                
00002351  notifyEnabled                  
00002353  main                           
00002565  SystemCoreClockUpdate          
000027dd  SystemInit                     
00002899  BumpInt_Init                   
00002913  Bump_Read                      
000029a9  PORT4_IRQHandler               
000029a9  PORT4_IRQHandler               
000029c1  BumpTask                       
00002d99  Clock_Init48MHz                
00002eaf  Clock_GetFreq                  
00002eb5  delay                          
00002ec3  Clock_Delay1us                 
00002eed  Clock_Delay1ms                 
00003149  PWM_Init12                     
000031cd  PWM_Duty1                      
000031ed  PWM_Duty2                      
0000320d  PWM_Init34                     
00003291  PWM_Duty3                      
000032b1  PWM_Duty4                      
00003309  __aeabi_dsub                   
00003313  __aeabi_dadd                   
000034bf  __aeabi_idiv0                  
000034bf  __aeabi_ldiv0                  
000034c1  RxFifo_Init                    
000034d3  RxFifo_Put                     
00003519  RxFifo_Get                     
0000354f  UART1_InStatus                 
0000355f  UART1_Init                     
000035bb  UART1_InChar                   
000035cd  UART1_OutChar                  
000035e9  EUSCIA2_IRQHandler             
000035e9  EUSCIA2_IRQHandler             
000035ff  UART1_OutString                
0000361d  UART1_FinishOutput             
00003665  Motor_Init                     
000036e1  Motor_Stop                     
000036ff  Motor_Forward                  
00003737  Motor_Right                    
00003771  Motor_Left                     
000037ab  Motor_Backward                 
0000393d  __aeabi_ddiv                   
00003b99  fputs                          
00003dbd  ldexp                          
00003dbd  ldexpl                         
00003dbd  scalbn                         
00003dbd  scalbnl                        
00003ecd  aligned_alloc                  
00003ecd  memalign                       
00003fcd  __aeabi_dmul                   
000040c9  ADC0_InitSWTriggerCh17_14_16   
00004139  ADC_In17_14_16                 
000041bd  free                           
000042a1  setvbuf                        
0000437d  GPIO_Init                      
0000443d  open                           
000044f9  add_device                     
00004665  MvtLED_Init                    
000046a3  Front_Lights_ON                
000046b9  Front_Lights_OFF               
000046cf  Back_Lights_ON                 
000046db  Back_Lights_OFF                
00004709  fopen                          
000047a5  __aeabi_memcpy                 
000047a5  __aeabi_memcpy4                
000047a5  __aeabi_memcpy8                
000047a5  memcpy                         
00004841  __aeabi_uldivmod               
000048d9  fputc                          
000048d9  putc                           
00004965  __aeabi_cdcmpeq                
00004965  __aeabi_cdcmple                
000049eb  __aeabi_cdrcmple               
00004a71  __aeabi_memclr                 
00004a71  __aeabi_memclr4                
00004a71  __aeabi_memclr8                
00004a73  __aeabi_memset                 
00004a73  __aeabi_memset4                
00004a73  __aeabi_memset8                
00004a79  memset                         
00004aed  __TI_closefile                 
00004c41  HOSTrename                     
00004cad  HOSTlseek                      
00004d15  __TI_decompress_lzss           
00004d7d  printf                         
00004de5  frexp                          
00004de5  frexpl                         
00004e49  fseek                          
00004ead  __TI_wrt_ok                    
00004f11  HOSTopen                       
00004f71  close                          
00004fcd  HOSTread                       
00005025  HOSTwrite                      
000050d3  __TI_ltoa                      
00005179  __TI_doflush                   
000051c5  atoi                           
00005211  exit                           
00005259  __aeabi_d2iz                   
000052a1  HOSTclose                      
000052e5  HOSTunlink                     
00005329  __TI_auto_init_nobinit_nopinit 
0000536d  getdevice                      
000053f1  __TI_writemsg                  
0000541f  C$$IO$$                        
00005429  strncpy                        
00005461  __TI_cleanup                   
00005495  __TI_readmsg                   
000054c9  _c_int00_noargs                
000054fd  freopen                        
00005531  finddevice                     
00005561  __aeabi_i2d                    
00005591  remove                         
00005591  unlink                         
000055e5  lseek                          
0000560d  write                          
00005635  DisableInterrupts              
0000563b  EnableInterrupts               
00005641  StartCritical                  
0000564b  EndCritical                    
00005653  WaitForInterrupt               
00005659  memchr                         
00005695  memccpy                        
000056b1  copysign                       
000056b1  copysignl                      
000056cb  strcmp                         
000056e3  strchr                         
000056f9  strcpy                         
0000570d  strlen                         
00005721  wcslen                         
00005733  __TI_decompress_none           
00005741  Reset_Handler                  
0000574d  ADC14_IRQHandler               
0000574d  AES256_IRQHandler              
0000574d  BusFault_Handler               
0000574d  COMP_E0_IRQHandler             
0000574d  COMP_E1_IRQHandler             
0000574d  CS_IRQHandler                  
0000574d  DMA_ERR_IRQHandler             
0000574d  DMA_INT0_IRQHandler            
0000574d  DMA_INT1_IRQHandler            
0000574d  DMA_INT2_IRQHandler            
0000574d  DMA_INT3_IRQHandler            
0000574d  DebugMon_Handler               
0000574d  Default_Handler                
0000574d  EUSCIA0_IRQHandler             
0000574d  EUSCIA1_IRQHandler             
0000574d  EUSCIA3_IRQHandler             
0000574d  EUSCIB0_IRQHandler             
0000574d  EUSCIB1_IRQHandler             
0000574d  EUSCIB2_IRQHandler             
0000574d  EUSCIB3_IRQHandler             
0000574d  FLCTL_IRQHandler               
0000574d  FPU_IRQHandler                 
0000574d  HardFault_Handler              
0000574d  MemManage_Handler              
0000574d  NMI_Handler                    
0000574d  PCM_IRQHandler                 
0000574d  PORT1_IRQHandler               
0000574d  PORT2_IRQHandler               
0000574d  PORT3_IRQHandler               
0000574d  PORT5_IRQHandler               
0000574d  PORT6_IRQHandler               
0000574d  PSS_IRQHandler                 
0000574d  PendSV_Handler                 
0000574d  RTC_C_IRQHandler               
0000574d  SVC_Handler                    
0000574d  SysTick_Handler                
0000574d  T32_INT1_IRQHandler            
0000574d  T32_INT2_IRQHandler            
0000574d  T32_INTC_IRQHandler            
0000574d  TA0_0_IRQHandler               
0000574d  TA0_N_IRQHandler               
0000574d  TA1_0_IRQHandler               
0000574d  TA1_N_IRQHandler               
0000574d  TA2_0_IRQHandler               
0000574d  TA2_N_IRQHandler               
0000574d  TA3_0_IRQHandler               
0000574d  TA3_N_IRQHandler               
0000574d  UsageFault_Handler             
0000574d  WDT_A_IRQHandler               
0000574f  __TI_zero_init                 
0000575d  __aeabi_errno_addr             
00005765  malloc                         
00005775  _system_pre_init               
00005779  C$$EXIT                        
00005779  abort                          
0000577c  _ctypes_                       
0000587d  NPI_StartAdvertisement         
00005891  NPI_SetAdvertisement1          
000058a2  HCI_EXT_ResetSystemCmd         
000058ab  NPI_GetStatus                  
000058b1  NPI_GetVersion                 
000058b7  NPI_Register                   
000059e0  __TI_Handler_Table_Base        
000059ec  __TI_Handler_Table_Limit       
000059f8  __TI_CINIT_Base                
00005a08  __TI_CINIT_Limit               
20000000  __CIOBUF_                      
20000000  __start___llvm_prf_cnts        
20000000  __stop___llvm_prf_cnts         
20000120  RxFIFO                         
20000220  CharacteristicList             
200002c0  __TI_tmpnams                   
20000360  RecvBuf                        
200003e0  NotifyCharacteristicList       
20000430  Messageb                       
20000438  parmbuf                        
20000440  Messageindexb                  
20000444  NoSOFErr                       
20000448  RxFifoLost                     
2000044c  RxGetI                         
20000450  RxPutI                         
20000454  TimeOutErr                     
20000458  fcserr                         
2000045c  rTask                          
20000460  _sys_memory                    
20000860  _ftable                        
20000950  _device                        
200009c8  _stream                        
20000a18  NPI_SetAdvertisementData       
20000a3d  NPI_AddCharDescriptor          
20000a5d  NPI_GATTSetDeviceName          
20000a7c  ClockFrequency                 
20000a80  Prewait                        
20000a84  CPMwait                        
20000a88  Postwait                       
20000a8c  IFlags                         
20000a90  Crystalstable                  
20000a94  NPI_ReadConfirmation           
20000aac  moveCommand                    
20000aad  robotStatus                    
20000aae  robotSpeed                     
20000ab0  leftDistance                   
20000ab4  centerDistance                 
20000ab8  rightDistance                  
20000abc  usSinceLastObjectNotify        
20000ac0  resendBlockedForward           
20000ac1  NPI_SendNotificationIndication 
20000ad8  __TI_ft_end                    
20000adc  __aeabi_stdin                  
20000ae0  __aeabi_stdout                 
20000ae4  __aeabi_stderr                 
20000ae8  NPI_AddCharValue               
20000af8  __TI_cleanup_ptr               
20000afc  __TI_dtors_ptr                 
20000b00  __TI_enable_exit_profile_output
20000b04  NPI_AddService                 
20000b0d  NPI_CCCDUpdatedConfirmation    
20000b16  NPI_WriteConfirmation          
20000b20  _lock                          
20000b24  _unlock                        
20000b30  CharacteristicCount            
20000b34  NotifyCharacteristicCount      
20000b3c  errno                          
20000b48  SystemCoreClock                
2000fe00  __stack                        
20010000  __STACK_END                    
4000480c  WDTCTL_SYM                     
ffffffff  __TI_pprof_out_hndl            
ffffffff  __TI_prof_data_size            
ffffffff  __TI_prof_data_start           
ffffffff  __binit__                      
ffffffff  __c_args__                     
ffffffff  binit                          
UNDEFED   __mpu_init                     
UNDEFED   _system_post_cinit             

[323 symbols]
