******************************************************************************
                  TI ARM Linker PC v20.2.7                     
******************************************************************************
>> Linked Thu Feb 19 14:27:49 2026

OUTPUT FILE NAME:   <Lab 6 Part B.out>
ENTRY POINT SYMBOL: "_c_int00_noargs"  address: 0000371d


MEMORY CONFIGURATION

         name            origin    length      used     unused   attr    fill
----------------------  --------  ---------  --------  --------  ----  --------
  MAIN                  00000000   00040000  00003b45  0003c4bb  R  X
  INFO                  00200000   00004000  00000000  00004000  R  X
  SRAM_CODE             01000000   00010000  000009d0  0000f630  RW X
  SRAM_DATA             20000000   00010000  000009d0  0000f630  RW  


SEGMENT ALLOCATION MAP

run origin  load origin   length   init length attrs members
----------  ----------- ---------- ----------- ----- -------
00000000    00000000    00003b48   00003b48    r-x
  00000000    00000000    000000e4   000000e4    r-- .intvecs
  000000e4    000000e4    000038c8   000038c8    r-x .text
  000039ac    000039ac    00000101   00000101    r-- .const
  00003ab0    00003ab0    00000098   00000098    r-- .cinit
20000000    20000000    000007d0   00000000    rw-
  20000000    20000000    00000400   00000000    rw- .sysmem
  20000400    20000400    00000204   00000000    rw- .data
  20000604    20000604    000001cc   00000000    rw- .bss
2000fe00    2000fe00    00000200   00000000    rw-
  2000fe00    2000fe00    00000200   00000000    rw- .stack


SECTION ALLOCATION MAP

 output                                  attributes/
section   page    origin      length       input sections
--------  ----  ----------  ----------   ----------------
.intvecs   0    00000000    000000e4     
                  00000000    000000e4     startup_msp432p401r_ccs.obj (.intvecs:retain)

.text      0    000000e4    000038c8     
                  000000e4    00000a4e     rtsv7M4_T_le_v4SPD16_eabi.lib : _printfi.c.obj (.text:__TI_printfi)
                  00000b32    00000002                                   : _lock.c.obj (.text:_nop)
                  00000b34    00000334     system_msp432p401r.obj (.text)
                  00000e68    00000290     BumpInt.obj (.text)
                  000010f8    00000270     rtsv7M4_T_le_v4SPD16_eabi.lib : _printfi.c.obj (.text:_pconv_a)
                  00001368    000001e0     Clock.obj (.text)
                  00001548    000001d0     rtsv7M4_T_le_v4SPD16_eabi.lib : _printfi.c.obj (.text:_pconv_g)
                  00001718    000001c0     PWM.obj (.text)
                  000018d8    000001b6     rtsv7M4_T_le_v4SPD16_eabi.lib : fd_add_t2.asm.obj (.text)
                  00001a8e    00000002                                   : div0.asm.obj (.text)
                  00001a90    0000019c     Motor.obj (.text)
                  00001c2c    00000144     Reflectance.obj (.text)
                  00001d70    0000013c     rtsv7M4_T_le_v4SPD16_eabi.lib : _printfi.c.obj (.text:_pconv_e)
                  00001eac    00000136                                   : fd_div_t2.asm.obj (.text)
                  00001fe2    00000002     --HOLE-- [fill = 0]
                  00001fe4    00000124                                   : _printfi.c.obj (.text:fcvt)
                  00002108    00000114                                   : fputs.c.obj (.text:fputs)
                  0000221c    00000110                                   : s_scalbn.c.obj (.text:scalbn)
                  0000232c    00000100                                   : memory.c.obj (.text:aligned_alloc)
                  0000242c    000000fc                                   : fd_mul_t2.asm.obj (.text)
                  00002528    000000f4     ADC14.obj (.text)
                  0000261c    000000e4     rtsv7M4_T_le_v4SPD16_eabi.lib : memory.c.obj (.text:free)
                  00002700    000000dc                                   : setvbuf.c.obj (.text:setvbuf)
                  000027dc    000000c4     main.obj (.text)
                  000028a0    000000b1     rtsv7M4_T_le_v4SPD16_eabi.lib : _printfi.c.obj (.text:_ltostr)
                  00002951    00000003     --HOLE-- [fill = 0]
                  00002954    000000a4     RobotLights.obj (.text)
                  000029f8    0000009c     rtsv7M4_T_le_v4SPD16_eabi.lib : memcpy_t2.asm.obj (.text)
                  00002a94    00000096                                   : ull_div_t2.asm.obj (.text)
                  00002b2a    00000002     --HOLE-- [fill = 0]
                  00002b2c    0000008c                                   : fputc.c.obj (.text:fputc)
                  00002bb8    00000086                                   : fd_cmp_t2.asm.obj (.text:__aeabi_cdcmple)
                  00002c3e    00000086                                   : fd_cmp_t2.asm.obj (.text:__aeabi_cdrcmple)
                  00002cc4    0000007a                                   : memset_t2.asm.obj (.text)
                  00002d3e    00000002     --HOLE-- [fill = 0]
                  00002d40    00000074                                   : fclose.c.obj (.text:__TI_closefile)
                  00002db4    00000070                                   : memory.c.obj (.text:split)
                  00002e24    0000006e                                   : _printfi.c.obj (.text:_mcpy)
                  00002e92    00000002     --HOLE-- [fill = 0]
                  00002e94    0000006c                                   : hostrename.c.obj (.text:HOSTrename)
                  00002f00    00000068                                   : hostlseek.c.obj (.text:HOSTlseek)
                  00002f68    00000068                                   : copy_decompress_lzss.c.obj (.text:decompress:lzss:__TI_decompress_lzss)
                  00002fd0    00000068                                   : printf.c.obj (.text:printf)
                  00003038    00000064                                   : s_frexp.c.obj (.text:frexp)
                  0000309c    00000064                                   : fseek.c.obj (.text:fseek)
                  00003100    00000062                                   : _io_perm.c.obj (.text:__TI_wrt_ok)
                  00003162    00000002     --HOLE-- [fill = 0]
                  00003164    00000060                                   : hostopen.c.obj (.text:HOSTopen)
                  000031c4    0000005c                                   : close.c.obj (.text:close)
                  00003220    00000058                                   : hostread.c.obj (.text:HOSTread)
                  00003278    00000058                                   : hostwrite.c.obj (.text:HOSTwrite)
                  000032d0    00000056                                   : _printfi.c.obj (.text:_pconv_f)
                  00003326    00000054                                   : _ltoa.c.obj (.text:__TI_ltoa)
                  0000337a    00000052                                   : _printfi.c.obj (.text:_ecpy)
                  000033cc    0000004c                                   : fflush.c.obj (.text:__TI_doflush)
                  00003418    0000004c                                   : atoi.c.obj (.text:atoi)
                  00003464    00000048                                   : exit.c.obj (.text:exit)
                  000034ac    00000048                                   : fd_toi_t2.asm.obj (.text)
                  000034f4    00000044                                   : hostclose.c.obj (.text:HOSTclose)
                  00003538    00000044                                   : hostunlink.c.obj (.text:HOSTunlink)
                  0000357c    00000044                                   : autoinit.c.obj (.text:__TI_auto_init_nobinit_nopinit:__TI_auto_init_nobinit_nopinit)
                  000035c0    00000044                                   : getdevice.c.obj (.text:getdevice)
                  00003604    0000003e                                   : _printfi.c.obj (.text:_fcpy)
                  00003642    00000002     --HOLE-- [fill = 0]
                  00003644    00000038                                   : trgmsg.c.obj (.text:__TI_writemsg)
                  0000367c    00000036                                   : strncpy.c.obj (.text:strncpy)
                  000036b2    00000002     --HOLE-- [fill = 0]
                  000036b4    00000034                                   : fopen.c.obj (.text:__TI_cleanup)
                  000036e8    00000034                                   : trgmsg.c.obj (.text:__TI_readmsg)
                  0000371c    00000034                                   : boot_cortex_m.c.obj (.text:_c_int00_noargs:_c_int00_noargs)
                  00003750    00000030                                   : getdevice.c.obj (.text:finddevice)
                  00003780    0000002e                                   : i_tofd_t2.asm.obj (.text)
                  000037ae    00000002     --HOLE-- [fill = 0]
                  000037b0    0000002c                                   : unlink.c.obj (.text:unlink)
                  000037dc    00000028                                   : memory.c.obj (.text:free_list_insert)
                  00003804    00000028                                   : lseek.c.obj (.text:lseek)
                  0000382c    00000028                                   : write.c.obj (.text:write)
                  00003854    00000024     CortexM.obj (.text)
                  00003878    00000020     rtsv7M4_T_le_v4SPD16_eabi.lib : memchr.c.obj (.text:memchr)
                  00003898    0000001c                                   : copy_zero_init.c.obj (.text:decompress:ZI:__TI_zero_init_nomemset:__TI_zero_init_nomemset)
                  000038b4    0000001c                                   : memory.c.obj (.text:free_list_remove)
                  000038d0    0000001c                                   : memccpy.c.obj (.text:memccpy)
                  000038ec    0000001a                                   : s_copysign.c.obj (.text:copysign)
                  00003906    00000018                                   : strcmp.c.obj (.text:strcmp)
                  0000391e    00000016                                   : strchr.c.obj (.text:strchr)
                  00003934    00000014                                   : strcpy.c.obj (.text:strcpy)
                  00003948    00000014                                   : strlen.c.obj (.text:strlen)
                  0000395c    00000012                                   : wcslen.c.obj (.text:wcslen)
                  0000396e    0000000e                                   : copy_decompress_none.c.obj (.text:decompress:none:__TI_decompress_none)
                  0000397c    0000000e     startup_msp432p401r_ccs.obj (.text)
                  0000398a    00000002     --HOLE-- [fill = 0]
                  0000398c    00000008     rtsv7M4_T_le_v4SPD16_eabi.lib : errno.c.obj (.text:__aeabi_errno_addr)
                  00003994    00000008                                   : memory.c.obj (.text:malloc)
                  0000399c    00000004                                   : printf.c.obj (.text:_outc)
                  000039a0    00000004                                   : printf.c.obj (.text:_outs)
                  000039a4    00000004                                   : pre_init.c.obj (.text:_system_pre_init)
                  000039a8    00000004                                   : exit.c.obj (.text:abort:abort)

.const     0    000039ac    00000101     
                  000039ac    00000101     rtsv7M4_T_le_v4SPD16_eabi.lib : ctype.c.obj (.const:.string:_ctypes_)

.cinit     0    00003ab0    00000098     
                  00003ab0    0000006f     (.cinit..data.load) [load image, compression = lzss]
                  00003b1f    00000001     --HOLE-- [fill = 0]
                  00003b20    0000000c     (__TI_handler_table)
                  00003b2c    00000004     --HOLE-- [fill = 0]
                  00003b30    00000008     (.cinit..bss.load) [load image, compression = zero_init]
                  00003b38    00000010     (__TI_cinit_table)

.init_array 
*          0    00000000    00000000     UNINITIALIZED

.binit     0    00000000    00000000     

.sysmem    0    20000000    00000400     UNINITIALIZED
                  20000000    00000010     rtsv7M4_T_le_v4SPD16_eabi.lib : memory.c.obj (.sysmem)
                  20000010    000003f0     --HOLE--

.data      0    20000400    00000204     UNINITIALIZED
                  20000400    000000f0     rtsv7M4_T_le_v4SPD16_eabi.lib : defs.c.obj (.data:_ftable)
                  200004f0    00000078                                   : host_device.c.obj (.data:_device)
                  20000568    00000050                                   : host_device.c.obj (.data:_stream)
                  200005b8    00000018     Clock.obj (.data)
                  200005d0    00000010     rtsv7M4_T_le_v4SPD16_eabi.lib : defs.c.obj (.data)
                  200005e0    0000000c                                   : exit.c.obj (.data:$O1$$)
                  200005ec    00000008                                   : _lock.c.obj (.data:$O1$$)
                  200005f4    00000008                                   : memory.c.obj (.data:$O1$$)
                  200005fc    00000004                                   : errno.c.obj (.data)
                  20000600    00000004     system_msp432p401r.obj (.data)

.bss       0    20000604    000001cc     UNINITIALIZED
                  20000604    00000120     rtsv7M4_T_le_v4SPD16_eabi.lib : trgmsg.c.obj (.bss:_CIOBUF_)
                  20000724    000000a0     (.common:__TI_tmpnams)
                  200007c4    00000008     (.common:parmbuf)
                  200007cc    00000004     (.common:rTask)

.stack     0    2000fe00    00000200     UNINITIALIZED
                  2000fe00    00000004     rtsv7M4_T_le_v4SPD16_eabi.lib : boot_cortex_m.c.obj (.stack)
                  2000fe04    000001fc     --HOLE--

__llvm_prf_cnts 
*          0    20000000    00000000     UNINITIALIZED

MODULE SUMMARY

       Module                        code    ro data   rw data
       ------                        ----    -------   -------
    .\
       system_msp432p401r.obj        820     0         8      
       BumpInt.obj                   656     0         8      
       Clock.obj                     480     0         48     
       PWM.obj                       448     0         0      
       Motor.obj                     412     0         0      
       Reflectance.obj               324     0         0      
       ADC14.obj                     244     0         0      
       startup_msp432p401r_ccs.obj   14      228       0      
       main.obj                      196     0         0      
       RobotLights.obj               164     0         0      
       CortexM.obj                   36      0         0      
    +--+-----------------------------+-------+---------+---------+
       Total:                        3794    228       64     
                                                              
    C:\ti\ccs1281\ccs\tools\compiler\ti-cgt-arm_20.2.7.LTS\lib\rtsv7M4_T_le_v4SPD16_eabi.lib
       _printfi.c.obj                4851    0         0      
       defs.c.obj                    0       0         832    
       memory.c.obj                  672     0         16     
       trgmsg.c.obj                  108     0         576    
       fd_add_t2.asm.obj             438     0         0      
       host_device.c.obj             0       0         400    
       fd_div_t2.asm.obj             310     0         0      
       fputs.c.obj                   276     0         0      
       s_scalbn.c.obj                272     0         0      
       fd_cmp_t2.asm.obj             268     0         0      
       ctype.c.obj                   0       257       0      
       fd_mul_t2.asm.obj             252     0         0      
       setvbuf.c.obj                 220     0         0      
       memcpy_t2.asm.obj             156     0         0      
       ull_div_t2.asm.obj            150     0         0      
       fputc.c.obj                   140     0         0      
       memset_t2.asm.obj             122     0         0      
       fclose.c.obj                  116     0         0      
       getdevice.c.obj               116     0         0      
       hostopen.c.obj                96      0         16     
       printf.c.obj                  112     0         0      
       hostrename.c.obj              108     0         0      
       copy_decompress_lzss.c.obj    104     0         0      
       hostlseek.c.obj               104     0         0      
       exit.c.obj                    76      0         24     
       fseek.c.obj                   100     0         0      
       s_frexp.c.obj                 100     0         0      
       _io_perm.c.obj                98      0         0      
       close.c.obj                   92      0         0      
       hostread.c.obj                88      0         0      
       hostwrite.c.obj               88      0         0      
       _ltoa.c.obj                   84      0         0      
       atoi.c.obj                    76      0         0      
       fflush.c.obj                  76      0         0      
       fd_toi_t2.asm.obj             72      0         0      
       autoinit.c.obj                68      0         0      
       hostclose.c.obj               68      0         0      
       hostunlink.c.obj              68      0         0      
       strncpy.c.obj                 54      0         0      
       boot_cortex_m.c.obj           52      0         0      
       fopen.c.obj                   52      0         0      
       i_tofd_t2.asm.obj             46      0         0      
       unlink.c.obj                  44      0         0      
       lseek.c.obj                   40      0         0      
       write.c.obj                   40      0         0      
       memchr.c.obj                  32      0         0      
       copy_zero_init.c.obj          28      0         0      
       memccpy.c.obj                 28      0         0      
       s_copysign.c.obj              26      0         0      
       strcmp.c.obj                  24      0         0      
       strchr.c.obj                  22      0         0      
       strcpy.c.obj                  20      0         0      
       strlen.c.obj                  20      0         0      
       _lock.c.obj                   2       0         16     
       wcslen.c.obj                  18      0         0      
       errno.c.obj                   8       0         8      
       copy_decompress_none.c.obj    14      0         0      
       pre_init.c.obj                4       0         0      
       div0.asm.obj                  2       0         0      
    +--+-----------------------------+-------+---------+---------+
       Total:                        10721   257       1888   
                                                              
       Heap:                         0       0         2048   
       Stack:                        0       0         1024   
       Linker Generated:             0       147       0      
    +--+-----------------------------+-------+---------+---------+
       Grand Total:                  14515   632       5024   


LINKER GENERATED COPY TABLES

__TI_cinit_table @ 00003b38 records: 2, size/record: 8, table size: 16
	.data: load addr=00003ab0, load size=0000006f bytes, run addr=20000400, run size=00000204 bytes, compression=lzss
	.bss: load addr=00003b30, load size=00000008 bytes, run addr=20000604, run size=000001cc bytes, compression=zero_init


LINKER GENERATED HANDLER TABLE

__TI_handler_table @ 00003b20 records: 3, size/record: 4, table size: 12
	index: 0, handler: __TI_decompress_lzss
	index: 1, handler: __TI_decompress_none
	index: 2, handler: __TI_zero_init


GLOBAL SYMBOLS: SORTED ALPHABETICALLY BY Name 

address   name                           
-------   ----                           
00002529  ADC0_InitSWTriggerCh17_14_16   
00003989  ADC14_IRQHandler               
00002599  ADC_In17_14_16                 
00003989  AES256_IRQHandler              
000029cb  Back_Lights_OFF                
000029bf  Back_Lights_ON                 
00000e69  BumpInt_Init                   
00000f91  BumpTask                       
00000ee3  Bump_Read                      
00003989  BusFault_Handler               
000039a9  C$$EXIT                        
00003673  C$$IO$$                        
00003989  COMP_E0_IRQHandler             
00003989  COMP_E1_IRQHandler             
200005c0  CPMwait                        
00003989  CS_IRQHandler                  
200005b8  ClockFrequency                 
000014bd  Clock_Delay1ms                 
00001493  Clock_Delay1us                 
0000147f  Clock_GetFreq                  
00001369  Clock_Init48MHz                
200005cc  Crystalstable                  
00003989  DMA_ERR_IRQHandler             
00003989  DMA_INT0_IRQHandler            
00003989  DMA_INT1_IRQHandler            
00003989  DMA_INT2_IRQHandler            
00003989  DMA_INT3_IRQHandler            
00003989  DebugMon_Handler               
00003989  Default_Handler                
00003855  DisableInterrupts              
00003989  EUSCIA0_IRQHandler             
00003989  EUSCIA1_IRQHandler             
00003989  EUSCIA2_IRQHandler             
00003989  EUSCIA3_IRQHandler             
00003989  EUSCIB0_IRQHandler             
00003989  EUSCIB1_IRQHandler             
00003989  EUSCIB2_IRQHandler             
00003989  EUSCIB3_IRQHandler             
0000385b  EnableInterrupts               
0000386b  EndCritical                    
00003989  FLCTL_IRQHandler               
00003989  FPU_IRQHandler                 
000029a9  Front_Lights_OFF               
00002993  Front_Lights_ON                
000034f5  HOSTclose                      
00002f01  HOSTlseek                      
00003165  HOSTopen                       
00003221  HOSTread                       
00002e95  HOSTrename                     
00003539  HOSTunlink                     
00003279  HOSTwrite                      
00003989  HardFault_Handler              
200005c8  IFlags                         
00003989  MemManage_Handler              
00001bd7  Motor_Backward                 
00001b2b  Motor_Forward                  
00001a91  Motor_Init                     
00001b63  Motor_Left                     
00001b9d  Motor_Right                    
00001b0d  Motor_Stop                     
00002955  MvtLED_Init                    
00003989  NMI_Handler                    
00003989  PCM_IRQHandler                 
00003989  PORT1_IRQHandler               
00003989  PORT2_IRQHandler               
00003989  PORT3_IRQHandler               
00000f79  PORT4_IRQHandler               
00000f79  PORT4_IRQHandler               
00003989  PORT5_IRQHandler               
00003989  PORT6_IRQHandler               
00003989  PSS_IRQHandler                 
0000179d  PWM_Duty1                      
000017bd  PWM_Duty2                      
00001861  PWM_Duty3                      
00001881  PWM_Duty4                      
00001719  PWM_Init12                     
000017dd  PWM_Init34                     
00003989  PendSV_Handler                 
200005c4  Postwait                       
200005bc  Prewait                        
00003989  RTC_C_IRQHandler               
00001ced  Reflectance_Center             
00001c2d  Reflectance_Init               
00001c7f  Reflectance_Read               
0000397d  Reset_Handler                  
00003989  SVC_Handler                    
00003861  StartCritical                  
00003989  SysTick_Handler                
20000600  SystemCoreClock                
00000b35  SystemCoreClockUpdate          
00000dad  SystemInit                     
00003989  T32_INT1_IRQHandler            
00003989  T32_INT2_IRQHandler            
00003989  T32_INTC_IRQHandler            
00003989  TA0_0_IRQHandler               
00003989  TA0_N_IRQHandler               
00003989  TA1_0_IRQHandler               
00003989  TA1_N_IRQHandler               
00003989  TA2_0_IRQHandler               
00003989  TA2_N_IRQHandler               
00003989  TA3_0_IRQHandler               
00003989  TA3_N_IRQHandler               
00003989  UsageFault_Handler             
4000480c  WDTCTL_SYM                     
00003989  WDT_A_IRQHandler               
00003873  WaitForInterrupt               
20000604  __CIOBUF_                      
20010000  __STACK_END                    
00000200  __STACK_SIZE                   
00000400  __SYSMEM_SIZE                  
00003b38  __TI_CINIT_Base                
00003b48  __TI_CINIT_Limit               
00003b20  __TI_Handler_Table_Base        
00003b2c  __TI_Handler_Table_Limit       
0000357d  __TI_auto_init_nobinit_nopinit 
000036b5  __TI_cleanup                   
200005e0  __TI_cleanup_ptr               
00002d41  __TI_closefile                 
00002f69  __TI_decompress_lzss           
0000396f  __TI_decompress_none           
000033cd  __TI_doflush                   
200005e4  __TI_dtors_ptr                 
200005e8  __TI_enable_exit_profile_output
200005d0  __TI_ft_end                    
00003327  __TI_ltoa                      
ffffffff  __TI_pprof_out_hndl            
000000e5  __TI_printfi                   
ffffffff  __TI_prof_data_size            
ffffffff  __TI_prof_data_start           
000036e9  __TI_readmsg                   
00000000  __TI_static_base__             
20000724  __TI_tmpnams                   
00003645  __TI_writemsg                  
00003101  __TI_wrt_ok                    
00003899  __TI_zero_init_nomemset        
00002bb9  __aeabi_cdcmpeq                
00002bb9  __aeabi_cdcmple                
00002c3f  __aeabi_cdrcmple               
000034ad  __aeabi_d2iz                   
000018e3  __aeabi_dadd                   
00001ead  __aeabi_ddiv                   
0000242d  __aeabi_dmul                   
000018d9  __aeabi_dsub                   
0000398d  __aeabi_errno_addr             
00003781  __aeabi_i2d                    
00001a8f  __aeabi_idiv0                  
00001a8f  __aeabi_ldiv0                  
00002cc5  __aeabi_memclr                 
00002cc5  __aeabi_memclr4                
00002cc5  __aeabi_memclr8                
000029f9  __aeabi_memcpy                 
000029f9  __aeabi_memcpy4                
000029f9  __aeabi_memcpy8                
00002cc7  __aeabi_memset                 
00002cc7  __aeabi_memset4                
00002cc7  __aeabi_memset8                
200005dc  __aeabi_stderr                 
200005d4  __aeabi_stdin                  
200005d8  __aeabi_stdout                 
00002a95  __aeabi_uldivmod               
ffffffff  __binit__                      
ffffffff  __c_args__                     
UNDEFED   __mpu_init                     
2000fe00  __stack                        
20000000  __start___llvm_prf_cnts        
20000000  __stop___llvm_prf_cnts         
0000371d  _c_int00_noargs                
000039ac  _ctypes_                       
200004f0  _device                        
20000400  _ftable                        
200005ec  _lock                          
00000b33  _nop                           
20000568  _stream                        
20000000  _sys_memory                    
UNDEFED   _system_post_cinit             
000039a5  _system_pre_init               
200005f0  _unlock                        
000039a9  abort                          
0000232d  aligned_alloc                  
00003419  atoi                           
ffffffff  binit                          
000031c5  close                          
000038ed  copysign                       
000038ed  copysignl                      
00001485  delay                          
200005fc  errno                          
00003465  exit                           
00003751  finddevice                     
00002b2d  fputc                          
00002109  fputs                          
0000261d  free                           
00003039  frexp                          
00003039  frexpl                         
0000309d  fseek                          
000035c1  getdevice                      
00000000  interruptVectors               
0000221d  ldexp                          
0000221d  ldexpl                         
00003805  lseek                          
000027dd  main                           
00003995  malloc                         
0000232d  memalign                       
000038d1  memccpy                        
00003879  memchr                         
000029f9  memcpy                         
00002ccd  memset                         
200007c4  parmbuf                        
00002fd1  printf                         
00002b2d  putc                           
200007cc  rTask                          
000037b1  remove                         
0000221d  scalbn                         
0000221d  scalbnl                        
00002701  setvbuf                        
0000391f  strchr                         
00003907  strcmp                         
00003935  strcpy                         
00003949  strlen                         
0000367d  strncpy                        
000037b1  unlink                         
0000395d  wcslen                         
0000382d  write                          


GLOBAL SYMBOLS: SORTED BY Symbol Address 

address   name                           
-------   ----                           
00000000  __TI_static_base__             
00000000  interruptVectors               
000000e5  __TI_printfi                   
00000200  __STACK_SIZE                   
00000400  __SYSMEM_SIZE                  
00000b33  _nop                           
00000b35  SystemCoreClockUpdate          
00000dad  SystemInit                     
00000e69  BumpInt_Init                   
00000ee3  Bump_Read                      
00000f79  PORT4_IRQHandler               
00000f79  PORT4_IRQHandler               
00000f91  BumpTask                       
00001369  Clock_Init48MHz                
0000147f  Clock_GetFreq                  
00001485  delay                          
00001493  Clock_Delay1us                 
000014bd  Clock_Delay1ms                 
00001719  PWM_Init12                     
0000179d  PWM_Duty1                      
000017bd  PWM_Duty2                      
000017dd  PWM_Init34                     
00001861  PWM_Duty3                      
00001881  PWM_Duty4                      
000018d9  __aeabi_dsub                   
000018e3  __aeabi_dadd                   
00001a8f  __aeabi_idiv0                  
00001a8f  __aeabi_ldiv0                  
00001a91  Motor_Init                     
00001b0d  Motor_Stop                     
00001b2b  Motor_Forward                  
00001b63  Motor_Left                     
00001b9d  Motor_Right                    
00001bd7  Motor_Backward                 
00001c2d  Reflectance_Init               
00001c7f  Reflectance_Read               
00001ced  Reflectance_Center             
00001ead  __aeabi_ddiv                   
00002109  fputs                          
0000221d  ldexp                          
0000221d  ldexpl                         
0000221d  scalbn                         
0000221d  scalbnl                        
0000232d  aligned_alloc                  
0000232d  memalign                       
0000242d  __aeabi_dmul                   
00002529  ADC0_InitSWTriggerCh17_14_16   
00002599  ADC_In17_14_16                 
0000261d  free                           
00002701  setvbuf                        
000027dd  main                           
00002955  MvtLED_Init                    
00002993  Front_Lights_ON                
000029a9  Front_Lights_OFF               
000029bf  Back_Lights_ON                 
000029cb  Back_Lights_OFF                
000029f9  __aeabi_memcpy                 
000029f9  __aeabi_memcpy4                
000029f9  __aeabi_memcpy8                
000029f9  memcpy                         
00002a95  __aeabi_uldivmod               
00002b2d  fputc                          
00002b2d  putc                           
00002bb9  __aeabi_cdcmpeq                
00002bb9  __aeabi_cdcmple                
00002c3f  __aeabi_cdrcmple               
00002cc5  __aeabi_memclr                 
00002cc5  __aeabi_memclr4                
00002cc5  __aeabi_memclr8                
00002cc7  __aeabi_memset                 
00002cc7  __aeabi_memset4                
00002cc7  __aeabi_memset8                
00002ccd  memset                         
00002d41  __TI_closefile                 
00002e95  HOSTrename                     
00002f01  HOSTlseek                      
00002f69  __TI_decompress_lzss           
00002fd1  printf                         
00003039  frexp                          
00003039  frexpl                         
0000309d  fseek                          
00003101  __TI_wrt_ok                    
00003165  HOSTopen                       
000031c5  close                          
00003221  HOSTread                       
00003279  HOSTwrite                      
00003327  __TI_ltoa                      
000033cd  __TI_doflush                   
00003419  atoi                           
00003465  exit                           
000034ad  __aeabi_d2iz                   
000034f5  HOSTclose                      
00003539  HOSTunlink                     
0000357d  __TI_auto_init_nobinit_nopinit 
000035c1  getdevice                      
00003645  __TI_writemsg                  
00003673  C$$IO$$                        
0000367d  strncpy                        
000036b5  __TI_cleanup                   
000036e9  __TI_readmsg                   
0000371d  _c_int00_noargs                
00003751  finddevice                     
00003781  __aeabi_i2d                    
000037b1  remove                         
000037b1  unlink                         
00003805  lseek                          
0000382d  write                          
00003855  DisableInterrupts              
0000385b  EnableInterrupts               
00003861  StartCritical                  
0000386b  EndCritical                    
00003873  WaitForInterrupt               
00003879  memchr                         
00003899  __TI_zero_init_nomemset        
000038d1  memccpy                        
000038ed  copysign                       
000038ed  copysignl                      
00003907  strcmp                         
0000391f  strchr                         
00003935  strcpy                         
00003949  strlen                         
0000395d  wcslen                         
0000396f  __TI_decompress_none           
0000397d  Reset_Handler                  
00003989  ADC14_IRQHandler               
00003989  AES256_IRQHandler              
00003989  BusFault_Handler               
00003989  COMP_E0_IRQHandler             
00003989  COMP_E1_IRQHandler             
00003989  CS_IRQHandler                  
00003989  DMA_ERR_IRQHandler             
00003989  DMA_INT0_IRQHandler            
00003989  DMA_INT1_IRQHandler            
00003989  DMA_INT2_IRQHandler            
00003989  DMA_INT3_IRQHandler            
00003989  DebugMon_Handler               
00003989  Default_Handler                
00003989  EUSCIA0_IRQHandler             
00003989  EUSCIA1_IRQHandler             
00003989  EUSCIA2_IRQHandler             
00003989  EUSCIA3_IRQHandler             
00003989  EUSCIB0_IRQHandler             
00003989  EUSCIB1_IRQHandler             
00003989  EUSCIB2_IRQHandler             
00003989  EUSCIB3_IRQHandler             
00003989  FLCTL_IRQHandler               
00003989  FPU_IRQHandler                 
00003989  HardFault_Handler              
00003989  MemManage_Handler              
00003989  NMI_Handler                    
00003989  PCM_IRQHandler                 
00003989  PORT1_IRQHandler               
00003989  PORT2_IRQHandler               
00003989  PORT3_IRQHandler               
00003989  PORT5_IRQHandler               
00003989  PORT6_IRQHandler               
00003989  PSS_IRQHandler                 
00003989  PendSV_Handler                 
00003989  RTC_C_IRQHandler               
00003989  SVC_Handler                    
00003989  SysTick_Handler                
00003989  T32_INT1_IRQHandler            
00003989  T32_INT2_IRQHandler            
00003989  T32_INTC_IRQHandler            
00003989  TA0_0_IRQHandler               
00003989  TA0_N_IRQHandler               
00003989  TA1_0_IRQHandler               
00003989  TA1_N_IRQHandler               
00003989  TA2_0_IRQHandler               
00003989  TA2_N_IRQHandler               
00003989  TA3_0_IRQHandler               
00003989  TA3_N_IRQHandler               
00003989  UsageFault_Handler             
00003989  WDT_A_IRQHandler               
0000398d  __aeabi_errno_addr             
00003995  malloc                         
000039a5  _system_pre_init               
000039a9  C$$EXIT                        
000039a9  abort                          
000039ac  _ctypes_                       
00003b20  __TI_Handler_Table_Base        
00003b2c  __TI_Handler_Table_Limit       
00003b38  __TI_CINIT_Base                
00003b48  __TI_CINIT_Limit               
20000000  __start___llvm_prf_cnts        
20000000  __stop___llvm_prf_cnts         
20000000  _sys_memory                    
20000400  _ftable                        
200004f0  _device                        
20000568  _stream                        
200005b8  ClockFrequency                 
200005bc  Prewait                        
200005c0  CPMwait                        
200005c4  Postwait                       
200005c8  IFlags                         
200005cc  Crystalstable                  
200005d0  __TI_ft_end                    
200005d4  __aeabi_stdin                  
200005d8  __aeabi_stdout                 
200005dc  __aeabi_stderr                 
200005e0  __TI_cleanup_ptr               
200005e4  __TI_dtors_ptr                 
200005e8  __TI_enable_exit_profile_output
200005ec  _lock                          
200005f0  _unlock                        
200005fc  errno                          
20000600  SystemCoreClock                
20000604  __CIOBUF_                      
20000724  __TI_tmpnams                   
200007c4  parmbuf                        
200007cc  rTask                          
2000fe00  __stack                        
20010000  __STACK_END                    
4000480c  WDTCTL_SYM                     
ffffffff  __TI_pprof_out_hndl            
ffffffff  __TI_prof_data_size            
ffffffff  __TI_prof_data_start           
ffffffff  __binit__                      
ffffffff  __c_args__                     
ffffffff  binit                          
UNDEFED   __mpu_init                     
UNDEFED   _system_post_cinit             

[222 symbols]
