******************************************************************************
                  TI ARM Linker PC v20.2.7                     
******************************************************************************
>> Linked Tue Apr 14 14:09:07 2026

OUTPUT FILE NAME:   <Lab 9.out>
ENTRY POINT SYMBOL: "_c_int00_noargs"  address: 00004a95


MEMORY CONFIGURATION

         name            origin    length      used     unused   attr    fill
----------------------  --------  ---------  --------  --------  ----  --------
  MAIN                  00000000   00040000  00004ef5  0003b10b  R  X
  INFO                  00200000   00004000  00000000  00004000  R  X
  SRAM_CODE             01000000   00010000  00000afc  0000f504  RW X
  SRAM_DATA             20000000   00010000  00000afc  0000f504  RW  


SEGMENT ALLOCATION MAP

run origin  load origin   length   init length attrs members
----------  ----------- ---------- ----------- ----- -------
00000000    00000000    00004ef8   00004ef8    r-x
  00000000    00000000    000000e4   000000e4    r-- .intvecs
  000000e4    000000e4    00004c78   00004c78    r-x .text
  00004d5c    00004d5c    00000101   00000101    r-- .const
  00004e60    00004e60    00000098   00000098    r-- .cinit
20000000    20000000    000008fc   00000000    rw-
  20000000    20000000    00000400   00000000    rw- .sysmem
  20000400    20000400    000002e8   00000000    rw- .bss
  200006e8    200006e8    00000214   00000000    rw- .data
2000fe00    2000fe00    00000200   00000000    rw-
  2000fe00    2000fe00    00000200   00000000    rw- .stack


SECTION ALLOCATION MAP

 output                                  attributes/
section   page    origin      length       input sections
--------  ----  ----------  ----------   ----------------
.intvecs   0    00000000    000000e4     
                  00000000    000000e4     startup_msp432p401r_ccs.obj (.intvecs:retain)

.text      0    000000e4    00004c78     
                  000000e4    00001018     Precision_Moves.obj (.text)
                  000010fc    00000a4e     rtsv7M4_T_le_v4SPD16_eabi.lib : _printfi.c.obj (.text:__TI_printfi)
                  00001b4a    00000002                                   : _lock.c.obj (.text:_nop)
                  00001b4c    00000334     system_msp432p401r.obj (.text)
                  00001e80    00000290     BumpInt.obj (.text)
                  00002110    00000270     rtsv7M4_T_le_v4SPD16_eabi.lib : _printfi.c.obj (.text:_pconv_a)
                  00002380    000001e0     Clock.obj (.text)
                  00002560    000001d0     rtsv7M4_T_le_v4SPD16_eabi.lib : _printfi.c.obj (.text:_pconv_g)
                  00002730    000001c0     PWM.obj (.text)
                  000028f0    000001b6     rtsv7M4_T_le_v4SPD16_eabi.lib : fd_add_t2.asm.obj (.text)
                  00002aa6    00000002                                   : div0.asm.obj (.text)
                  00002aa8    000001a4     UART1.obj (.text)
                  00002c4c    0000019c     Motor.obj (.text)
                  00002de8    00000168     main.obj (.text)
                  00002f50    00000158     Tachometer.obj (.text)
                  000030a8    0000013c     rtsv7M4_T_le_v4SPD16_eabi.lib : _printfi.c.obj (.text:_pconv_e)
                  000031e4    00000136                                   : fd_div_t2.asm.obj (.text)
                  0000331a    00000002     --HOLE-- [fill = 0]
                  0000331c    00000124                                   : _printfi.c.obj (.text:fcvt)
                  00003440    00000114                                   : fputs.c.obj (.text:fputs)
                  00003554    00000110                                   : s_scalbn.c.obj (.text:scalbn)
                  00003664    00000100                                   : memory.c.obj (.text:aligned_alloc)
                  00003764    000000fc                                   : fd_mul_t2.asm.obj (.text)
                  00003860    000000f4     TA3InputCapture.obj (.text)
                  00003954    000000e4     rtsv7M4_T_le_v4SPD16_eabi.lib : memory.c.obj (.text:free)
                  00003a38    000000dc                                   : setvbuf.c.obj (.text:setvbuf)
                  00003b14    000000c0     GPIO.obj (.text)
                  00003bd4    000000b1     rtsv7M4_T_le_v4SPD16_eabi.lib : _printfi.c.obj (.text:_ltostr)
                  00003c85    00000003     --HOLE-- [fill = 0]
                  00003c88    000000a4     RobotLights.obj (.text)
                  00003d2c    0000009c     rtsv7M4_T_le_v4SPD16_eabi.lib : memcpy_t2.asm.obj (.text)
                  00003dc8    00000096                                   : ull_div_t2.asm.obj (.text)
                  00003e5e    00000002     --HOLE-- [fill = 0]
                  00003e60    0000008c                                   : fputc.c.obj (.text:fputc)
                  00003eec    00000086                                   : fd_cmp_t2.asm.obj (.text:__aeabi_cdcmple)
                  00003f72    00000086                                   : fd_cmp_t2.asm.obj (.text:__aeabi_cdrcmple)
                  00003ff8    0000007a                                   : memset_t2.asm.obj (.text)
                  00004072    00000002     --HOLE-- [fill = 0]
                  00004074    00000074                                   : fclose.c.obj (.text:__TI_closefile)
                  000040e8    00000070                                   : memory.c.obj (.text:split)
                  00004158    0000006e                                   : _printfi.c.obj (.text:_mcpy)
                  000041c6    00000002     --HOLE-- [fill = 0]
                  000041c8    0000006c                                   : hostrename.c.obj (.text:HOSTrename)
                  00004234    00000068                                   : hostlseek.c.obj (.text:HOSTlseek)
                  0000429c    00000068                                   : copy_decompress_lzss.c.obj (.text:decompress:lzss:__TI_decompress_lzss)
                  00004304    00000068                                   : printf.c.obj (.text:printf)
                  0000436c    00000064                                   : s_frexp.c.obj (.text:frexp)
                  000043d0    00000064                                   : fseek.c.obj (.text:fseek)
                  00004434    00000062                                   : _io_perm.c.obj (.text:__TI_wrt_ok)
                  00004496    00000002     --HOLE-- [fill = 0]
                  00004498    00000060                                   : hostopen.c.obj (.text:HOSTopen)
                  000044f8    0000005c                                   : close.c.obj (.text:close)
                  00004554    00000058                                   : hostread.c.obj (.text:HOSTread)
                  000045ac    00000058                                   : hostwrite.c.obj (.text:HOSTwrite)
                  00004604    00000056                                   : _printfi.c.obj (.text:_pconv_f)
                  0000465a    00000054                                   : _ltoa.c.obj (.text:__TI_ltoa)
                  000046ae    00000052                                   : _printfi.c.obj (.text:_ecpy)
                  00004700    0000004c                                   : fflush.c.obj (.text:__TI_doflush)
                  0000474c    0000004c                                   : atoi.c.obj (.text:atoi)
                  00004798    00000048                                   : exit.c.obj (.text:exit)
                  000047e0    00000048                                   : fd_toi_t2.asm.obj (.text)
                  00004828    00000044                                   : hostclose.c.obj (.text:HOSTclose)
                  0000486c    00000044                                   : hostunlink.c.obj (.text:HOSTunlink)
                  000048b0    00000044                                   : autoinit.c.obj (.text:__TI_auto_init_nobinit_nopinit:__TI_auto_init_nobinit_nopinit)
                  000048f4    00000044                                   : getdevice.c.obj (.text:getdevice)
                  00004938    00000044                                   : fd_tou_t2.asm.obj (.text)
                  0000497c    0000003e                                   : _printfi.c.obj (.text:_fcpy)
                  000049ba    00000002     --HOLE-- [fill = 0]
                  000049bc    00000038                                   : trgmsg.c.obj (.text:__TI_writemsg)
                  000049f4    00000036                                   : strncpy.c.obj (.text:strncpy)
                  00004a2a    00000002     --HOLE-- [fill = 0]
                  00004a2c    00000034                                   : fopen.c.obj (.text:__TI_cleanup)
                  00004a60    00000034                                   : trgmsg.c.obj (.text:__TI_readmsg)
                  00004a94    00000034                                   : boot_cortex_m.c.obj (.text:_c_int00_noargs:_c_int00_noargs)
                  00004ac8    00000030                                   : getdevice.c.obj (.text:finddevice)
                  00004af8    0000002e                                   : i_tofd_t2.asm.obj (.text)
                  00004b26    00000002     --HOLE-- [fill = 0]
                  00004b28    0000002c                                   : unlink.c.obj (.text:unlink)
                  00004b54    00000028                                   : memory.c.obj (.text:free_list_insert)
                  00004b7c    00000028                                   : lseek.c.obj (.text:lseek)
                  00004ba4    00000028                                   : write.c.obj (.text:write)
                  00004bcc    00000024     CortexM.obj (.text)
                  00004bf0    00000020     rtsv7M4_T_le_v4SPD16_eabi.lib : memchr.c.obj (.text:memchr)
                  00004c10    00000020                                   : u_tofd_t2.asm.obj (.text)
                  00004c30    0000001c                                   : copy_zero_init.c.obj (.text:decompress:ZI:__TI_zero_init_nomemset:__TI_zero_init_nomemset)
                  00004c4c    0000001c                                   : memory.c.obj (.text:free_list_remove)
                  00004c68    0000001c                                   : memccpy.c.obj (.text:memccpy)
                  00004c84    0000001a                                   : s_copysign.c.obj (.text:copysign)
                  00004c9e    00000018                                   : ll_mul_t2.asm.obj (.text)
                  00004cb6    00000018                                   : strcmp.c.obj (.text:strcmp)
                  00004cce    00000016                                   : strchr.c.obj (.text:strchr)
                  00004ce4    00000014                                   : strcpy.c.obj (.text:strcpy)
                  00004cf8    00000014                                   : strlen.c.obj (.text:strlen)
                  00004d0c    00000012                                   : wcslen.c.obj (.text:wcslen)
                  00004d1e    0000000e                                   : copy_decompress_none.c.obj (.text:decompress:none:__TI_decompress_none)
                  00004d2c    0000000e     startup_msp432p401r_ccs.obj (.text)
                  00004d3a    00000002     --HOLE-- [fill = 0]
                  00004d3c    00000008     rtsv7M4_T_le_v4SPD16_eabi.lib : errno.c.obj (.text:__aeabi_errno_addr)
                  00004d44    00000008                                   : memory.c.obj (.text:malloc)
                  00004d4c    00000004                                   : printf.c.obj (.text:_outc)
                  00004d50    00000004                                   : printf.c.obj (.text:_outs)
                  00004d54    00000004                                   : pre_init.c.obj (.text:_system_pre_init)
                  00004d58    00000004                                   : exit.c.obj (.text:abort:abort)

.const     0    00004d5c    00000101     
                  00004d5c    00000101     rtsv7M4_T_le_v4SPD16_eabi.lib : ctype.c.obj (.const:.string:_ctypes_)

.cinit     0    00004e60    00000098     
                  00004e60    0000006f     (.cinit..data.load) [load image, compression = lzss]
                  00004ecf    00000001     --HOLE-- [fill = 0]
                  00004ed0    0000000c     (__TI_handler_table)
                  00004edc    00000004     --HOLE-- [fill = 0]
                  00004ee0    00000008     (.cinit..bss.load) [load image, compression = zero_init]
                  00004ee8    00000010     (__TI_cinit_table)

.init_array 
*          0    00000000    00000000     UNINITIALIZED

.binit     0    00000000    00000000     

.sysmem    0    20000000    00000400     UNINITIALIZED
                  20000000    00000010     rtsv7M4_T_le_v4SPD16_eabi.lib : memory.c.obj (.sysmem)
                  20000010    000003f0     --HOLE--

.bss       0    20000400    000002e8     UNINITIALIZED
                  20000400    00000120     rtsv7M4_T_le_v4SPD16_eabi.lib : trgmsg.c.obj (.bss:_CIOBUF_)
                  20000520    00000100     (.common:RxFIFO)
                  20000620    000000a0     (.common:__TI_tmpnams)
                  200006c0    00000008     (.common:parmbuf)
                  200006c8    00000004     (.common:CaptureTask0)
                  200006cc    00000004     (.common:CaptureTask1)
                  200006d0    00000004     (.common:RxFifoLost)
                  200006d4    00000004     (.common:RxGetI)
                  200006d8    00000004     (.common:RxPutI)
                  200006dc    00000004     (.common:rTask)
                  200006e0    00000002     (.common:Tachometer_FirstLeftTime)
                  200006e2    00000002     (.common:Tachometer_FirstRightTime)
                  200006e4    00000002     (.common:Tachometer_SecondLeftTime)
                  200006e6    00000002     (.common:Tachometer_SecondRightTime)

.data      0    200006e8    00000214     UNINITIALIZED
                  200006e8    000000f0     rtsv7M4_T_le_v4SPD16_eabi.lib : defs.c.obj (.data:_ftable)
                  200007d8    00000078                                   : host_device.c.obj (.data:_device)
                  20000850    00000050                                   : host_device.c.obj (.data:_stream)
                  200008a0    00000018     Clock.obj (.data)
                  200008b8    00000010     Tachometer.obj (.data)
                  200008c8    00000010     rtsv7M4_T_le_v4SPD16_eabi.lib : defs.c.obj (.data)
                  200008d8    0000000c                                   : exit.c.obj (.data:$O1$$)
                  200008e4    00000008                                   : _lock.c.obj (.data:$O1$$)
                  200008ec    00000008                                   : memory.c.obj (.data:$O1$$)
                  200008f4    00000004                                   : errno.c.obj (.data)
                  200008f8    00000004     system_msp432p401r.obj (.data)

.stack     0    2000fe00    00000200     UNINITIALIZED
                  2000fe00    00000004     rtsv7M4_T_le_v4SPD16_eabi.lib : boot_cortex_m.c.obj (.stack)
                  2000fe04    000001fc     --HOLE--

__llvm_prf_cnts 
*          0    20000000    00000000     UNINITIALIZED

MODULE SUMMARY

       Module                        code    ro data   rw data
       ------                        ----    -------   -------
    .\
       Precision_Moves.obj           4120    0         0      
       UART1.obj                     420     0         536    
       system_msp432p401r.obj        820     0         8      
       BumpInt.obj                   656     0         8      
       Clock.obj                     480     0         48     
       PWM.obj                       448     0         0      
       Motor.obj                     412     0         0      
       Tachometer.obj                344     0         48     
       main.obj                      360     0         0      
       TA3InputCapture.obj           244     0         16     
       startup_msp432p401r_ccs.obj   14      228       0      
       GPIO.obj                      192     0         0      
       RobotLights.obj               164     0         0      
       CortexM.obj                   36      0         0      
    +--+-----------------------------+-------+---------+---------+
       Total:                        8710    228       664    
                                                              
    C:\ti\ccs1281\ccs\tools\compiler\ti-cgt-arm_20.2.7.LTS\lib\rtsv7M4_T_le_v4SPD16_eabi.lib
       _printfi.c.obj                4851    0         0      
       defs.c.obj                    0       0         832    
       memory.c.obj                  672     0         16     
       trgmsg.c.obj                  108     0         576    
       fd_add_t2.asm.obj             438     0         0      
       host_device.c.obj             0       0         400    
       fd_div_t2.asm.obj             310     0         0      
       fputs.c.obj                   276     0         0      
       s_scalbn.c.obj                272     0         0      
       fd_cmp_t2.asm.obj             268     0         0      
       ctype.c.obj                   0       257       0      
       fd_mul_t2.asm.obj             252     0         0      
       setvbuf.c.obj                 220     0         0      
       memcpy_t2.asm.obj             156     0         0      
       ull_div_t2.asm.obj            150     0         0      
       fputc.c.obj                   140     0         0      
       memset_t2.asm.obj             122     0         0      
       fclose.c.obj                  116     0         0      
       getdevice.c.obj               116     0         0      
       hostopen.c.obj                96      0         16     
       printf.c.obj                  112     0         0      
       hostrename.c.obj              108     0         0      
       copy_decompress_lzss.c.obj    104     0         0      
       hostlseek.c.obj               104     0         0      
       exit.c.obj                    76      0         24     
       fseek.c.obj                   100     0         0      
       s_frexp.c.obj                 100     0         0      
       _io_perm.c.obj                98      0         0      
       close.c.obj                   92      0         0      
       hostread.c.obj                88      0         0      
       hostwrite.c.obj               88      0         0      
       _ltoa.c.obj                   84      0         0      
       atoi.c.obj                    76      0         0      
       fflush.c.obj                  76      0         0      
       fd_toi_t2.asm.obj             72      0         0      
       autoinit.c.obj                68      0         0      
       fd_tou_t2.asm.obj             68      0         0      
       hostclose.c.obj               68      0         0      
       hostunlink.c.obj              68      0         0      
       strncpy.c.obj                 54      0         0      
       boot_cortex_m.c.obj           52      0         0      
       fopen.c.obj                   52      0         0      
       i_tofd_t2.asm.obj             46      0         0      
       unlink.c.obj                  44      0         0      
       lseek.c.obj                   40      0         0      
       write.c.obj                   40      0         0      
       memchr.c.obj                  32      0         0      
       u_tofd_t2.asm.obj             32      0         0      
       copy_zero_init.c.obj          28      0         0      
       memccpy.c.obj                 28      0         0      
       s_copysign.c.obj              26      0         0      
       ll_mul_t2.asm.obj             24      0         0      
       strcmp.c.obj                  24      0         0      
       strchr.c.obj                  22      0         0      
       strcpy.c.obj                  20      0         0      
       strlen.c.obj                  20      0         0      
       _lock.c.obj                   2       0         16     
       wcslen.c.obj                  18      0         0      
       errno.c.obj                   8       0         8      
       copy_decompress_none.c.obj    14      0         0      
       pre_init.c.obj                4       0         0      
       div0.asm.obj                  2       0         0      
    +--+-----------------------------+-------+---------+---------+
       Total:                        10845   257       1888   
                                                              
       Heap:                         0       0         2048   
       Stack:                        0       0         1024   
       Linker Generated:             0       147       0      
    +--+-----------------------------+-------+---------+---------+
       Grand Total:                  19555   632       5624   


LINKER GENERATED COPY TABLES

__TI_cinit_table @ 00004ee8 records: 2, size/record: 8, table size: 16
	.data: load addr=00004e60, load size=0000006f bytes, run addr=200006e8, run size=00000214 bytes, compression=lzss
	.bss: load addr=00004ee0, load size=00000008 bytes, run addr=20000400, run size=000002e8 bytes, compression=zero_init


LINKER GENERATED HANDLER TABLE

__TI_handler_table @ 00004ed0 records: 3, size/record: 4, table size: 12
	index: 0, handler: __TI_decompress_lzss
	index: 1, handler: __TI_decompress_none
	index: 2, handler: __TI_zero_init


GLOBAL SYMBOLS: SORTED ALPHABETICALLY BY Name 

address   name                           
-------   ----                           
00004d39  ADC14_IRQHandler               
00004d39  AES256_IRQHandler              
00003cff  Back_Lights_OFF                
00003cf3  Back_Lights_ON                 
00001e81  BumpInt_Init                   
00001fa9  BumpTask                       
00001efb  Bump_Read                      
00004d39  BusFault_Handler               
00004d59  C$$EXIT                        
000049eb  C$$IO$$                        
00004d39  COMP_E0_IRQHandler             
00004d39  COMP_E1_IRQHandler             
200008a8  CPMwait                        
00004d39  CS_IRQHandler                  
200006c8  CaptureTask0                   
200006cc  CaptureTask1                   
200008a0  ClockFrequency                 
000024d5  Clock_Delay1ms                 
000024ab  Clock_Delay1us                 
00002497  Clock_GetFreq                  
00002381  Clock_Init48MHz                
200008b4  Crystalstable                  
00004d39  DMA_ERR_IRQHandler             
00004d39  DMA_INT0_IRQHandler            
00004d39  DMA_INT1_IRQHandler            
00004d39  DMA_INT2_IRQHandler            
00004d39  DMA_INT3_IRQHandler            
00004d39  DebugMon_Handler               
00004d39  Default_Handler                
00004bcd  DisableInterrupts              
00004d39  EUSCIA0_IRQHandler             
00004d39  EUSCIA1_IRQHandler             
00002bd1  EUSCIA2_IRQHandler             
00002bd1  EUSCIA2_IRQHandler             
00004d39  EUSCIA3_IRQHandler             
00004d39  EUSCIB0_IRQHandler             
00004d39  EUSCIB1_IRQHandler             
00004d39  EUSCIB2_IRQHandler             
00004d39  EUSCIB3_IRQHandler             
00004bd3  EnableInterrupts               
00004be3  EndCritical                    
00004d39  FLCTL_IRQHandler               
00004d39  FPU_IRQHandler                 
00003cdd  Front_Lights_OFF               
00003cc7  Front_Lights_ON                
00003b15  GPIO_Init                      
00004829  HOSTclose                      
00004235  HOSTlseek                      
00004499  HOSTopen                       
00004555  HOSTread                       
000041c9  HOSTrename                     
0000486d  HOSTunlink                     
000045ad  HOSTwrite                      
00004d39  HardFault_Handler              
200008b0  IFlags                         
00004d39  MemManage_Handler              
00002d93  Motor_Backward                 
00002ce7  Motor_Forward                  
000004fd  Motor_Forward_RPM              
00002c4d  Motor_Init                     
00002d59  Motor_Left                     
00000ddd  Motor_Precision_CircleCCW      
00000ec5  Motor_Precision_CircleCW       
000003d9  Motor_Precision_Left           
0000027f  Motor_Precision_Right          
00000fb9  Motor_Precision_StarCCW        
00002d1f  Motor_Right                    
00002cc9  Motor_Stop                     
00003c89  MvtLED_Init                    
00004d39  NMI_Handler                    
00004d39  PCM_IRQHandler                 
00004d39  PORT1_IRQHandler               
00004d39  PORT2_IRQHandler               
00004d39  PORT3_IRQHandler               
00001f91  PORT4_IRQHandler               
00001f91  PORT4_IRQHandler               
00004d39  PORT5_IRQHandler               
00004d39  PORT6_IRQHandler               
00004d39  PSS_IRQHandler                 
000027b5  PWM_Duty1                      
000027d5  PWM_Duty2                      
00002879  PWM_Duty3                      
00002899  PWM_Duty4                      
00002731  PWM_Init12                     
000027f5  PWM_Init34                     
00004d39  PendSV_Handler                 
200008ac  Postwait                       
200008a4  Prewait                        
00004d39  RTC_C_IRQHandler               
00004d2d  Reset_Handler                  
20000520  RxFIFO                         
200006d0  RxFifoLost                     
00002b01  RxFifo_Get                     
00002aa9  RxFifo_Init                    
00002abb  RxFifo_Put                     
200006d4  RxGetI                         
200006d8  RxPutI                         
00004d39  SVC_Handler                    
00004bd9  StartCritical                  
00004d39  SysTick_Handler                
200008f8  SystemCoreClock                
00001b4d  SystemCoreClockUpdate          
00001dc5  SystemInit                     
00004d39  T32_INT1_IRQHandler            
00004d39  T32_INT2_IRQHandler            
00004d39  T32_INTC_IRQHandler            
00004d39  TA0_0_IRQHandler               
00004d39  TA0_N_IRQHandler               
00004d39  TA1_0_IRQHandler               
00004d39  TA1_N_IRQHandler               
00004d39  TA2_0_IRQHandler               
00004d39  TA2_N_IRQHandler               
000038e7  TA3_0_IRQHandler               
000038e7  TA3_0_IRQHandler               
00003901  TA3_N_IRQHandler               
00003901  TA3_N_IRQHandler               
200006e0  Tachometer_FirstLeftTime       
200006e2  Tachometer_FirstRightTime      
0000303f  Tachometer_Get_SpaceTime       
00003023  Tachometer_Get_Steps           
00002ff9  Tachometer_Init                
200008c4  Tachometer_LeftSteps           
200008c0  Tachometer_RightSteps          
200006e4  Tachometer_SecondLeftTime      
200006e6  Tachometer_SecondRightTime     
00003861  TimerA3Capture_Init01          
00002c05  UART1_FinishOutput             
00002ba3  UART1_InChar                   
00002b37  UART1_InStatus                 
00002b47  UART1_Init                     
00002bb5  UART1_OutChar                  
00002be7  UART1_OutString                
00004d39  UsageFault_Handler             
4000480c  WDTCTL_SYM                     
00004d39  WDT_A_IRQHandler               
00004beb  WaitForInterrupt               
20000400  __CIOBUF_                      
20010000  __STACK_END                    
00000200  __STACK_SIZE                   
00000400  __SYSMEM_SIZE                  
00004ee8  __TI_CINIT_Base                
00004ef8  __TI_CINIT_Limit               
00004ed0  __TI_Handler_Table_Base        
00004edc  __TI_Handler_Table_Limit       
000048b1  __TI_auto_init_nobinit_nopinit 
00004a2d  __TI_cleanup                   
200008d8  __TI_cleanup_ptr               
00004075  __TI_closefile                 
0000429d  __TI_decompress_lzss           
00004d1f  __TI_decompress_none           
00004701  __TI_doflush                   
200008dc  __TI_dtors_ptr                 
200008e0  __TI_enable_exit_profile_output
200008c8  __TI_ft_end                    
0000465b  __TI_ltoa                      
ffffffff  __TI_pprof_out_hndl            
000010fd  __TI_printfi                   
ffffffff  __TI_prof_data_size            
ffffffff  __TI_prof_data_start           
00004a61  __TI_readmsg                   
00000000  __TI_static_base__             
20000620  __TI_tmpnams                   
000049bd  __TI_writemsg                  
00004435  __TI_wrt_ok                    
00004c31  __TI_zero_init_nomemset        
00003eed  __aeabi_cdcmpeq                
00003eed  __aeabi_cdcmple                
00003f73  __aeabi_cdrcmple               
000047e1  __aeabi_d2iz                   
00004939  __aeabi_d2uiz                  
000028fb  __aeabi_dadd                   
000031e5  __aeabi_ddiv                   
00003765  __aeabi_dmul                   
000028f1  __aeabi_dsub                   
00004d3d  __aeabi_errno_addr             
00004af9  __aeabi_i2d                    
00002aa7  __aeabi_idiv0                  
00002aa7  __aeabi_ldiv0                  
00004c9f  __aeabi_lmul                   
00003ff9  __aeabi_memclr                 
00003ff9  __aeabi_memclr4                
00003ff9  __aeabi_memclr8                
00003d2d  __aeabi_memcpy                 
00003d2d  __aeabi_memcpy4                
00003d2d  __aeabi_memcpy8                
00003ffb  __aeabi_memset                 
00003ffb  __aeabi_memset4                
00003ffb  __aeabi_memset8                
200008d4  __aeabi_stderr                 
200008cc  __aeabi_stdin                  
200008d0  __aeabi_stdout                 
00004c11  __aeabi_ui2d                   
00003dc9  __aeabi_uldivmod               
ffffffff  __binit__                      
ffffffff  __c_args__                     
UNDEFED   __mpu_init                     
2000fe00  __stack                        
20000000  __start___llvm_prf_cnts        
20000000  __stop___llvm_prf_cnts         
00004a95  _c_int00_noargs                
00004d5c  _ctypes_                       
200007d8  _device                        
200006e8  _ftable                        
200008e4  _lock                          
00001b4b  _nop                           
20000850  _stream                        
20000000  _sys_memory                    
UNDEFED   _system_post_cinit             
00004d55  _system_pre_init               
200008e8  _unlock                        
00004d59  abort                          
00003665  aligned_alloc                  
0000474d  atoi                           
ffffffff  binit                          
000044f9  close                          
00004c85  copysign                       
00004c85  copysignl                      
0000249d  delay                          
200008f4  errno                          
00004799  exit                           
00004ac9  finddevice                     
00003e61  fputc                          
00003441  fputs                          
00003955  free                           
0000436d  frexp                          
0000436d  frexpl                         
000043d1  fseek                          
000048f5  getdevice                      
00000000  interruptVectors               
00003555  ldexp                          
00003555  ldexpl                         
00004b7d  lseek                          
00002e45  main                           
00004d45  malloc                         
00003665  memalign                       
00004c69  memccpy                        
00004bf1  memchr                         
00003d2d  memcpy                         
00004001  memset                         
200006c0  parmbuf                        
00004305  printf                         
00003e61  putc                           
200006dc  rTask                          
00004b29  remove                         
00003555  scalbn                         
00003555  scalbnl                        
00003a39  setvbuf                        
00004ccf  strchr                         
00004cb7  strcmp                         
00004ce5  strcpy                         
00004cf9  strlen                         
000049f5  strncpy                        
00002fa5  tachometerLeftInt              
00002f51  tachometerRightInt             
200008b8  timeAccumulatorLeft            
200008bc  timeAccumulatorRight           
00004b29  unlink                         
00004d0d  wcslen                         
00004ba5  write                          


GLOBAL SYMBOLS: SORTED BY Symbol Address 

address   name                           
-------   ----                           
00000000  __TI_static_base__             
00000000  interruptVectors               
00000200  __STACK_SIZE                   
0000027f  Motor_Precision_Right          
000003d9  Motor_Precision_Left           
00000400  __SYSMEM_SIZE                  
000004fd  Motor_Forward_RPM              
00000ddd  Motor_Precision_CircleCCW      
00000ec5  Motor_Precision_CircleCW       
00000fb9  Motor_Precision_StarCCW        
000010fd  __TI_printfi                   
00001b4b  _nop                           
00001b4d  SystemCoreClockUpdate          
00001dc5  SystemInit                     
00001e81  BumpInt_Init                   
00001efb  Bump_Read                      
00001f91  PORT4_IRQHandler               
00001f91  PORT4_IRQHandler               
00001fa9  BumpTask                       
00002381  Clock_Init48MHz                
00002497  Clock_GetFreq                  
0000249d  delay                          
000024ab  Clock_Delay1us                 
000024d5  Clock_Delay1ms                 
00002731  PWM_Init12                     
000027b5  PWM_Duty1                      
000027d5  PWM_Duty2                      
000027f5  PWM_Init34                     
00002879  PWM_Duty3                      
00002899  PWM_Duty4                      
000028f1  __aeabi_dsub                   
000028fb  __aeabi_dadd                   
00002aa7  __aeabi_idiv0                  
00002aa7  __aeabi_ldiv0                  
00002aa9  RxFifo_Init                    
00002abb  RxFifo_Put                     
00002b01  RxFifo_Get                     
00002b37  UART1_InStatus                 
00002b47  UART1_Init                     
00002ba3  UART1_InChar                   
00002bb5  UART1_OutChar                  
00002bd1  EUSCIA2_IRQHandler             
00002bd1  EUSCIA2_IRQHandler             
00002be7  UART1_OutString                
00002c05  UART1_FinishOutput             
00002c4d  Motor_Init                     
00002cc9  Motor_Stop                     
00002ce7  Motor_Forward                  
00002d1f  Motor_Right                    
00002d59  Motor_Left                     
00002d93  Motor_Backward                 
00002e45  main                           
00002f51  tachometerRightInt             
00002fa5  tachometerLeftInt              
00002ff9  Tachometer_Init                
00003023  Tachometer_Get_Steps           
0000303f  Tachometer_Get_SpaceTime       
000031e5  __aeabi_ddiv                   
00003441  fputs                          
00003555  ldexp                          
00003555  ldexpl                         
00003555  scalbn                         
00003555  scalbnl                        
00003665  aligned_alloc                  
00003665  memalign                       
00003765  __aeabi_dmul                   
00003861  TimerA3Capture_Init01          
000038e7  TA3_0_IRQHandler               
000038e7  TA3_0_IRQHandler               
00003901  TA3_N_IRQHandler               
00003901  TA3_N_IRQHandler               
00003955  free                           
00003a39  setvbuf                        
00003b15  GPIO_Init                      
00003c89  MvtLED_Init                    
00003cc7  Front_Lights_ON                
00003cdd  Front_Lights_OFF               
00003cf3  Back_Lights_ON                 
00003cff  Back_Lights_OFF                
00003d2d  __aeabi_memcpy                 
00003d2d  __aeabi_memcpy4                
00003d2d  __aeabi_memcpy8                
00003d2d  memcpy                         
00003dc9  __aeabi_uldivmod               
00003e61  fputc                          
00003e61  putc                           
00003eed  __aeabi_cdcmpeq                
00003eed  __aeabi_cdcmple                
00003f73  __aeabi_cdrcmple               
00003ff9  __aeabi_memclr                 
00003ff9  __aeabi_memclr4                
00003ff9  __aeabi_memclr8                
00003ffb  __aeabi_memset                 
00003ffb  __aeabi_memset4                
00003ffb  __aeabi_memset8                
00004001  memset                         
00004075  __TI_closefile                 
000041c9  HOSTrename                     
00004235  HOSTlseek                      
0000429d  __TI_decompress_lzss           
00004305  printf                         
0000436d  frexp                          
0000436d  frexpl                         
000043d1  fseek                          
00004435  __TI_wrt_ok                    
00004499  HOSTopen                       
000044f9  close                          
00004555  HOSTread                       
000045ad  HOSTwrite                      
0000465b  __TI_ltoa                      
00004701  __TI_doflush                   
0000474d  atoi                           
00004799  exit                           
000047e1  __aeabi_d2iz                   
00004829  HOSTclose                      
0000486d  HOSTunlink                     
000048b1  __TI_auto_init_nobinit_nopinit 
000048f5  getdevice                      
00004939  __aeabi_d2uiz                  
000049bd  __TI_writemsg                  
000049eb  C$$IO$$                        
000049f5  strncpy                        
00004a2d  __TI_cleanup                   
00004a61  __TI_readmsg                   
00004a95  _c_int00_noargs                
00004ac9  finddevice                     
00004af9  __aeabi_i2d                    
00004b29  remove                         
00004b29  unlink                         
00004b7d  lseek                          
00004ba5  write                          
00004bcd  DisableInterrupts              
00004bd3  EnableInterrupts               
00004bd9  StartCritical                  
00004be3  EndCritical                    
00004beb  WaitForInterrupt               
00004bf1  memchr                         
00004c11  __aeabi_ui2d                   
00004c31  __TI_zero_init_nomemset        
00004c69  memccpy                        
00004c85  copysign                       
00004c85  copysignl                      
00004c9f  __aeabi_lmul                   
00004cb7  strcmp                         
00004ccf  strchr                         
00004ce5  strcpy                         
00004cf9  strlen                         
00004d0d  wcslen                         
00004d1f  __TI_decompress_none           
00004d2d  Reset_Handler                  
00004d39  ADC14_IRQHandler               
00004d39  AES256_IRQHandler              
00004d39  BusFault_Handler               
00004d39  COMP_E0_IRQHandler             
00004d39  COMP_E1_IRQHandler             
00004d39  CS_IRQHandler                  
00004d39  DMA_ERR_IRQHandler             
00004d39  DMA_INT0_IRQHandler            
00004d39  DMA_INT1_IRQHandler            
00004d39  DMA_INT2_IRQHandler            
00004d39  DMA_INT3_IRQHandler            
00004d39  DebugMon_Handler               
00004d39  Default_Handler                
00004d39  EUSCIA0_IRQHandler             
00004d39  EUSCIA1_IRQHandler             
00004d39  EUSCIA3_IRQHandler             
00004d39  EUSCIB0_IRQHandler             
00004d39  EUSCIB1_IRQHandler             
00004d39  EUSCIB2_IRQHandler             
00004d39  EUSCIB3_IRQHandler             
00004d39  FLCTL_IRQHandler               
00004d39  FPU_IRQHandler                 
00004d39  HardFault_Handler              
00004d39  MemManage_Handler              
00004d39  NMI_Handler                    
00004d39  PCM_IRQHandler                 
00004d39  PORT1_IRQHandler               
00004d39  PORT2_IRQHandler               
00004d39  PORT3_IRQHandler               
00004d39  PORT5_IRQHandler               
00004d39  PORT6_IRQHandler               
00004d39  PSS_IRQHandler                 
00004d39  PendSV_Handler                 
00004d39  RTC_C_IRQHandler               
00004d39  SVC_Handler                    
00004d39  SysTick_Handler                
00004d39  T32_INT1_IRQHandler            
00004d39  T32_INT2_IRQHandler            
00004d39  T32_INTC_IRQHandler            
00004d39  TA0_0_IRQHandler               
00004d39  TA0_N_IRQHandler               
00004d39  TA1_0_IRQHandler               
00004d39  TA1_N_IRQHandler               
00004d39  TA2_0_IRQHandler               
00004d39  TA2_N_IRQHandler               
00004d39  UsageFault_Handler             
00004d39  WDT_A_IRQHandler               
00004d3d  __aeabi_errno_addr             
00004d45  malloc                         
00004d55  _system_pre_init               
00004d59  C$$EXIT                        
00004d59  abort                          
00004d5c  _ctypes_                       
00004ed0  __TI_Handler_Table_Base        
00004edc  __TI_Handler_Table_Limit       
00004ee8  __TI_CINIT_Base                
00004ef8  __TI_CINIT_Limit               
20000000  __start___llvm_prf_cnts        
20000000  __stop___llvm_prf_cnts         
20000000  _sys_memory                    
20000400  __CIOBUF_                      
20000520  RxFIFO                         
20000620  __TI_tmpnams                   
200006c0  parmbuf                        
200006c8  CaptureTask0                   
200006cc  CaptureTask1                   
200006d0  RxFifoLost                     
200006d4  RxGetI                         
200006d8  RxPutI                         
200006dc  rTask                          
200006e0  Tachometer_FirstLeftTime       
200006e2  Tachometer_FirstRightTime      
200006e4  Tachometer_SecondLeftTime      
200006e6  Tachometer_SecondRightTime     
200006e8  _ftable                        
200007d8  _device                        
20000850  _stream                        
200008a0  ClockFrequency                 
200008a4  Prewait                        
200008a8  CPMwait                        
200008ac  Postwait                       
200008b0  IFlags                         
200008b4  Crystalstable                  
200008b8  timeAccumulatorLeft            
200008bc  timeAccumulatorRight           
200008c0  Tachometer_RightSteps          
200008c4  Tachometer_LeftSteps           
200008c8  __TI_ft_end                    
200008cc  __aeabi_stdin                  
200008d0  __aeabi_stdout                 
200008d4  __aeabi_stderr                 
200008d8  __TI_cleanup_ptr               
200008dc  __TI_dtors_ptr                 
200008e0  __TI_enable_exit_profile_output
200008e4  _lock                          
200008e8  _unlock                        
200008f4  errno                          
200008f8  SystemCoreClock                
2000fe00  __stack                        
20010000  __STACK_END                    
4000480c  WDTCTL_SYM                     
ffffffff  __TI_pprof_out_hndl            
ffffffff  __TI_prof_data_size            
ffffffff  __TI_prof_data_start           
ffffffff  __binit__                      
ffffffff  __c_args__                     
ffffffff  binit                          
UNDEFED   __mpu_init                     
UNDEFED   _system_post_cinit             

[259 symbols]
