******************************************************************************
                  TI ARM Linker PC v20.2.7                     
******************************************************************************
>> Linked Sun Apr 26 11:06:45 2026

OUTPUT FILE NAME:   <ObjectAvoidence.out>
ENTRY POINT SYMBOL: "_c_int00_noargs"  address: 00006c81


MEMORY CONFIGURATION

         name            origin    length      used     unused   attr    fill
----------------------  --------  ---------  --------  --------  ----  --------
  MAIN                  00000000   00040000  000072d8  00038d28  R  X
  INFO                  00200000   00004000  00000000  00004000  R  X
  SRAM_CODE             01000000   00010000  00000b14  0000f4ec  RW X
  SRAM_DATA             20000000   00010000  00000b14  0000f4ec  RW  


SEGMENT ALLOCATION MAP

run origin  load origin   length   init length attrs members
----------  ----------- ---------- ----------- ----- -------
00000000    00000000    000072d8   000072d8    r-x
  00000000    00000000    000000e4   000000e4    r-- .intvecs
  000000e4    000000e4    00006e64   00006e64    r-x .text
  00006f48    00006f48    000002f8   000002f8    r-- .const
  00007240    00007240    00000098   00000098    r-- .cinit
20000000    20000000    00000914   00000000    rw-
  20000000    20000000    00000400   00000000    rw- .sysmem
  20000400    20000400    000002e8   00000000    rw- .bss
  200006e8    200006e8    0000022c   00000000    rw- .data
2000fe00    2000fe00    00000200   00000000    rw-
  2000fe00    2000fe00    00000200   00000000    rw- .stack


SECTION ALLOCATION MAP

 output                                  attributes/
section   page    origin      length       input sections
--------  ----  ----------  ----------   ----------------
.intvecs   0    00000000    000000e4     
                  00000000    000000e4     startup_msp432p401r_ccs.obj (.intvecs:retain)

.text      0    000000e4    00006e64     
                  000000e4    000010a4     Precision_Moves.obj (.text)
                  00001188    00000a4e     rtsv7M4_T_le_v4SPD16_eabi.lib : _printfi.c.obj (.text:__TI_printfi)
                  00001bd6    00000002                                   : _lock.c.obj (.text:_nop)
                  00001bd8    00000738                                   : k_rem_pio2.c.obj (.text:__kernel_rem_pio2)
                  00002310    000005e0                                   : s_sin.c.obj (.text:sin)
                  000028f0    000005dc                                   : s_cos.c.obj (.text:cos)
                  00002ecc    0000059c     main.obj (.text)
                  00003468    00000334     system_msp432p401r.obj (.text)
                  0000379c    000002ec     rtsv7M4_T_le_v4SPD16_eabi.lib : s_atan.c.obj (.text:atan)
                  00003a88    00000290     BumpInt.obj (.text)
                  00003d18    00000270     rtsv7M4_T_le_v4SPD16_eabi.lib : _printfi.c.obj (.text:_pconv_a)
                  00003f88    000001e4                                   : e_atan2.c.obj (.text:atan2)
                  0000416c    000001e0     Clock.obj (.text)
                  0000434c    000001d0     rtsv7M4_T_le_v4SPD16_eabi.lib : _printfi.c.obj (.text:_pconv_g)
                  0000451c    000001c0     PWM.obj (.text)
                  000046dc    000001b6     rtsv7M4_T_le_v4SPD16_eabi.lib : fd_add_t2.asm.obj (.text)
                  00004892    00000002                                   : div0.asm.obj (.text)
                  00004894    000001a4     UART1.obj (.text)
                  00004a38    0000019c     Motor.obj (.text)
                  00004bd4    00000174     rtsv7M4_T_le_v4SPD16_eabi.lib : k_sin.c.obj (.text:__kernel_sin)
                  00004d48    00000170                                   : k_cos.c.obj (.text:__kernel_cos)
                  00004eb8    00000158     Tachometer.obj (.text)
                  00005010    00000158     rtsv7M4_T_le_v4SPD16_eabi.lib : e_sqrt.c.obj (.text:sqrt)
                  00005168    0000013c                                   : _printfi.c.obj (.text:_pconv_e)
                  000052a4    00000136                                   : fd_div_t2.asm.obj (.text)
                  000053da    00000002     --HOLE-- [fill = 0]
                  000053dc    00000124                                   : _printfi.c.obj (.text:fcvt)
                  00005500    00000114                                   : fputs.c.obj (.text:fputs)
                  00005614    00000110                                   : s_scalbn.c.obj (.text:scalbn)
                  00005724    00000100                                   : memory.c.obj (.text:aligned_alloc)
                  00005824    000000fc                                   : fd_mul_t2.asm.obj (.text)
                  00005920    000000f8                                   : s_floor.c.obj (.text:floor)
                  00005a18    000000f4     ADC14.obj (.text)
                  00005b0c    000000f4     TA3InputCapture.obj (.text)
                  00005c00    000000e4     rtsv7M4_T_le_v4SPD16_eabi.lib : memory.c.obj (.text:free)
                  00005ce4    000000dc                                   : setvbuf.c.obj (.text:setvbuf)
                  00005dc0    000000b1                                   : _printfi.c.obj (.text:_ltostr)
                  00005e71    00000003     --HOLE-- [fill = 0]
                  00005e74    000000a4     RobotLights.obj (.text)
                  00005f18    0000009c     rtsv7M4_T_le_v4SPD16_eabi.lib : memcpy_t2.asm.obj (.text)
                  00005fb4    00000096                                   : ull_div_t2.asm.obj (.text)
                  0000604a    00000002     --HOLE-- [fill = 0]
                  0000604c    0000008c                                   : fputc.c.obj (.text:fputc)
                  000060d8    00000086                                   : fd_cmp_t2.asm.obj (.text:__aeabi_cdcmple)
                  0000615e    00000086                                   : fd_cmp_t2.asm.obj (.text:__aeabi_cdrcmple)
                  000061e4    0000007a                                   : memset_t2.asm.obj (.text)
                  0000625e    00000002     --HOLE-- [fill = 0]
                  00006260    00000074                                   : fclose.c.obj (.text:__TI_closefile)
                  000062d4    00000070                                   : memory.c.obj (.text:split)
                  00006344    0000006e                                   : _printfi.c.obj (.text:_mcpy)
                  000063b2    00000002     --HOLE-- [fill = 0]
                  000063b4    0000006c                                   : hostrename.c.obj (.text:HOSTrename)
                  00006420    00000068                                   : hostlseek.c.obj (.text:HOSTlseek)
                  00006488    00000068                                   : copy_decompress_lzss.c.obj (.text:decompress:lzss:__TI_decompress_lzss)
                  000064f0    00000068                                   : printf.c.obj (.text:printf)
                  00006558    00000064                                   : s_frexp.c.obj (.text:frexp)
                  000065bc    00000064                                   : fseek.c.obj (.text:fseek)
                  00006620    00000062                                   : _io_perm.c.obj (.text:__TI_wrt_ok)
                  00006682    00000002     --HOLE-- [fill = 0]
                  00006684    00000060                                   : hostopen.c.obj (.text:HOSTopen)
                  000066e4    0000005c                                   : close.c.obj (.text:close)
                  00006740    00000058                                   : hostread.c.obj (.text:HOSTread)
                  00006798    00000058                                   : hostwrite.c.obj (.text:HOSTwrite)
                  000067f0    00000056                                   : _printfi.c.obj (.text:_pconv_f)
                  00006846    00000054                                   : _ltoa.c.obj (.text:__TI_ltoa)
                  0000689a    00000052                                   : _printfi.c.obj (.text:_ecpy)
                  000068ec    0000004c                                   : fflush.c.obj (.text:__TI_doflush)
                  00006938    0000004c                                   : atoi.c.obj (.text:atoi)
                  00006984    00000048                                   : exit.c.obj (.text:exit)
                  000069cc    00000048                                   : fd_toi_t2.asm.obj (.text)
                  00006a14    00000044                                   : hostclose.c.obj (.text:HOSTclose)
                  00006a58    00000044                                   : hostunlink.c.obj (.text:HOSTunlink)
                  00006a9c    00000044                                   : autoinit.c.obj (.text:__TI_auto_init_nobinit_nopinit:__TI_auto_init_nobinit_nopinit)
                  00006ae0    00000044                                   : getdevice.c.obj (.text:getdevice)
                  00006b24    00000044                                   : fd_tou_t2.asm.obj (.text)
                  00006b68    0000003e                                   : _printfi.c.obj (.text:_fcpy)
                  00006ba6    00000002     --HOLE-- [fill = 0]
                  00006ba8    00000038                                   : trgmsg.c.obj (.text:__TI_writemsg)
                  00006be0    00000036                                   : strncpy.c.obj (.text:strncpy)
                  00006c16    00000002     --HOLE-- [fill = 0]
                  00006c18    00000034                                   : fopen.c.obj (.text:__TI_cleanup)
                  00006c4c    00000034                                   : trgmsg.c.obj (.text:__TI_readmsg)
                  00006c80    00000034                                   : boot_cortex_m.c.obj (.text:_c_int00_noargs:_c_int00_noargs)
                  00006cb4    00000030                                   : getdevice.c.obj (.text:finddevice)
                  00006ce4    0000002e                                   : i_tofd_t2.asm.obj (.text)
                  00006d12    00000002     --HOLE-- [fill = 0]
                  00006d14    0000002c                                   : unlink.c.obj (.text:unlink)
                  00006d40    00000028                                   : memory.c.obj (.text:free_list_insert)
                  00006d68    00000028                                   : lseek.c.obj (.text:lseek)
                  00006d90    00000028                                   : write.c.obj (.text:write)
                  00006db8    00000024     CortexM.obj (.text)
                  00006ddc    00000020     rtsv7M4_T_le_v4SPD16_eabi.lib : memchr.c.obj (.text:memchr)
                  00006dfc    00000020                                   : u_tofd_t2.asm.obj (.text)
                  00006e1c    0000001c                                   : copy_zero_init.c.obj (.text:decompress:ZI:__TI_zero_init_nomemset:__TI_zero_init_nomemset)
                  00006e38    0000001c                                   : memory.c.obj (.text:free_list_remove)
                  00006e54    0000001c                                   : memccpy.c.obj (.text:memccpy)
                  00006e70    0000001a                                   : s_copysign.c.obj (.text:copysign)
                  00006e8a    00000018                                   : ll_mul_t2.asm.obj (.text)
                  00006ea2    00000018                                   : strcmp.c.obj (.text:strcmp)
                  00006eba    00000016                                   : strchr.c.obj (.text:strchr)
                  00006ed0    00000014                                   : strcpy.c.obj (.text:strcpy)
                  00006ee4    00000014                                   : strlen.c.obj (.text:strlen)
                  00006ef8    00000012                                   : wcslen.c.obj (.text:wcslen)
                  00006f0a    0000000e                                   : copy_decompress_none.c.obj (.text:decompress:none:__TI_decompress_none)
                  00006f18    0000000e     startup_msp432p401r_ccs.obj (.text)
                  00006f26    00000002     --HOLE-- [fill = 0]
                  00006f28    00000008     rtsv7M4_T_le_v4SPD16_eabi.lib : errno.c.obj (.text:__aeabi_errno_addr)
                  00006f30    00000008                                   : memory.c.obj (.text:malloc)
                  00006f38    00000004                                   : printf.c.obj (.text:_outc)
                  00006f3c    00000004                                   : printf.c.obj (.text:_outs)
                  00006f40    00000004                                   : pre_init.c.obj (.text:_system_pre_init)
                  00006f44    00000004                                   : exit.c.obj (.text:abort:abort)

.const     0    00006f48    000002f8     
                  00006f48    00000158     rtsv7M4_T_le_v4SPD16_eabi.lib : k_rem_pio2.c.obj (.const:$O1$$)
                  000070a0    00000101                                   : ctype.c.obj (.const:.string:_ctypes_)
                  000071a1    00000007     --HOLE-- [fill = 0]
                  000071a8    00000098                                   : s_atan.c.obj (.const:$O1$$)

.cinit     0    00007240    00000098     
                  00007240    0000006f     (.cinit..data.load) [load image, compression = lzss]
                  000072af    00000001     --HOLE-- [fill = 0]
                  000072b0    0000000c     (__TI_handler_table)
                  000072bc    00000004     --HOLE-- [fill = 0]
                  000072c0    00000008     (.cinit..bss.load) [load image, compression = zero_init]
                  000072c8    00000010     (__TI_cinit_table)

.init_array 
*          0    00000000    00000000     UNINITIALIZED

.binit     0    00000000    00000000     

.sysmem    0    20000000    00000400     UNINITIALIZED
                  20000000    00000010     rtsv7M4_T_le_v4SPD16_eabi.lib : memory.c.obj (.sysmem)
                  20000010    000003f0     --HOLE--

.bss       0    20000400    000002e8     UNINITIALIZED
                  20000400    00000120     rtsv7M4_T_le_v4SPD16_eabi.lib : trgmsg.c.obj (.bss:_CIOBUF_)
                  20000520    00000100     (.common:RxFIFO)
                  20000620    000000a0     (.common:__TI_tmpnams)
                  200006c0    00000008     (.common:parmbuf)
                  200006c8    00000004     (.common:CaptureTask0)
                  200006cc    00000004     (.common:CaptureTask1)
                  200006d0    00000004     (.common:RxFifoLost)
                  200006d4    00000004     (.common:RxGetI)
                  200006d8    00000004     (.common:RxPutI)
                  200006dc    00000004     (.common:rTask)
                  200006e0    00000002     (.common:Tachometer_FirstLeftTime)
                  200006e2    00000002     (.common:Tachometer_FirstRightTime)
                  200006e4    00000002     (.common:Tachometer_SecondLeftTime)
                  200006e6    00000002     (.common:Tachometer_SecondRightTime)

.data      0    200006e8    0000022c     UNINITIALIZED
                  200006e8    000000f0     rtsv7M4_T_le_v4SPD16_eabi.lib : defs.c.obj (.data:_ftable)
                  200007d8    00000078                                   : host_device.c.obj (.data:_device)
                  20000850    00000050                                   : host_device.c.obj (.data:_stream)
                  200008a0    00000018     Clock.obj (.data)
                  200008b8    00000018     main.obj (.data)
                  200008d0    00000010     Tachometer.obj (.data)
                  200008e0    00000010     rtsv7M4_T_le_v4SPD16_eabi.lib : defs.c.obj (.data)
                  200008f0    0000000c                                   : exit.c.obj (.data:$O1$$)
                  200008fc    00000008                                   : _lock.c.obj (.data:$O1$$)
                  20000904    00000008                                   : memory.c.obj (.data:$O1$$)
                  2000090c    00000004                                   : errno.c.obj (.data)
                  20000910    00000004     system_msp432p401r.obj (.data)

.stack     0    2000fe00    00000200     UNINITIALIZED
                  2000fe00    00000004     rtsv7M4_T_le_v4SPD16_eabi.lib : boot_cortex_m.c.obj (.stack)
                  2000fe04    000001fc     --HOLE--

__llvm_prf_cnts 
*          0    20000000    00000000     UNINITIALIZED

MODULE SUMMARY

       Module                        code    ro data   rw data
       ------                        ----    -------   -------
    .\
       Precision_Moves.obj           4260    0         0      
       main.obj                      1436    0         48     
       UART1.obj                     420     0         536    
       system_msp432p401r.obj        820     0         8      
       BumpInt.obj                   656     0         8      
       Clock.obj                     480     0         48     
       PWM.obj                       448     0         0      
       Motor.obj                     412     0         0      
       Tachometer.obj                344     0         48     
       TA3InputCapture.obj           244     0         16     
       ADC14.obj                     244     0         0      
       startup_msp432p401r_ccs.obj   14      228       0      
       RobotLights.obj               164     0         0      
       CortexM.obj                   36      0         0      
    +--+-----------------------------+-------+---------+---------+
       Total:                        9978    228       712    
                                                              
    C:\ti\ccs1281\ccs\tools\compiler\ti-cgt-arm_20.2.7.LTS\lib\rtsv7M4_T_le_v4SPD16_eabi.lib
       _printfi.c.obj                4851    0         0      
       k_rem_pio2.c.obj              1848    344       0      
       s_sin.c.obj                   1504    0         0      
       s_cos.c.obj                   1500    0         0      
       s_atan.c.obj                  748     152       0      
       defs.c.obj                    0       0         832    
       memory.c.obj                  672     0         16     
       trgmsg.c.obj                  108     0         576    
       e_atan2.c.obj                 484     0         0      
       fd_add_t2.asm.obj             438     0         0      
       host_device.c.obj             0       0         400    
       k_sin.c.obj                   372     0         0      
       k_cos.c.obj                   368     0         0      
       e_sqrt.c.obj                  344     0         0      
       fd_div_t2.asm.obj             310     0         0      
       fputs.c.obj                   276     0         0      
       s_scalbn.c.obj                272     0         0      
       fd_cmp_t2.asm.obj             268     0         0      
       ctype.c.obj                   0       257       0      
       fd_mul_t2.asm.obj             252     0         0      
       s_floor.c.obj                 248     0         0      
       setvbuf.c.obj                 220     0         0      
       memcpy_t2.asm.obj             156     0         0      
       ull_div_t2.asm.obj            150     0         0      
       fputc.c.obj                   140     0         0      
       memset_t2.asm.obj             122     0         0      
       fclose.c.obj                  116     0         0      
       getdevice.c.obj               116     0         0      
       hostopen.c.obj                96      0         16     
       printf.c.obj                  112     0         0      
       hostrename.c.obj              108     0         0      
       copy_decompress_lzss.c.obj    104     0         0      
       hostlseek.c.obj               104     0         0      
       exit.c.obj                    76      0         24     
       fseek.c.obj                   100     0         0      
       s_frexp.c.obj                 100     0         0      
       _io_perm.c.obj                98      0         0      
       close.c.obj                   92      0         0      
       hostread.c.obj                88      0         0      
       hostwrite.c.obj               88      0         0      
       _ltoa.c.obj                   84      0         0      
       atoi.c.obj                    76      0         0      
       fflush.c.obj                  76      0         0      
       fd_toi_t2.asm.obj             72      0         0      
       autoinit.c.obj                68      0         0      
       fd_tou_t2.asm.obj             68      0         0      
       hostclose.c.obj               68      0         0      
       hostunlink.c.obj              68      0         0      
       strncpy.c.obj                 54      0         0      
       boot_cortex_m.c.obj           52      0         0      
       fopen.c.obj                   52      0         0      
       i_tofd_t2.asm.obj             46      0         0      
       unlink.c.obj                  44      0         0      
       lseek.c.obj                   40      0         0      
       write.c.obj                   40      0         0      
       memchr.c.obj                  32      0         0      
       u_tofd_t2.asm.obj             32      0         0      
       copy_zero_init.c.obj          28      0         0      
       memccpy.c.obj                 28      0         0      
       s_copysign.c.obj              26      0         0      
       ll_mul_t2.asm.obj             24      0         0      
       strcmp.c.obj                  24      0         0      
       strchr.c.obj                  22      0         0      
       strcpy.c.obj                  20      0         0      
       strlen.c.obj                  20      0         0      
       _lock.c.obj                   2       0         16     
       wcslen.c.obj                  18      0         0      
       errno.c.obj                   8       0         8      
       copy_decompress_none.c.obj    14      0         0      
       pre_init.c.obj                4       0         0      
       div0.asm.obj                  2       0         0      
    +--+-----------------------------+-------+---------+---------+
       Total:                        18261   753       1888   
                                                              
       Heap:                         0       0         2048   
       Stack:                        0       0         1024   
       Linker Generated:             0       147       0      
    +--+-----------------------------+-------+---------+---------+
       Grand Total:                  28239   1128      5672   


LINKER GENERATED COPY TABLES

__TI_cinit_table @ 000072c8 records: 2, size/record: 8, table size: 16
	.data: load addr=00007240, load size=0000006f bytes, run addr=200006e8, run size=0000022c bytes, compression=lzss
	.bss: load addr=000072c0, load size=00000008 bytes, run addr=20000400, run size=000002e8 bytes, compression=zero_init


LINKER GENERATED HANDLER TABLE

__TI_handler_table @ 000072b0 records: 3, size/record: 4, table size: 12
	index: 0, handler: __TI_decompress_lzss
	index: 1, handler: __TI_decompress_none
	index: 2, handler: __TI_zero_init


GLOBAL SYMBOLS: SORTED ALPHABETICALLY BY Name 

address   name                           
-------   ----                           
00005a19  ADC0_InitSWTriggerCh17_14_16   
00006f25  ADC14_IRQHandler               
00005a89  ADC_In17_14_16                 
00006f25  AES256_IRQHandler              
00005eeb  Back_Lights_OFF                
00005edf  Back_Lights_ON                 
00003a89  BumpInt_Init                   
00003bb1  BumpTask                       
00003b03  Bump_Read                      
00006f25  BusFault_Handler               
00006f45  C$$EXIT                        
00006bd7  C$$IO$$                        
00006f25  COMP_E0_IRQHandler             
00006f25  COMP_E1_IRQHandler             
200008a8  CPMwait                        
00006f25  CS_IRQHandler                  
200006c8  CaptureTask0                   
200006cc  CaptureTask1                   
200008a0  ClockFrequency                 
000042c1  Clock_Delay1ms                 
00004297  Clock_Delay1us                 
00004283  Clock_GetFreq                  
0000416d  Clock_Init48MHz                
200008b4  Crystalstable                  
00006f25  DMA_ERR_IRQHandler             
00006f25  DMA_INT0_IRQHandler            
00006f25  DMA_INT1_IRQHandler            
00006f25  DMA_INT2_IRQHandler            
00006f25  DMA_INT3_IRQHandler            
00006f25  DebugMon_Handler               
00006f25  Default_Handler                
00006db9  DisableInterrupts              
00006f25  EUSCIA0_IRQHandler             
00006f25  EUSCIA1_IRQHandler             
000049bd  EUSCIA2_IRQHandler             
000049bd  EUSCIA2_IRQHandler             
00006f25  EUSCIA3_IRQHandler             
00006f25  EUSCIB0_IRQHandler             
00006f25  EUSCIB1_IRQHandler             
00006f25  EUSCIB2_IRQHandler             
00006f25  EUSCIB3_IRQHandler             
00006dbf  EnableInterrupts               
00006dcf  EndCritical                    
00006f25  FLCTL_IRQHandler               
00006f25  FPU_IRQHandler                 
00005ec9  Front_Lights_OFF               
00005eb3  Front_Lights_ON                
00006a15  HOSTclose                      
00006421  HOSTlseek                      
00006685  HOSTopen                       
00006741  HOSTread                       
000063b5  HOSTrename                     
00006a59  HOSTunlink                     
00006799  HOSTwrite                      
00006f25  HardFault_Handler              
200008b0  IFlags                         
00006f25  MemManage_Handler              
00004b7f  Motor_Backward                 
00004ad3  Motor_Forward                  
000004fd  Motor_Forward_RPM              
00004a39  Motor_Init                     
00004b45  Motor_Left                     
00000e6b  Motor_Precision_CircleCCW      
00000f51  Motor_Precision_CircleCW       
000003d9  Motor_Precision_Left           
0000027f  Motor_Precision_Right          
00001045  Motor_Precision_StarCCW        
00004b0b  Motor_Right                    
00004ab5  Motor_Stop                     
00005e75  MvtLED_Init                    
00006f25  NMI_Handler                    
00006f25  PCM_IRQHandler                 
00006f25  PORT1_IRQHandler               
00006f25  PORT2_IRQHandler               
00006f25  PORT3_IRQHandler               
00003b99  PORT4_IRQHandler               
00003b99  PORT4_IRQHandler               
00006f25  PORT5_IRQHandler               
00006f25  PORT6_IRQHandler               
00006f25  PSS_IRQHandler                 
000045a1  PWM_Duty1                      
000045c1  PWM_Duty2                      
00004665  PWM_Duty3                      
00004685  PWM_Duty4                      
0000451d  PWM_Init12                     
000045e1  PWM_Init34                     
00006f25  PendSV_Handler                 
200008ac  Postwait                       
200008a4  Prewait                        
00006f25  RTC_C_IRQHandler               
00006f19  Reset_Handler                  
20000520  RxFIFO                         
200006d0  RxFifoLost                     
000048ed  RxFifo_Get                     
00004895  RxFifo_Init                    
000048a7  RxFifo_Put                     
200006d4  RxGetI                         
200006d8  RxPutI                         
00006f25  SVC_Handler                    
00006dc5  StartCritical                  
00006f25  SysTick_Handler                
20000910  SystemCoreClock                
00003469  SystemCoreClockUpdate          
000036e1  SystemInit                     
00006f25  T32_INT1_IRQHandler            
00006f25  T32_INT2_IRQHandler            
00006f25  T32_INTC_IRQHandler            
00006f25  TA0_0_IRQHandler               
00006f25  TA0_N_IRQHandler               
00006f25  TA1_0_IRQHandler               
00006f25  TA1_N_IRQHandler               
00006f25  TA2_0_IRQHandler               
00006f25  TA2_N_IRQHandler               
00005b93  TA3_0_IRQHandler               
00005b93  TA3_0_IRQHandler               
00005bad  TA3_N_IRQHandler               
00005bad  TA3_N_IRQHandler               
200006e0  Tachometer_FirstLeftTime       
200006e2  Tachometer_FirstRightTime      
00004fa7  Tachometer_Get_SpaceTime       
00004f8b  Tachometer_Get_Steps           
00004f61  Tachometer_Init                
200008dc  Tachometer_LeftSteps           
200008d8  Tachometer_RightSteps          
200006e4  Tachometer_SecondLeftTime      
200006e6  Tachometer_SecondRightTime     
00005b0d  TimerA3Capture_Init01          
000049f1  UART1_FinishOutput             
0000498f  UART1_InChar                   
00004923  UART1_InStatus                 
00004933  UART1_Init                     
000049a1  UART1_OutChar                  
000049d3  UART1_OutString                
00006f25  UsageFault_Handler             
4000480c  WDTCTL_SYM                     
00006f25  WDT_A_IRQHandler               
00006dd7  WaitForInterrupt               
20000400  __CIOBUF_                      
20010000  __STACK_END                    
00000200  __STACK_SIZE                   
00000400  __SYSMEM_SIZE                  
000072c8  __TI_CINIT_Base                
000072d8  __TI_CINIT_Limit               
000072b0  __TI_Handler_Table_Base        
000072bc  __TI_Handler_Table_Limit       
00006a9d  __TI_auto_init_nobinit_nopinit 
00006c19  __TI_cleanup                   
200008f0  __TI_cleanup_ptr               
00006261  __TI_closefile                 
00006489  __TI_decompress_lzss           
00006f0b  __TI_decompress_none           
000068ed  __TI_doflush                   
200008f4  __TI_dtors_ptr                 
200008f8  __TI_enable_exit_profile_output
200008e0  __TI_ft_end                    
00006847  __TI_ltoa                      
ffffffff  __TI_pprof_out_hndl            
00001189  __TI_printfi                   
ffffffff  __TI_prof_data_size            
ffffffff  __TI_prof_data_start           
00006c4d  __TI_readmsg                   
00000000  __TI_static_base__             
20000620  __TI_tmpnams                   
00006ba9  __TI_writemsg                  
00006621  __TI_wrt_ok                    
00006e1d  __TI_zero_init_nomemset        
000060d9  __aeabi_cdcmpeq                
000060d9  __aeabi_cdcmple                
0000615f  __aeabi_cdrcmple               
000069cd  __aeabi_d2iz                   
00006b25  __aeabi_d2uiz                  
000046e7  __aeabi_dadd                   
000052a5  __aeabi_ddiv                   
00005825  __aeabi_dmul                   
000046dd  __aeabi_dsub                   
00006f29  __aeabi_errno_addr             
00006ce5  __aeabi_i2d                    
00004893  __aeabi_idiv0                  
00004893  __aeabi_ldiv0                  
00006e8b  __aeabi_lmul                   
000061e5  __aeabi_memclr                 
000061e5  __aeabi_memclr4                
000061e5  __aeabi_memclr8                
00005f19  __aeabi_memcpy                 
00005f19  __aeabi_memcpy4                
00005f19  __aeabi_memcpy8                
000061e7  __aeabi_memset                 
000061e7  __aeabi_memset4                
000061e7  __aeabi_memset8                
200008ec  __aeabi_stderr                 
200008e4  __aeabi_stdin                  
200008e8  __aeabi_stdout                 
00006dfd  __aeabi_ui2d                   
00005fb5  __aeabi_uldivmod               
ffffffff  __binit__                      
ffffffff  __c_args__                     
00004d49  __kernel_cos                   
00001bd9  __kernel_rem_pio2              
00004bd5  __kernel_sin                   
UNDEFED   __mpu_init                     
2000fe00  __stack                        
20000000  __start___llvm_prf_cnts        
20000000  __stop___llvm_prf_cnts         
00006c81  _c_int00_noargs                
000070a0  _ctypes_                       
200007d8  _device                        
200006e8  _ftable                        
200008fc  _lock                          
00001bd7  _nop                           
20000850  _stream                        
20000000  _sys_memory                    
UNDEFED   _system_post_cinit             
00006f41  _system_pre_init               
20000900  _unlock                        
00006f45  abort                          
00005725  aligned_alloc                  
0000379d  atan                           
00003f89  atan2                          
00003f89  atan2l                         
0000379d  atanl                          
00006939  atoi                           
ffffffff  binit                          
000066e5  close                          
00006e71  copysign                       
00006e71  copysignl                      
000028f1  cos                            
000028f1  cosl                           
00004289  delay                          
2000090c  errno                          
00006985  exit                           
00006cb5  finddevice                     
00005921  floor                          
00005921  floorl                         
0000604d  fputc                          
00005501  fputs                          
00005c01  free                           
00006559  frexp                          
00006559  frexpl                         
000065bd  fseek                          
00006ae1  getdevice                      
00000000  interruptVectors               
00005615  ldexp                          
00005615  ldexpl                         
00006d69  lseek                          
000033b9  main                           
00006f31  malloc                         
00005725  memalign                       
00006e55  memccpy                        
00006ddd  memchr                         
00005f19  memcpy                         
000061ed  memset                         
200006c0  parmbuf                        
000064f1  printf                         
0000604d  putc                           
200006dc  rTask                          
00006d15  remove                         
00005615  scalbn                         
00005615  scalbnl                        
00005ce5  setvbuf                        
00002311  sin                            
00002311  sinl                           
00005011  sqrt                           
00005011  sqrtl                          
00006ebb  strchr                         
00006ea3  strcmp                         
00006ed1  strcpy                         
00006ee5  strlen                         
00006be1  strncpy                        
00004f0d  tachometerLeftInt              
00004eb9  tachometerRightInt             
200008d0  timeAccumulatorLeft            
200008d4  timeAccumulatorRight           
00006d15  unlink                         
00006ef9  wcslen                         
00006d91  write                          


GLOBAL SYMBOLS: SORTED BY Symbol Address 

address   name                           
-------   ----                           
00000000  __TI_static_base__             
00000000  interruptVectors               
00000200  __STACK_SIZE                   
0000027f  Motor_Precision_Right          
000003d9  Motor_Precision_Left           
00000400  __SYSMEM_SIZE                  
000004fd  Motor_Forward_RPM              
00000e6b  Motor_Precision_CircleCCW      
00000f51  Motor_Precision_CircleCW       
00001045  Motor_Precision_StarCCW        
00001189  __TI_printfi                   
00001bd7  _nop                           
00001bd9  __kernel_rem_pio2              
00002311  sin                            
00002311  sinl                           
000028f1  cos                            
000028f1  cosl                           
000033b9  main                           
00003469  SystemCoreClockUpdate          
000036e1  SystemInit                     
0000379d  atan                           
0000379d  atanl                          
00003a89  BumpInt_Init                   
00003b03  Bump_Read                      
00003b99  PORT4_IRQHandler               
00003b99  PORT4_IRQHandler               
00003bb1  BumpTask                       
00003f89  atan2                          
00003f89  atan2l                         
0000416d  Clock_Init48MHz                
00004283  Clock_GetFreq                  
00004289  delay                          
00004297  Clock_Delay1us                 
000042c1  Clock_Delay1ms                 
0000451d  PWM_Init12                     
000045a1  PWM_Duty1                      
000045c1  PWM_Duty2                      
000045e1  PWM_Init34                     
00004665  PWM_Duty3                      
00004685  PWM_Duty4                      
000046dd  __aeabi_dsub                   
000046e7  __aeabi_dadd                   
00004893  __aeabi_idiv0                  
00004893  __aeabi_ldiv0                  
00004895  RxFifo_Init                    
000048a7  RxFifo_Put                     
000048ed  RxFifo_Get                     
00004923  UART1_InStatus                 
00004933  UART1_Init                     
0000498f  UART1_InChar                   
000049a1  UART1_OutChar                  
000049bd  EUSCIA2_IRQHandler             
000049bd  EUSCIA2_IRQHandler             
000049d3  UART1_OutString                
000049f1  UART1_FinishOutput             
00004a39  Motor_Init                     
00004ab5  Motor_Stop                     
00004ad3  Motor_Forward                  
00004b0b  Motor_Right                    
00004b45  Motor_Left                     
00004b7f  Motor_Backward                 
00004bd5  __kernel_sin                   
00004d49  __kernel_cos                   
00004eb9  tachometerRightInt             
00004f0d  tachometerLeftInt              
00004f61  Tachometer_Init                
00004f8b  Tachometer_Get_Steps           
00004fa7  Tachometer_Get_SpaceTime       
00005011  sqrt                           
00005011  sqrtl                          
000052a5  __aeabi_ddiv                   
00005501  fputs                          
00005615  ldexp                          
00005615  ldexpl                         
00005615  scalbn                         
00005615  scalbnl                        
00005725  aligned_alloc                  
00005725  memalign                       
00005825  __aeabi_dmul                   
00005921  floor                          
00005921  floorl                         
00005a19  ADC0_InitSWTriggerCh17_14_16   
00005a89  ADC_In17_14_16                 
00005b0d  TimerA3Capture_Init01          
00005b93  TA3_0_IRQHandler               
00005b93  TA3_0_IRQHandler               
00005bad  TA3_N_IRQHandler               
00005bad  TA3_N_IRQHandler               
00005c01  free                           
00005ce5  setvbuf                        
00005e75  MvtLED_Init                    
00005eb3  Front_Lights_ON                
00005ec9  Front_Lights_OFF               
00005edf  Back_Lights_ON                 
00005eeb  Back_Lights_OFF                
00005f19  __aeabi_memcpy                 
00005f19  __aeabi_memcpy4                
00005f19  __aeabi_memcpy8                
00005f19  memcpy                         
00005fb5  __aeabi_uldivmod               
0000604d  fputc                          
0000604d  putc                           
000060d9  __aeabi_cdcmpeq                
000060d9  __aeabi_cdcmple                
0000615f  __aeabi_cdrcmple               
000061e5  __aeabi_memclr                 
000061e5  __aeabi_memclr4                
000061e5  __aeabi_memclr8                
000061e7  __aeabi_memset                 
000061e7  __aeabi_memset4                
000061e7  __aeabi_memset8                
000061ed  memset                         
00006261  __TI_closefile                 
000063b5  HOSTrename                     
00006421  HOSTlseek                      
00006489  __TI_decompress_lzss           
000064f1  printf                         
00006559  frexp                          
00006559  frexpl                         
000065bd  fseek                          
00006621  __TI_wrt_ok                    
00006685  HOSTopen                       
000066e5  close                          
00006741  HOSTread                       
00006799  HOSTwrite                      
00006847  __TI_ltoa                      
000068ed  __TI_doflush                   
00006939  atoi                           
00006985  exit                           
000069cd  __aeabi_d2iz                   
00006a15  HOSTclose                      
00006a59  HOSTunlink                     
00006a9d  __TI_auto_init_nobinit_nopinit 
00006ae1  getdevice                      
00006b25  __aeabi_d2uiz                  
00006ba9  __TI_writemsg                  
00006bd7  C$$IO$$                        
00006be1  strncpy                        
00006c19  __TI_cleanup                   
00006c4d  __TI_readmsg                   
00006c81  _c_int00_noargs                
00006cb5  finddevice                     
00006ce5  __aeabi_i2d                    
00006d15  remove                         
00006d15  unlink                         
00006d69  lseek                          
00006d91  write                          
00006db9  DisableInterrupts              
00006dbf  EnableInterrupts               
00006dc5  StartCritical                  
00006dcf  EndCritical                    
00006dd7  WaitForInterrupt               
00006ddd  memchr                         
00006dfd  __aeabi_ui2d                   
00006e1d  __TI_zero_init_nomemset        
00006e55  memccpy                        
00006e71  copysign                       
00006e71  copysignl                      
00006e8b  __aeabi_lmul                   
00006ea3  strcmp                         
00006ebb  strchr                         
00006ed1  strcpy                         
00006ee5  strlen                         
00006ef9  wcslen                         
00006f0b  __TI_decompress_none           
00006f19  Reset_Handler                  
00006f25  ADC14_IRQHandler               
00006f25  AES256_IRQHandler              
00006f25  BusFault_Handler               
00006f25  COMP_E0_IRQHandler             
00006f25  COMP_E1_IRQHandler             
00006f25  CS_IRQHandler                  
00006f25  DMA_ERR_IRQHandler             
00006f25  DMA_INT0_IRQHandler            
00006f25  DMA_INT1_IRQHandler            
00006f25  DMA_INT2_IRQHandler            
00006f25  DMA_INT3_IRQHandler            
00006f25  DebugMon_Handler               
00006f25  Default_Handler                
00006f25  EUSCIA0_IRQHandler             
00006f25  EUSCIA1_IRQHandler             
00006f25  EUSCIA3_IRQHandler             
00006f25  EUSCIB0_IRQHandler             
00006f25  EUSCIB1_IRQHandler             
00006f25  EUSCIB2_IRQHandler             
00006f25  EUSCIB3_IRQHandler             
00006f25  FLCTL_IRQHandler               
00006f25  FPU_IRQHandler                 
00006f25  HardFault_Handler              
00006f25  MemManage_Handler              
00006f25  NMI_Handler                    
00006f25  PCM_IRQHandler                 
00006f25  PORT1_IRQHandler               
00006f25  PORT2_IRQHandler               
00006f25  PORT3_IRQHandler               
00006f25  PORT5_IRQHandler               
00006f25  PORT6_IRQHandler               
00006f25  PSS_IRQHandler                 
00006f25  PendSV_Handler                 
00006f25  RTC_C_IRQHandler               
00006f25  SVC_Handler                    
00006f25  SysTick_Handler                
00006f25  T32_INT1_IRQHandler            
00006f25  T32_INT2_IRQHandler            
00006f25  T32_INTC_IRQHandler            
00006f25  TA0_0_IRQHandler               
00006f25  TA0_N_IRQHandler               
00006f25  TA1_0_IRQHandler               
00006f25  TA1_N_IRQHandler               
00006f25  TA2_0_IRQHandler               
00006f25  TA2_N_IRQHandler               
00006f25  UsageFault_Handler             
00006f25  WDT_A_IRQHandler               
00006f29  __aeabi_errno_addr             
00006f31  malloc                         
00006f41  _system_pre_init               
00006f45  C$$EXIT                        
00006f45  abort                          
000070a0  _ctypes_                       
000072b0  __TI_Handler_Table_Base        
000072bc  __TI_Handler_Table_Limit       
000072c8  __TI_CINIT_Base                
000072d8  __TI_CINIT_Limit               
20000000  __start___llvm_prf_cnts        
20000000  __stop___llvm_prf_cnts         
20000000  _sys_memory                    
20000400  __CIOBUF_                      
20000520  RxFIFO                         
20000620  __TI_tmpnams                   
200006c0  parmbuf                        
200006c8  CaptureTask0                   
200006cc  CaptureTask1                   
200006d0  RxFifoLost                     
200006d4  RxGetI                         
200006d8  RxPutI                         
200006dc  rTask                          
200006e0  Tachometer_FirstLeftTime       
200006e2  Tachometer_FirstRightTime      
200006e4  Tachometer_SecondLeftTime      
200006e6  Tachometer_SecondRightTime     
200006e8  _ftable                        
200007d8  _device                        
20000850  _stream                        
200008a0  ClockFrequency                 
200008a4  Prewait                        
200008a8  CPMwait                        
200008ac  Postwait                       
200008b0  IFlags                         
200008b4  Crystalstable                  
200008d0  timeAccumulatorLeft            
200008d4  timeAccumulatorRight           
200008d8  Tachometer_RightSteps          
200008dc  Tachometer_LeftSteps           
200008e0  __TI_ft_end                    
200008e4  __aeabi_stdin                  
200008e8  __aeabi_stdout                 
200008ec  __aeabi_stderr                 
200008f0  __TI_cleanup_ptr               
200008f4  __TI_dtors_ptr                 
200008f8  __TI_enable_exit_profile_output
200008fc  _lock                          
20000900  _unlock                        
2000090c  errno                          
20000910  SystemCoreClock                
2000fe00  __stack                        
20010000  __STACK_END                    
4000480c  WDTCTL_SYM                     
ffffffff  __TI_pprof_out_hndl            
ffffffff  __TI_prof_data_size            
ffffffff  __TI_prof_data_start           
ffffffff  __binit__                      
ffffffff  __c_args__                     
ffffffff  binit                          
UNDEFED   __mpu_init                     
UNDEFED   _system_post_cinit             

[275 symbols]
