******************************************************************************
                  TI ARM Linker PC v20.2.7                     
******************************************************************************
>> Linked Tue Apr 28 14:34:05 2026

OUTPUT FILE NAME:   <ObjectAvoidence.out>
ENTRY POINT SYMBOL: "_c_int00_noargs"  address: 00006d71


MEMORY CONFIGURATION

         name            origin    length      used     unused   attr    fill
----------------------  --------  ---------  --------  --------  ----  --------
  MAIN                  00000000   00040000  000073c8  00038c38  R  X
  INFO                  00200000   00004000  00000000  00004000  R  X
  SRAM_CODE             01000000   00010000  00000b18  0000f4e8  RW X
  SRAM_DATA             20000000   00010000  00000b18  0000f4e8  RW  


SEGMENT ALLOCATION MAP

run origin  load origin   length   init length attrs members
----------  ----------- ---------- ----------- ----- -------
00000000    00000000    000073c8   000073c8    r-x
  00000000    00000000    000000e4   000000e4    r-- .intvecs
  000000e4    000000e4    00006f54   00006f54    r-x .text
  00007038    00007038    000002f8   000002f8    r-- .const
  00007330    00007330    00000098   00000098    r-- .cinit
20000000    20000000    00000918   00000000    rw-
  20000000    20000000    00000400   00000000    rw- .sysmem
  20000400    20000400    000002e8   00000000    rw- .bss
  200006e8    200006e8    00000230   00000000    rw- .data
2000fe00    2000fe00    00000200   00000000    rw-
  2000fe00    2000fe00    00000200   00000000    rw- .stack


SECTION ALLOCATION MAP

 output                                  attributes/
section   page    origin      length       input sections
--------  ----  ----------  ----------   ----------------
.intvecs   0    00000000    000000e4     
                  00000000    000000e4     startup_msp432p401r_ccs.obj (.intvecs:retain)

.text      0    000000e4    00006f54     
                  000000e4    00001150     Precision_Moves.obj (.text)
                  00001234    00000a4e     rtsv7M4_T_le_v4SPD16_eabi.lib : _printfi.c.obj (.text:__TI_printfi)
                  00001c82    00000002                                   : _lock.c.obj (.text:_nop)
                  00001c84    00000738                                   : k_rem_pio2.c.obj (.text:__kernel_rem_pio2)
                  000023bc    000005e0     main.obj (.text)
                  0000299c    000005e0     rtsv7M4_T_le_v4SPD16_eabi.lib : s_sin.c.obj (.text:sin)
                  00002f7c    000005dc                                   : s_cos.c.obj (.text:cos)
                  00003558    00000334     system_msp432p401r.obj (.text)
                  0000388c    000002ec     rtsv7M4_T_le_v4SPD16_eabi.lib : s_atan.c.obj (.text:atan)
                  00003b78    00000290     BumpInt.obj (.text)
                  00003e08    00000270     rtsv7M4_T_le_v4SPD16_eabi.lib : _printfi.c.obj (.text:_pconv_a)
                  00004078    000001e4                                   : e_atan2.c.obj (.text:atan2)
                  0000425c    000001e0     Clock.obj (.text)
                  0000443c    000001d0     rtsv7M4_T_le_v4SPD16_eabi.lib : _printfi.c.obj (.text:_pconv_g)
                  0000460c    000001c0     PWM.obj (.text)
                  000047cc    000001b6     rtsv7M4_T_le_v4SPD16_eabi.lib : fd_add_t2.asm.obj (.text)
                  00004982    00000002                                   : div0.asm.obj (.text)
                  00004984    000001a4     UART1.obj (.text)
                  00004b28    0000019c     Motor.obj (.text)
                  00004cc4    00000174     rtsv7M4_T_le_v4SPD16_eabi.lib : k_sin.c.obj (.text:__kernel_sin)
                  00004e38    00000170                                   : k_cos.c.obj (.text:__kernel_cos)
                  00004fa8    00000158     Tachometer.obj (.text)
                  00005100    00000158     rtsv7M4_T_le_v4SPD16_eabi.lib : e_sqrt.c.obj (.text:sqrt)
                  00005258    0000013c                                   : _printfi.c.obj (.text:_pconv_e)
                  00005394    00000136                                   : fd_div_t2.asm.obj (.text)
                  000054ca    00000002     --HOLE-- [fill = 0]
                  000054cc    00000124                                   : _printfi.c.obj (.text:fcvt)
                  000055f0    00000114                                   : fputs.c.obj (.text:fputs)
                  00005704    00000110                                   : s_scalbn.c.obj (.text:scalbn)
                  00005814    00000100                                   : memory.c.obj (.text:aligned_alloc)
                  00005914    000000fc                                   : fd_mul_t2.asm.obj (.text)
                  00005a10    000000f8                                   : s_floor.c.obj (.text:floor)
                  00005b08    000000f4     ADC14.obj (.text)
                  00005bfc    000000f4     TA3InputCapture.obj (.text)
                  00005cf0    000000e4     rtsv7M4_T_le_v4SPD16_eabi.lib : memory.c.obj (.text:free)
                  00005dd4    000000dc                                   : setvbuf.c.obj (.text:setvbuf)
                  00005eb0    000000b1                                   : _printfi.c.obj (.text:_ltostr)
                  00005f61    00000003     --HOLE-- [fill = 0]
                  00005f64    000000a4     RobotLights.obj (.text)
                  00006008    0000009c     rtsv7M4_T_le_v4SPD16_eabi.lib : memcpy_t2.asm.obj (.text)
                  000060a4    00000096                                   : ull_div_t2.asm.obj (.text)
                  0000613a    00000002     --HOLE-- [fill = 0]
                  0000613c    0000008c                                   : fputc.c.obj (.text:fputc)
                  000061c8    00000086                                   : fd_cmp_t2.asm.obj (.text:__aeabi_cdcmple)
                  0000624e    00000086                                   : fd_cmp_t2.asm.obj (.text:__aeabi_cdrcmple)
                  000062d4    0000007a                                   : memset_t2.asm.obj (.text)
                  0000634e    00000002     --HOLE-- [fill = 0]
                  00006350    00000074                                   : fclose.c.obj (.text:__TI_closefile)
                  000063c4    00000070                                   : memory.c.obj (.text:split)
                  00006434    0000006e                                   : _printfi.c.obj (.text:_mcpy)
                  000064a2    00000002     --HOLE-- [fill = 0]
                  000064a4    0000006c                                   : hostrename.c.obj (.text:HOSTrename)
                  00006510    00000068                                   : hostlseek.c.obj (.text:HOSTlseek)
                  00006578    00000068                                   : copy_decompress_lzss.c.obj (.text:decompress:lzss:__TI_decompress_lzss)
                  000065e0    00000068                                   : printf.c.obj (.text:printf)
                  00006648    00000064                                   : s_frexp.c.obj (.text:frexp)
                  000066ac    00000064                                   : fseek.c.obj (.text:fseek)
                  00006710    00000062                                   : _io_perm.c.obj (.text:__TI_wrt_ok)
                  00006772    00000002     --HOLE-- [fill = 0]
                  00006774    00000060                                   : hostopen.c.obj (.text:HOSTopen)
                  000067d4    0000005c                                   : close.c.obj (.text:close)
                  00006830    00000058                                   : hostread.c.obj (.text:HOSTread)
                  00006888    00000058                                   : hostwrite.c.obj (.text:HOSTwrite)
                  000068e0    00000056                                   : _printfi.c.obj (.text:_pconv_f)
                  00006936    00000054                                   : _ltoa.c.obj (.text:__TI_ltoa)
                  0000698a    00000052                                   : _printfi.c.obj (.text:_ecpy)
                  000069dc    0000004c                                   : fflush.c.obj (.text:__TI_doflush)
                  00006a28    0000004c                                   : atoi.c.obj (.text:atoi)
                  00006a74    00000048                                   : exit.c.obj (.text:exit)
                  00006abc    00000048                                   : fd_toi_t2.asm.obj (.text)
                  00006b04    00000044                                   : hostclose.c.obj (.text:HOSTclose)
                  00006b48    00000044                                   : hostunlink.c.obj (.text:HOSTunlink)
                  00006b8c    00000044                                   : autoinit.c.obj (.text:__TI_auto_init_nobinit_nopinit:__TI_auto_init_nobinit_nopinit)
                  00006bd0    00000044                                   : getdevice.c.obj (.text:getdevice)
                  00006c14    00000044                                   : fd_tou_t2.asm.obj (.text)
                  00006c58    0000003e                                   : _printfi.c.obj (.text:_fcpy)
                  00006c96    00000002     --HOLE-- [fill = 0]
                  00006c98    00000038                                   : trgmsg.c.obj (.text:__TI_writemsg)
                  00006cd0    00000036                                   : strncpy.c.obj (.text:strncpy)
                  00006d06    00000002     --HOLE-- [fill = 0]
                  00006d08    00000034                                   : fopen.c.obj (.text:__TI_cleanup)
                  00006d3c    00000034                                   : trgmsg.c.obj (.text:__TI_readmsg)
                  00006d70    00000034                                   : boot_cortex_m.c.obj (.text:_c_int00_noargs:_c_int00_noargs)
                  00006da4    00000030                                   : getdevice.c.obj (.text:finddevice)
                  00006dd4    0000002e                                   : i_tofd_t2.asm.obj (.text)
                  00006e02    00000002     --HOLE-- [fill = 0]
                  00006e04    0000002c                                   : unlink.c.obj (.text:unlink)
                  00006e30    00000028                                   : memory.c.obj (.text:free_list_insert)
                  00006e58    00000028                                   : lseek.c.obj (.text:lseek)
                  00006e80    00000028                                   : write.c.obj (.text:write)
                  00006ea8    00000024     CortexM.obj (.text)
                  00006ecc    00000020     rtsv7M4_T_le_v4SPD16_eabi.lib : memchr.c.obj (.text:memchr)
                  00006eec    00000020                                   : u_tofd_t2.asm.obj (.text)
                  00006f0c    0000001c                                   : copy_zero_init.c.obj (.text:decompress:ZI:__TI_zero_init_nomemset:__TI_zero_init_nomemset)
                  00006f28    0000001c                                   : memory.c.obj (.text:free_list_remove)
                  00006f44    0000001c                                   : memccpy.c.obj (.text:memccpy)
                  00006f60    0000001a                                   : s_copysign.c.obj (.text:copysign)
                  00006f7a    00000018                                   : ll_mul_t2.asm.obj (.text)
                  00006f92    00000018                                   : strcmp.c.obj (.text:strcmp)
                  00006faa    00000016                                   : strchr.c.obj (.text:strchr)
                  00006fc0    00000014                                   : strcpy.c.obj (.text:strcpy)
                  00006fd4    00000014                                   : strlen.c.obj (.text:strlen)
                  00006fe8    00000012                                   : wcslen.c.obj (.text:wcslen)
                  00006ffa    0000000e                                   : copy_decompress_none.c.obj (.text:decompress:none:__TI_decompress_none)
                  00007008    0000000e     startup_msp432p401r_ccs.obj (.text)
                  00007016    00000002     --HOLE-- [fill = 0]
                  00007018    00000008     rtsv7M4_T_le_v4SPD16_eabi.lib : errno.c.obj (.text:__aeabi_errno_addr)
                  00007020    00000008                                   : memory.c.obj (.text:malloc)
                  00007028    00000004                                   : printf.c.obj (.text:_outc)
                  0000702c    00000004                                   : printf.c.obj (.text:_outs)
                  00007030    00000004                                   : pre_init.c.obj (.text:_system_pre_init)
                  00007034    00000004                                   : exit.c.obj (.text:abort:abort)

.const     0    00007038    000002f8     
                  00007038    00000158     rtsv7M4_T_le_v4SPD16_eabi.lib : k_rem_pio2.c.obj (.const:$O1$$)
                  00007190    00000101                                   : ctype.c.obj (.const:.string:_ctypes_)
                  00007291    00000007     --HOLE-- [fill = 0]
                  00007298    00000098                                   : s_atan.c.obj (.const:$O1$$)

.cinit     0    00007330    00000098     
                  00007330    00000070     (.cinit..data.load) [load image, compression = lzss]
                  000073a0    0000000c     (__TI_handler_table)
                  000073ac    00000004     --HOLE-- [fill = 0]
                  000073b0    00000008     (.cinit..bss.load) [load image, compression = zero_init]
                  000073b8    00000010     (__TI_cinit_table)

.init_array 
*          0    00000000    00000000     UNINITIALIZED

.binit     0    00000000    00000000     

.sysmem    0    20000000    00000400     UNINITIALIZED
                  20000000    00000010     rtsv7M4_T_le_v4SPD16_eabi.lib : memory.c.obj (.sysmem)
                  20000010    000003f0     --HOLE--

.bss       0    20000400    000002e8     UNINITIALIZED
                  20000400    00000120     rtsv7M4_T_le_v4SPD16_eabi.lib : trgmsg.c.obj (.bss:_CIOBUF_)
                  20000520    00000100     (.common:RxFIFO)
                  20000620    000000a0     (.common:__TI_tmpnams)
                  200006c0    00000008     (.common:parmbuf)
                  200006c8    00000004     (.common:CaptureTask0)
                  200006cc    00000004     (.common:CaptureTask1)
                  200006d0    00000004     (.common:RxFifoLost)
                  200006d4    00000004     (.common:RxGetI)
                  200006d8    00000004     (.common:RxPutI)
                  200006dc    00000004     (.common:rTask)
                  200006e0    00000002     (.common:Tachometer_FirstLeftTime)
                  200006e2    00000002     (.common:Tachometer_FirstRightTime)
                  200006e4    00000002     (.common:Tachometer_SecondLeftTime)
                  200006e6    00000002     (.common:Tachometer_SecondRightTime)

.data      0    200006e8    00000230     UNINITIALIZED
                  200006e8    000000f0     rtsv7M4_T_le_v4SPD16_eabi.lib : defs.c.obj (.data:_ftable)
                  200007d8    00000078                                   : host_device.c.obj (.data:_device)
                  20000850    00000050                                   : host_device.c.obj (.data:_stream)
                  200008a0    00000018     Clock.obj (.data)
                  200008b8    00000018     main.obj (.data)
                  200008d0    00000010     Tachometer.obj (.data)
                  200008e0    00000010     rtsv7M4_T_le_v4SPD16_eabi.lib : defs.c.obj (.data)
                  200008f0    0000000c                                   : exit.c.obj (.data:$O1$$)
                  200008fc    00000008                                   : _lock.c.obj (.data:$O1$$)
                  20000904    00000008                                   : memory.c.obj (.data:$O1$$)
                  2000090c    00000004     Precision_Moves.obj (.data)
                  20000910    00000004     rtsv7M4_T_le_v4SPD16_eabi.lib : errno.c.obj (.data)
                  20000914    00000004     system_msp432p401r.obj (.data)

.stack     0    2000fe00    00000200     UNINITIALIZED
                  2000fe00    00000004     rtsv7M4_T_le_v4SPD16_eabi.lib : boot_cortex_m.c.obj (.stack)
                  2000fe04    000001fc     --HOLE--

__llvm_prf_cnts 
*          0    20000000    00000000     UNINITIALIZED

MODULE SUMMARY

       Module                        code    ro data   rw data
       ------                        ----    -------   -------
    .\
       Precision_Moves.obj           4432    0         8      
       main.obj                      1504    0         48     
       UART1.obj                     420     0         536    
       system_msp432p401r.obj        820     0         8      
       BumpInt.obj                   656     0         8      
       Clock.obj                     480     0         48     
       PWM.obj                       448     0         0      
       Motor.obj                     412     0         0      
       Tachometer.obj                344     0         48     
       TA3InputCapture.obj           244     0         16     
       ADC14.obj                     244     0         0      
       startup_msp432p401r_ccs.obj   14      228       0      
       RobotLights.obj               164     0         0      
       CortexM.obj                   36      0         0      
    +--+-----------------------------+-------+---------+---------+
       Total:                        10218   228       720    
                                                              
    C:\ti\ccs1281\ccs\tools\compiler\ti-cgt-arm_20.2.7.LTS\lib\rtsv7M4_T_le_v4SPD16_eabi.lib
       _printfi.c.obj                4851    0         0      
       k_rem_pio2.c.obj              1848    344       0      
       s_sin.c.obj                   1504    0         0      
       s_cos.c.obj                   1500    0         0      
       s_atan.c.obj                  748     152       0      
       defs.c.obj                    0       0         832    
       memory.c.obj                  672     0         16     
       trgmsg.c.obj                  108     0         576    
       e_atan2.c.obj                 484     0         0      
       fd_add_t2.asm.obj             438     0         0      
       host_device.c.obj             0       0         400    
       k_sin.c.obj                   372     0         0      
       k_cos.c.obj                   368     0         0      
       e_sqrt.c.obj                  344     0         0      
       fd_div_t2.asm.obj             310     0         0      
       fputs.c.obj                   276     0         0      
       s_scalbn.c.obj                272     0         0      
       fd_cmp_t2.asm.obj             268     0         0      
       ctype.c.obj                   0       257       0      
       fd_mul_t2.asm.obj             252     0         0      
       s_floor.c.obj                 248     0         0      
       setvbuf.c.obj                 220     0         0      
       memcpy_t2.asm.obj             156     0         0      
       ull_div_t2.asm.obj            150     0         0      
       fputc.c.obj                   140     0         0      
       memset_t2.asm.obj             122     0         0      
       fclose.c.obj                  116     0         0      
       getdevice.c.obj               116     0         0      
       hostopen.c.obj                96      0         16     
       printf.c.obj                  112     0         0      
       hostrename.c.obj              108     0         0      
       copy_decompress_lzss.c.obj    104     0         0      
       hostlseek.c.obj               104     0         0      
       exit.c.obj                    76      0         24     
       fseek.c.obj                   100     0         0      
       s_frexp.c.obj                 100     0         0      
       _io_perm.c.obj                98      0         0      
       close.c.obj                   92      0         0      
       hostread.c.obj                88      0         0      
       hostwrite.c.obj               88      0         0      
       _ltoa.c.obj                   84      0         0      
       atoi.c.obj                    76      0         0      
       fflush.c.obj                  76      0         0      
       fd_toi_t2.asm.obj             72      0         0      
       autoinit.c.obj                68      0         0      
       fd_tou_t2.asm.obj             68      0         0      
       hostclose.c.obj               68      0         0      
       hostunlink.c.obj              68      0         0      
       strncpy.c.obj                 54      0         0      
       boot_cortex_m.c.obj           52      0         0      
       fopen.c.obj                   52      0         0      
       i_tofd_t2.asm.obj             46      0         0      
       unlink.c.obj                  44      0         0      
       lseek.c.obj                   40      0         0      
       write.c.obj                   40      0         0      
       memchr.c.obj                  32      0         0      
       u_tofd_t2.asm.obj             32      0         0      
       copy_zero_init.c.obj          28      0         0      
       memccpy.c.obj                 28      0         0      
       s_copysign.c.obj              26      0         0      
       ll_mul_t2.asm.obj             24      0         0      
       strcmp.c.obj                  24      0         0      
       strchr.c.obj                  22      0         0      
       strcpy.c.obj                  20      0         0      
       strlen.c.obj                  20      0         0      
       _lock.c.obj                   2       0         16     
       wcslen.c.obj                  18      0         0      
       errno.c.obj                   8       0         8      
       copy_decompress_none.c.obj    14      0         0      
       pre_init.c.obj                4       0         0      
       div0.asm.obj                  2       0         0      
    +--+-----------------------------+-------+---------+---------+
       Total:                        18261   753       1888   
                                                              
       Heap:                         0       0         2048   
       Stack:                        0       0         1024   
       Linker Generated:             0       148       0      
    +--+-----------------------------+-------+---------+---------+
       Grand Total:                  28479   1129      5680   


LINKER GENERATED COPY TABLES

__TI_cinit_table @ 000073b8 records: 2, size/record: 8, table size: 16
	.data: load addr=00007330, load size=00000070 bytes, run addr=200006e8, run size=00000230 bytes, compression=lzss
	.bss: load addr=000073b0, load size=00000008 bytes, run addr=20000400, run size=000002e8 bytes, compression=zero_init


LINKER GENERATED HANDLER TABLE

__TI_handler_table @ 000073a0 records: 3, size/record: 4, table size: 12
	index: 0, handler: __TI_decompress_lzss
	index: 1, handler: __TI_decompress_none
	index: 2, handler: __TI_zero_init


GLOBAL SYMBOLS: SORTED ALPHABETICALLY BY Name 

address   name                           
-------   ----                           
00005b09  ADC0_InitSWTriggerCh17_14_16   
00007015  ADC14_IRQHandler               
00005b79  ADC_In17_14_16                 
00007015  AES256_IRQHandler              
00005fdb  Back_Lights_OFF                
00005fcf  Back_Lights_ON                 
00003b79  BumpInt_Init                   
00003ca1  BumpTask                       
00003bf3  Bump_Read                      
00007015  BusFault_Handler               
00007035  C$$EXIT                        
00006cc7  C$$IO$$                        
00007015  COMP_E0_IRQHandler             
00007015  COMP_E1_IRQHandler             
200008a8  CPMwait                        
00007015  CS_IRQHandler                  
200006c8  CaptureTask0                   
200006cc  CaptureTask1                   
200008a0  ClockFrequency                 
000043b1  Clock_Delay1ms                 
00004387  Clock_Delay1us                 
00004373  Clock_GetFreq                  
0000425d  Clock_Init48MHz                
200008b4  Crystalstable                  
00007015  DMA_ERR_IRQHandler             
00007015  DMA_INT0_IRQHandler            
00007015  DMA_INT1_IRQHandler            
00007015  DMA_INT2_IRQHandler            
00007015  DMA_INT3_IRQHandler            
00007015  DebugMon_Handler               
00007015  Default_Handler                
00006ea9  DisableInterrupts              
00007015  EUSCIA0_IRQHandler             
00007015  EUSCIA1_IRQHandler             
00004aad  EUSCIA2_IRQHandler             
00004aad  EUSCIA2_IRQHandler             
00007015  EUSCIA3_IRQHandler             
00007015  EUSCIB0_IRQHandler             
00007015  EUSCIB1_IRQHandler             
00007015  EUSCIB2_IRQHandler             
00007015  EUSCIB3_IRQHandler             
00006eaf  EnableInterrupts               
00006ebf  EndCritical                    
00007015  FLCTL_IRQHandler               
00007015  FPU_IRQHandler                 
00005fb9  Front_Lights_OFF               
00005fa3  Front_Lights_ON                
00006b05  HOSTclose                      
00006511  HOSTlseek                      
00006775  HOSTopen                       
00006831  HOSTread                       
000064a5  HOSTrename                     
00006b49  HOSTunlink                     
00006889  HOSTwrite                      
00007015  HardFault_Handler              
200008b0  IFlags                         
00007015  MemManage_Handler              
00004c6f  Motor_Backward                 
00004bc3  Motor_Forward                  
2000090c  Motor_Forward_Obstacle         
00000579  Motor_Forward_RPM              
00004b29  Motor_Init                     
00004c35  Motor_Left                     
00000f17  Motor_Precision_CircleCCW      
00000ffd  Motor_Precision_CircleCW       
00000455  Motor_Precision_Left           
000002fb  Motor_Precision_Right          
000010f1  Motor_Precision_StarCCW        
00004bfb  Motor_Right                    
00004ba5  Motor_Stop                     
00005f65  MvtLED_Init                    
00007015  NMI_Handler                    
00007015  PCM_IRQHandler                 
00007015  PORT1_IRQHandler               
00007015  PORT2_IRQHandler               
00007015  PORT3_IRQHandler               
00003c89  PORT4_IRQHandler               
00003c89  PORT4_IRQHandler               
00007015  PORT5_IRQHandler               
00007015  PORT6_IRQHandler               
00007015  PSS_IRQHandler                 
00004691  PWM_Duty1                      
000046b1  PWM_Duty2                      
00004755  PWM_Duty3                      
00004775  PWM_Duty4                      
0000460d  PWM_Init12                     
000046d1  PWM_Init34                     
00007015  PendSV_Handler                 
200008ac  Postwait                       
200008a4  Prewait                        
00007015  RTC_C_IRQHandler               
00007009  Reset_Handler                  
20000520  RxFIFO                         
200006d0  RxFifoLost                     
000049dd  RxFifo_Get                     
00004985  RxFifo_Init                    
00004997  RxFifo_Put                     
200006d4  RxGetI                         
200006d8  RxPutI                         
00007015  SVC_Handler                    
00006eb5  StartCritical                  
00007015  SysTick_Handler                
20000914  SystemCoreClock                
00003559  SystemCoreClockUpdate          
000037d1  SystemInit                     
00007015  T32_INT1_IRQHandler            
00007015  T32_INT2_IRQHandler            
00007015  T32_INTC_IRQHandler            
00007015  TA0_0_IRQHandler               
00007015  TA0_N_IRQHandler               
00007015  TA1_0_IRQHandler               
00007015  TA1_N_IRQHandler               
00007015  TA2_0_IRQHandler               
00007015  TA2_N_IRQHandler               
00005c83  TA3_0_IRQHandler               
00005c83  TA3_0_IRQHandler               
00005c9d  TA3_N_IRQHandler               
00005c9d  TA3_N_IRQHandler               
200006e0  Tachometer_FirstLeftTime       
200006e2  Tachometer_FirstRightTime      
00005097  Tachometer_Get_SpaceTime       
0000507b  Tachometer_Get_Steps           
00005051  Tachometer_Init                
200008dc  Tachometer_LeftSteps           
200008d8  Tachometer_RightSteps          
200006e4  Tachometer_SecondLeftTime      
200006e6  Tachometer_SecondRightTime     
00005bfd  TimerA3Capture_Init01          
00004ae1  UART1_FinishOutput             
00004a7f  UART1_InChar                   
00004a13  UART1_InStatus                 
00004a23  UART1_Init                     
00004a91  UART1_OutChar                  
00004ac3  UART1_OutString                
00007015  UsageFault_Handler             
4000480c  WDTCTL_SYM                     
00007015  WDT_A_IRQHandler               
00006ec7  WaitForInterrupt               
20000400  __CIOBUF_                      
20010000  __STACK_END                    
00000200  __STACK_SIZE                   
00000400  __SYSMEM_SIZE                  
000073b8  __TI_CINIT_Base                
000073c8  __TI_CINIT_Limit               
000073a0  __TI_Handler_Table_Base        
000073ac  __TI_Handler_Table_Limit       
00006b8d  __TI_auto_init_nobinit_nopinit 
00006d09  __TI_cleanup                   
200008f0  __TI_cleanup_ptr               
00006351  __TI_closefile                 
00006579  __TI_decompress_lzss           
00006ffb  __TI_decompress_none           
000069dd  __TI_doflush                   
200008f4  __TI_dtors_ptr                 
200008f8  __TI_enable_exit_profile_output
200008e0  __TI_ft_end                    
00006937  __TI_ltoa                      
ffffffff  __TI_pprof_out_hndl            
00001235  __TI_printfi                   
ffffffff  __TI_prof_data_size            
ffffffff  __TI_prof_data_start           
00006d3d  __TI_readmsg                   
00000000  __TI_static_base__             
20000620  __TI_tmpnams                   
00006c99  __TI_writemsg                  
00006711  __TI_wrt_ok                    
00006f0d  __TI_zero_init_nomemset        
000061c9  __aeabi_cdcmpeq                
000061c9  __aeabi_cdcmple                
0000624f  __aeabi_cdrcmple               
00006abd  __aeabi_d2iz                   
00006c15  __aeabi_d2uiz                  
000047d7  __aeabi_dadd                   
00005395  __aeabi_ddiv                   
00005915  __aeabi_dmul                   
000047cd  __aeabi_dsub                   
00007019  __aeabi_errno_addr             
00006dd5  __aeabi_i2d                    
00004983  __aeabi_idiv0                  
00004983  __aeabi_ldiv0                  
00006f7b  __aeabi_lmul                   
000062d5  __aeabi_memclr                 
000062d5  __aeabi_memclr4                
000062d5  __aeabi_memclr8                
00006009  __aeabi_memcpy                 
00006009  __aeabi_memcpy4                
00006009  __aeabi_memcpy8                
000062d7  __aeabi_memset                 
000062d7  __aeabi_memset4                
000062d7  __aeabi_memset8                
200008ec  __aeabi_stderr                 
200008e4  __aeabi_stdin                  
200008e8  __aeabi_stdout                 
00006eed  __aeabi_ui2d                   
000060a5  __aeabi_uldivmod               
ffffffff  __binit__                      
ffffffff  __c_args__                     
00004e39  __kernel_cos                   
00001c85  __kernel_rem_pio2              
00004cc5  __kernel_sin                   
UNDEFED   __mpu_init                     
2000fe00  __stack                        
20000000  __start___llvm_prf_cnts        
20000000  __stop___llvm_prf_cnts         
00006d71  _c_int00_noargs                
00007190  _ctypes_                       
200007d8  _device                        
200006e8  _ftable                        
200008fc  _lock                          
00001c83  _nop                           
20000850  _stream                        
20000000  _sys_memory                    
UNDEFED   _system_post_cinit             
00007031  _system_pre_init               
20000900  _unlock                        
00007035  abort                          
00005815  aligned_alloc                  
0000388d  atan                           
00004079  atan2                          
00004079  atan2l                         
0000388d  atanl                          
00006a29  atoi                           
ffffffff  binit                          
000067d5  close                          
00006f61  copysign                       
00006f61  copysignl                      
00002f7d  cos                            
00002f7d  cosl                           
00004379  delay                          
20000910  errno                          
00006a75  exit                           
00006da5  finddevice                     
00005a11  floor                          
00005a11  floorl                         
0000613d  fputc                          
000055f1  fputs                          
00005cf1  free                           
00006649  frexp                          
00006649  frexpl                         
000066ad  fseek                          
00006bd1  getdevice                      
00000000  interruptVectors               
00005705  ldexp                          
00005705  ldexpl                         
00006e59  lseek                          
000028e9  main                           
00007021  malloc                         
00005815  memalign                       
00006f45  memccpy                        
00006ecd  memchr                         
00006009  memcpy                         
000062dd  memset                         
200006c0  parmbuf                        
000065e1  printf                         
0000613d  putc                           
200006dc  rTask                          
00006e05  remove                         
00005705  scalbn                         
00005705  scalbnl                        
00005dd5  setvbuf                        
0000299d  sin                            
0000299d  sinl                           
00005101  sqrt                           
00005101  sqrtl                          
00006fab  strchr                         
00006f93  strcmp                         
00006fc1  strcpy                         
00006fd5  strlen                         
00006cd1  strncpy                        
00004ffd  tachometerLeftInt              
00004fa9  tachometerRightInt             
200008d0  timeAccumulatorLeft            
200008d4  timeAccumulatorRight           
00006e05  unlink                         
00006fe9  wcslen                         
00006e81  write                          


GLOBAL SYMBOLS: SORTED BY Symbol Address 

address   name                           
-------   ----                           
00000000  __TI_static_base__             
00000000  interruptVectors               
00000200  __STACK_SIZE                   
000002fb  Motor_Precision_Right          
00000400  __SYSMEM_SIZE                  
00000455  Motor_Precision_Left           
00000579  Motor_Forward_RPM              
00000f17  Motor_Precision_CircleCCW      
00000ffd  Motor_Precision_CircleCW       
000010f1  Motor_Precision_StarCCW        
00001235  __TI_printfi                   
00001c83  _nop                           
00001c85  __kernel_rem_pio2              
000028e9  main                           
0000299d  sin                            
0000299d  sinl                           
00002f7d  cos                            
00002f7d  cosl                           
00003559  SystemCoreClockUpdate          
000037d1  SystemInit                     
0000388d  atan                           
0000388d  atanl                          
00003b79  BumpInt_Init                   
00003bf3  Bump_Read                      
00003c89  PORT4_IRQHandler               
00003c89  PORT4_IRQHandler               
00003ca1  BumpTask                       
00004079  atan2                          
00004079  atan2l                         
0000425d  Clock_Init48MHz                
00004373  Clock_GetFreq                  
00004379  delay                          
00004387  Clock_Delay1us                 
000043b1  Clock_Delay1ms                 
0000460d  PWM_Init12                     
00004691  PWM_Duty1                      
000046b1  PWM_Duty2                      
000046d1  PWM_Init34                     
00004755  PWM_Duty3                      
00004775  PWM_Duty4                      
000047cd  __aeabi_dsub                   
000047d7  __aeabi_dadd                   
00004983  __aeabi_idiv0                  
00004983  __aeabi_ldiv0                  
00004985  RxFifo_Init                    
00004997  RxFifo_Put                     
000049dd  RxFifo_Get                     
00004a13  UART1_InStatus                 
00004a23  UART1_Init                     
00004a7f  UART1_InChar                   
00004a91  UART1_OutChar                  
00004aad  EUSCIA2_IRQHandler             
00004aad  EUSCIA2_IRQHandler             
00004ac3  UART1_OutString                
00004ae1  UART1_FinishOutput             
00004b29  Motor_Init                     
00004ba5  Motor_Stop                     
00004bc3  Motor_Forward                  
00004bfb  Motor_Right                    
00004c35  Motor_Left                     
00004c6f  Motor_Backward                 
00004cc5  __kernel_sin                   
00004e39  __kernel_cos                   
00004fa9  tachometerRightInt             
00004ffd  tachometerLeftInt              
00005051  Tachometer_Init                
0000507b  Tachometer_Get_Steps           
00005097  Tachometer_Get_SpaceTime       
00005101  sqrt                           
00005101  sqrtl                          
00005395  __aeabi_ddiv                   
000055f1  fputs                          
00005705  ldexp                          
00005705  ldexpl                         
00005705  scalbn                         
00005705  scalbnl                        
00005815  aligned_alloc                  
00005815  memalign                       
00005915  __aeabi_dmul                   
00005a11  floor                          
00005a11  floorl                         
00005b09  ADC0_InitSWTriggerCh17_14_16   
00005b79  ADC_In17_14_16                 
00005bfd  TimerA3Capture_Init01          
00005c83  TA3_0_IRQHandler               
00005c83  TA3_0_IRQHandler               
00005c9d  TA3_N_IRQHandler               
00005c9d  TA3_N_IRQHandler               
00005cf1  free                           
00005dd5  setvbuf                        
00005f65  MvtLED_Init                    
00005fa3  Front_Lights_ON                
00005fb9  Front_Lights_OFF               
00005fcf  Back_Lights_ON                 
00005fdb  Back_Lights_OFF                
00006009  __aeabi_memcpy                 
00006009  __aeabi_memcpy4                
00006009  __aeabi_memcpy8                
00006009  memcpy                         
000060a5  __aeabi_uldivmod               
0000613d  fputc                          
0000613d  putc                           
000061c9  __aeabi_cdcmpeq                
000061c9  __aeabi_cdcmple                
0000624f  __aeabi_cdrcmple               
000062d5  __aeabi_memclr                 
000062d5  __aeabi_memclr4                
000062d5  __aeabi_memclr8                
000062d7  __aeabi_memset                 
000062d7  __aeabi_memset4                
000062d7  __aeabi_memset8                
000062dd  memset                         
00006351  __TI_closefile                 
000064a5  HOSTrename                     
00006511  HOSTlseek                      
00006579  __TI_decompress_lzss           
000065e1  printf                         
00006649  frexp                          
00006649  frexpl                         
000066ad  fseek                          
00006711  __TI_wrt_ok                    
00006775  HOSTopen                       
000067d5  close                          
00006831  HOSTread                       
00006889  HOSTwrite                      
00006937  __TI_ltoa                      
000069dd  __TI_doflush                   
00006a29  atoi                           
00006a75  exit                           
00006abd  __aeabi_d2iz                   
00006b05  HOSTclose                      
00006b49  HOSTunlink                     
00006b8d  __TI_auto_init_nobinit_nopinit 
00006bd1  getdevice                      
00006c15  __aeabi_d2uiz                  
00006c99  __TI_writemsg                  
00006cc7  C$$IO$$                        
00006cd1  strncpy                        
00006d09  __TI_cleanup                   
00006d3d  __TI_readmsg                   
00006d71  _c_int00_noargs                
00006da5  finddevice                     
00006dd5  __aeabi_i2d                    
00006e05  remove                         
00006e05  unlink                         
00006e59  lseek                          
00006e81  write                          
00006ea9  DisableInterrupts              
00006eaf  EnableInterrupts               
00006eb5  StartCritical                  
00006ebf  EndCritical                    
00006ec7  WaitForInterrupt               
00006ecd  memchr                         
00006eed  __aeabi_ui2d                   
00006f0d  __TI_zero_init_nomemset        
00006f45  memccpy                        
00006f61  copysign                       
00006f61  copysignl                      
00006f7b  __aeabi_lmul                   
00006f93  strcmp                         
00006fab  strchr                         
00006fc1  strcpy                         
00006fd5  strlen                         
00006fe9  wcslen                         
00006ffb  __TI_decompress_none           
00007009  Reset_Handler                  
00007015  ADC14_IRQHandler               
00007015  AES256_IRQHandler              
00007015  BusFault_Handler               
00007015  COMP_E0_IRQHandler             
00007015  COMP_E1_IRQHandler             
00007015  CS_IRQHandler                  
00007015  DMA_ERR_IRQHandler             
00007015  DMA_INT0_IRQHandler            
00007015  DMA_INT1_IRQHandler            
00007015  DMA_INT2_IRQHandler            
00007015  DMA_INT3_IRQHandler            
00007015  DebugMon_Handler               
00007015  Default_Handler                
00007015  EUSCIA0_IRQHandler             
00007015  EUSCIA1_IRQHandler             
00007015  EUSCIA3_IRQHandler             
00007015  EUSCIB0_IRQHandler             
00007015  EUSCIB1_IRQHandler             
00007015  EUSCIB2_IRQHandler             
00007015  EUSCIB3_IRQHandler             
00007015  FLCTL_IRQHandler               
00007015  FPU_IRQHandler                 
00007015  HardFault_Handler              
00007015  MemManage_Handler              
00007015  NMI_Handler                    
00007015  PCM_IRQHandler                 
00007015  PORT1_IRQHandler               
00007015  PORT2_IRQHandler               
00007015  PORT3_IRQHandler               
00007015  PORT5_IRQHandler               
00007015  PORT6_IRQHandler               
00007015  PSS_IRQHandler                 
00007015  PendSV_Handler                 
00007015  RTC_C_IRQHandler               
00007015  SVC_Handler                    
00007015  SysTick_Handler                
00007015  T32_INT1_IRQHandler            
00007015  T32_INT2_IRQHandler            
00007015  T32_INTC_IRQHandler            
00007015  TA0_0_IRQHandler               
00007015  TA0_N_IRQHandler               
00007015  TA1_0_IRQHandler               
00007015  TA1_N_IRQHandler               
00007015  TA2_0_IRQHandler               
00007015  TA2_N_IRQHandler               
00007015  UsageFault_Handler             
00007015  WDT_A_IRQHandler               
00007019  __aeabi_errno_addr             
00007021  malloc                         
00007031  _system_pre_init               
00007035  C$$EXIT                        
00007035  abort                          
00007190  _ctypes_                       
000073a0  __TI_Handler_Table_Base        
000073ac  __TI_Handler_Table_Limit       
000073b8  __TI_CINIT_Base                
000073c8  __TI_CINIT_Limit               
20000000  __start___llvm_prf_cnts        
20000000  __stop___llvm_prf_cnts         
20000000  _sys_memory                    
20000400  __CIOBUF_                      
20000520  RxFIFO                         
20000620  __TI_tmpnams                   
200006c0  parmbuf                        
200006c8  CaptureTask0                   
200006cc  CaptureTask1                   
200006d0  RxFifoLost                     
200006d4  RxGetI                         
200006d8  RxPutI                         
200006dc  rTask                          
200006e0  Tachometer_FirstLeftTime       
200006e2  Tachometer_FirstRightTime      
200006e4  Tachometer_SecondLeftTime      
200006e6  Tachometer_SecondRightTime     
200006e8  _ftable                        
200007d8  _device                        
20000850  _stream                        
200008a0  ClockFrequency                 
200008a4  Prewait                        
200008a8  CPMwait                        
200008ac  Postwait                       
200008b0  IFlags                         
200008b4  Crystalstable                  
200008d0  timeAccumulatorLeft            
200008d4  timeAccumulatorRight           
200008d8  Tachometer_RightSteps          
200008dc  Tachometer_LeftSteps           
200008e0  __TI_ft_end                    
200008e4  __aeabi_stdin                  
200008e8  __aeabi_stdout                 
200008ec  __aeabi_stderr                 
200008f0  __TI_cleanup_ptr               
200008f4  __TI_dtors_ptr                 
200008f8  __TI_enable_exit_profile_output
200008fc  _lock                          
20000900  _unlock                        
2000090c  Motor_Forward_Obstacle         
20000910  errno                          
20000914  SystemCoreClock                
2000fe00  __stack                        
20010000  __STACK_END                    
4000480c  WDTCTL_SYM                     
ffffffff  __TI_pprof_out_hndl            
ffffffff  __TI_prof_data_size            
ffffffff  __TI_prof_data_start           
ffffffff  __binit__                      
ffffffff  __c_args__                     
ffffffff  binit                          
UNDEFED   __mpu_init                     
UNDEFED   _system_post_cinit             

[276 symbols]
