<?xml version="1.0" encoding="ISO-8859-1" ?>
<link_info>
   <banner>TI ARM Linker PC v20.2.7.LTS</banner>
   <copyright>Copyright (c) 1996-2018 Texas Instruments Incorporated</copyright>
   <link_time>0x69a766e7</link_time>
   <link_errors>0x0</link_errors>
   <output_file>Midterm.out</output_file>
   <entry_point>
      <name>_c_int00_noargs</name>
      <address>0x37ad</address>
   </entry_point>
   <input_file_list>
      <input_file id="fl-2">
         <path>.\</path>
         <kind>object</kind>
         <file>ADC14.obj</file>
         <name>ADC14.obj</name>
      </input_file>
      <input_file id="fl-3">
         <path>.\</path>
         <kind>object</kind>
         <file>BumpInt.obj</file>
         <name>BumpInt.obj</name>
      </input_file>
      <input_file id="fl-4">
         <path>.\</path>
         <kind>object</kind>
         <file>Clock.obj</file>
         <name>Clock.obj</name>
      </input_file>
      <input_file id="fl-5">
         <path>.\</path>
         <kind>object</kind>
         <file>CortexM.obj</file>
         <name>CortexM.obj</name>
      </input_file>
      <input_file id="fl-6">
         <path>.\</path>
         <kind>object</kind>
         <file>Motor.obj</file>
         <name>Motor.obj</name>
      </input_file>
      <input_file id="fl-7">
         <path>.\</path>
         <kind>object</kind>
         <file>PWM.obj</file>
         <name>PWM.obj</name>
      </input_file>
      <input_file id="fl-8">
         <path>.\</path>
         <kind>object</kind>
         <file>Reflectance.obj</file>
         <name>Reflectance.obj</name>
      </input_file>
      <input_file id="fl-9">
         <path>.\</path>
         <kind>object</kind>
         <file>RobotLights.obj</file>
         <name>RobotLights.obj</name>
      </input_file>
      <input_file id="fl-a">
         <path>.\</path>
         <kind>object</kind>
         <file>main.obj</file>
         <name>main.obj</name>
      </input_file>
      <input_file id="fl-b">
         <path>.\</path>
         <kind>object</kind>
         <file>startup_msp432p401r_ccs.obj</file>
         <name>startup_msp432p401r_ccs.obj</name>
      </input_file>
      <input_file id="fl-c">
         <path>.\</path>
         <kind>object</kind>
         <file>system_msp432p401r.obj</file>
         <name>system_msp432p401r.obj</name>
      </input_file>
      <input_file id="fl-10">
         <kind>object</kind>
         <file>&lt;internal&gt;</file>
         <name>&lt;internal&gt;</name>
      </input_file>
      <input_file id="fl-c6">
         <path>C:\ti\ccs1281\ccs\tools\compiler\ti-cgt-arm_20.2.7.LTS\lib\</path>
         <kind>archive</kind>
         <file>rtsv7M4_T_le_v4SPD16_eabi.lib</file>
         <name>printf.c.obj</name>
      </input_file>
      <input_file id="fl-c7">
         <path>C:\ti\ccs1281\ccs\tools\compiler\ti-cgt-arm_20.2.7.LTS\lib\</path>
         <kind>archive</kind>
         <file>rtsv7M4_T_le_v4SPD16_eabi.lib</file>
         <name>_printfi.c.obj</name>
      </input_file>
      <input_file id="fl-c8">
         <path>C:\ti\ccs1281\ccs\tools\compiler\ti-cgt-arm_20.2.7.LTS\lib\</path>
         <kind>archive</kind>
         <file>rtsv7M4_T_le_v4SPD16_eabi.lib</file>
         <name>fputc.c.obj</name>
      </input_file>
      <input_file id="fl-c9">
         <path>C:\ti\ccs1281\ccs\tools\compiler\ti-cgt-arm_20.2.7.LTS\lib\</path>
         <kind>archive</kind>
         <file>rtsv7M4_T_le_v4SPD16_eabi.lib</file>
         <name>fputs.c.obj</name>
      </input_file>
      <input_file id="fl-ca">
         <path>C:\ti\ccs1281\ccs\tools\compiler\ti-cgt-arm_20.2.7.LTS\lib\</path>
         <kind>archive</kind>
         <file>rtsv7M4_T_le_v4SPD16_eabi.lib</file>
         <name>_io_perm.c.obj</name>
      </input_file>
      <input_file id="fl-cb">
         <path>C:\ti\ccs1281\ccs\tools\compiler\ti-cgt-arm_20.2.7.LTS\lib\</path>
         <kind>archive</kind>
         <file>rtsv7M4_T_le_v4SPD16_eabi.lib</file>
         <name>setvbuf.c.obj</name>
      </input_file>
      <input_file id="fl-cc">
         <path>C:\ti\ccs1281\ccs\tools\compiler\ti-cgt-arm_20.2.7.LTS\lib\</path>
         <kind>archive</kind>
         <file>rtsv7M4_T_le_v4SPD16_eabi.lib</file>
         <name>fd_add_t2.asm.obj</name>
      </input_file>
      <input_file id="fl-cd">
         <path>C:\ti\ccs1281\ccs\tools\compiler\ti-cgt-arm_20.2.7.LTS\lib\</path>
         <kind>archive</kind>
         <file>rtsv7M4_T_le_v4SPD16_eabi.lib</file>
         <name>fd_cmp_t2.asm.obj</name>
      </input_file>
      <input_file id="fl-ce">
         <path>C:\ti\ccs1281\ccs\tools\compiler\ti-cgt-arm_20.2.7.LTS\lib\</path>
         <kind>archive</kind>
         <file>rtsv7M4_T_le_v4SPD16_eabi.lib</file>
         <name>fd_div_t2.asm.obj</name>
      </input_file>
      <input_file id="fl-cf">
         <path>C:\ti\ccs1281\ccs\tools\compiler\ti-cgt-arm_20.2.7.LTS\lib\</path>
         <kind>archive</kind>
         <file>rtsv7M4_T_le_v4SPD16_eabi.lib</file>
         <name>fd_mul_t2.asm.obj</name>
      </input_file>
      <input_file id="fl-d0">
         <path>C:\ti\ccs1281\ccs\tools\compiler\ti-cgt-arm_20.2.7.LTS\lib\</path>
         <kind>archive</kind>
         <file>rtsv7M4_T_le_v4SPD16_eabi.lib</file>
         <name>fd_toi_t2.asm.obj</name>
      </input_file>
      <input_file id="fl-d1">
         <path>C:\ti\ccs1281\ccs\tools\compiler\ti-cgt-arm_20.2.7.LTS\lib\</path>
         <kind>archive</kind>
         <file>rtsv7M4_T_le_v4SPD16_eabi.lib</file>
         <name>i_tofd_t2.asm.obj</name>
      </input_file>
      <input_file id="fl-d2">
         <path>C:\ti\ccs1281\ccs\tools\compiler\ti-cgt-arm_20.2.7.LTS\lib\</path>
         <kind>archive</kind>
         <file>rtsv7M4_T_le_v4SPD16_eabi.lib</file>
         <name>memcpy_t2.asm.obj</name>
      </input_file>
      <input_file id="fl-d3">
         <path>C:\ti\ccs1281\ccs\tools\compiler\ti-cgt-arm_20.2.7.LTS\lib\</path>
         <kind>archive</kind>
         <file>rtsv7M4_T_le_v4SPD16_eabi.lib</file>
         <name>memset_t2.asm.obj</name>
      </input_file>
      <input_file id="fl-d4">
         <path>C:\ti\ccs1281\ccs\tools\compiler\ti-cgt-arm_20.2.7.LTS\lib\</path>
         <kind>archive</kind>
         <file>rtsv7M4_T_le_v4SPD16_eabi.lib</file>
         <name>ull_div_t2.asm.obj</name>
      </input_file>
      <input_file id="fl-d5">
         <path>C:\ti\ccs1281\ccs\tools\compiler\ti-cgt-arm_20.2.7.LTS\lib\</path>
         <kind>archive</kind>
         <file>rtsv7M4_T_le_v4SPD16_eabi.lib</file>
         <name>copy_zero_init.c.obj</name>
      </input_file>
      <input_file id="fl-d6">
         <path>C:\ti\ccs1281\ccs\tools\compiler\ti-cgt-arm_20.2.7.LTS\lib\</path>
         <kind>archive</kind>
         <file>rtsv7M4_T_le_v4SPD16_eabi.lib</file>
         <name>copy_decompress_none.c.obj</name>
      </input_file>
      <input_file id="fl-d7">
         <path>C:\ti\ccs1281\ccs\tools\compiler\ti-cgt-arm_20.2.7.LTS\lib\</path>
         <kind>archive</kind>
         <file>rtsv7M4_T_le_v4SPD16_eabi.lib</file>
         <name>copy_decompress_lzss.c.obj</name>
      </input_file>
      <input_file id="fl-d8">
         <path>C:\ti\ccs1281\ccs\tools\compiler\ti-cgt-arm_20.2.7.LTS\lib\</path>
         <kind>archive</kind>
         <file>rtsv7M4_T_le_v4SPD16_eabi.lib</file>
         <name>exit.c.obj</name>
      </input_file>
      <input_file id="fl-d9">
         <path>C:\ti\ccs1281\ccs\tools\compiler\ti-cgt-arm_20.2.7.LTS\lib\</path>
         <kind>archive</kind>
         <file>rtsv7M4_T_le_v4SPD16_eabi.lib</file>
         <name>_lock.c.obj</name>
      </input_file>
      <input_file id="fl-da">
         <path>C:\ti\ccs1281\ccs\tools\compiler\ti-cgt-arm_20.2.7.LTS\lib\</path>
         <kind>archive</kind>
         <file>rtsv7M4_T_le_v4SPD16_eabi.lib</file>
         <name>_ltoa.c.obj</name>
      </input_file>
      <input_file id="fl-db">
         <path>C:\ti\ccs1281\ccs\tools\compiler\ti-cgt-arm_20.2.7.LTS\lib\</path>
         <kind>archive</kind>
         <file>rtsv7M4_T_le_v4SPD16_eabi.lib</file>
         <name>atoi.c.obj</name>
      </input_file>
      <input_file id="fl-dc">
         <path>C:\ti\ccs1281\ccs\tools\compiler\ti-cgt-arm_20.2.7.LTS\lib\</path>
         <kind>archive</kind>
         <file>rtsv7M4_T_le_v4SPD16_eabi.lib</file>
         <name>ctype.c.obj</name>
      </input_file>
      <input_file id="fl-dd">
         <path>C:\ti\ccs1281\ccs\tools\compiler\ti-cgt-arm_20.2.7.LTS\lib\</path>
         <kind>archive</kind>
         <file>rtsv7M4_T_le_v4SPD16_eabi.lib</file>
         <name>defs.c.obj</name>
      </input_file>
      <input_file id="fl-de">
         <path>C:\ti\ccs1281\ccs\tools\compiler\ti-cgt-arm_20.2.7.LTS\lib\</path>
         <kind>archive</kind>
         <file>rtsv7M4_T_le_v4SPD16_eabi.lib</file>
         <name>memccpy.c.obj</name>
      </input_file>
      <input_file id="fl-df">
         <path>C:\ti\ccs1281\ccs\tools\compiler\ti-cgt-arm_20.2.7.LTS\lib\</path>
         <kind>archive</kind>
         <file>rtsv7M4_T_le_v4SPD16_eabi.lib</file>
         <name>memchr.c.obj</name>
      </input_file>
      <input_file id="fl-e0">
         <path>C:\ti\ccs1281\ccs\tools\compiler\ti-cgt-arm_20.2.7.LTS\lib\</path>
         <kind>archive</kind>
         <file>rtsv7M4_T_le_v4SPD16_eabi.lib</file>
         <name>memory.c.obj</name>
      </input_file>
      <input_file id="fl-e1">
         <path>C:\ti\ccs1281\ccs\tools\compiler\ti-cgt-arm_20.2.7.LTS\lib\</path>
         <kind>archive</kind>
         <file>rtsv7M4_T_le_v4SPD16_eabi.lib</file>
         <name>strchr.c.obj</name>
      </input_file>
      <input_file id="fl-e2">
         <path>C:\ti\ccs1281\ccs\tools\compiler\ti-cgt-arm_20.2.7.LTS\lib\</path>
         <kind>archive</kind>
         <file>rtsv7M4_T_le_v4SPD16_eabi.lib</file>
         <name>strlen.c.obj</name>
      </input_file>
      <input_file id="fl-e3">
         <path>C:\ti\ccs1281\ccs\tools\compiler\ti-cgt-arm_20.2.7.LTS\lib\</path>
         <kind>archive</kind>
         <file>rtsv7M4_T_le_v4SPD16_eabi.lib</file>
         <name>boot_cortex_m.c.obj</name>
      </input_file>
      <input_file id="fl-e4">
         <path>C:\ti\ccs1281\ccs\tools\compiler\ti-cgt-arm_20.2.7.LTS\lib\</path>
         <kind>archive</kind>
         <file>rtsv7M4_T_le_v4SPD16_eabi.lib</file>
         <name>write.c.obj</name>
      </input_file>
      <input_file id="fl-e5">
         <path>C:\ti\ccs1281\ccs\tools\compiler\ti-cgt-arm_20.2.7.LTS\lib\</path>
         <kind>archive</kind>
         <file>rtsv7M4_T_le_v4SPD16_eabi.lib</file>
         <name>host_device.c.obj</name>
      </input_file>
      <input_file id="fl-e6">
         <path>C:\ti\ccs1281\ccs\tools\compiler\ti-cgt-arm_20.2.7.LTS\lib\</path>
         <kind>archive</kind>
         <file>rtsv7M4_T_le_v4SPD16_eabi.lib</file>
         <name>errno.c.obj</name>
      </input_file>
      <input_file id="fl-e7">
         <path>C:\ti\ccs1281\ccs\tools\compiler\ti-cgt-arm_20.2.7.LTS\lib\</path>
         <kind>archive</kind>
         <file>rtsv7M4_T_le_v4SPD16_eabi.lib</file>
         <name>wcslen.c.obj</name>
      </input_file>
      <input_file id="fl-e8">
         <path>C:\ti\ccs1281\ccs\tools\compiler\ti-cgt-arm_20.2.7.LTS\lib\</path>
         <kind>archive</kind>
         <file>rtsv7M4_T_le_v4SPD16_eabi.lib</file>
         <name>s_frexp.c.obj</name>
      </input_file>
      <input_file id="fl-e9">
         <path>C:\ti\ccs1281\ccs\tools\compiler\ti-cgt-arm_20.2.7.LTS\lib\</path>
         <kind>archive</kind>
         <file>rtsv7M4_T_le_v4SPD16_eabi.lib</file>
         <name>s_scalbn.c.obj</name>
      </input_file>
      <input_file id="fl-ea">
         <path>C:\ti\ccs1281\ccs\tools\compiler\ti-cgt-arm_20.2.7.LTS\lib\</path>
         <kind>archive</kind>
         <file>rtsv7M4_T_le_v4SPD16_eabi.lib</file>
         <name>fflush.c.obj</name>
      </input_file>
      <input_file id="fl-eb">
         <path>C:\ti\ccs1281\ccs\tools\compiler\ti-cgt-arm_20.2.7.LTS\lib\</path>
         <kind>archive</kind>
         <file>rtsv7M4_T_le_v4SPD16_eabi.lib</file>
         <name>fopen.c.obj</name>
      </input_file>
      <input_file id="fl-ec">
         <path>C:\ti\ccs1281\ccs\tools\compiler\ti-cgt-arm_20.2.7.LTS\lib\</path>
         <kind>archive</kind>
         <file>rtsv7M4_T_le_v4SPD16_eabi.lib</file>
         <name>fseek.c.obj</name>
      </input_file>
      <input_file id="fl-ed">
         <path>C:\ti\ccs1281\ccs\tools\compiler\ti-cgt-arm_20.2.7.LTS\lib\</path>
         <kind>archive</kind>
         <file>rtsv7M4_T_le_v4SPD16_eabi.lib</file>
         <name>div0.asm.obj</name>
      </input_file>
      <input_file id="fl-ee">
         <path>C:\ti\ccs1281\ccs\tools\compiler\ti-cgt-arm_20.2.7.LTS\lib\</path>
         <kind>archive</kind>
         <file>rtsv7M4_T_le_v4SPD16_eabi.lib</file>
         <name>autoinit.c.obj</name>
      </input_file>
      <input_file id="fl-ef">
         <path>C:\ti\ccs1281\ccs\tools\compiler\ti-cgt-arm_20.2.7.LTS\lib\</path>
         <kind>archive</kind>
         <file>rtsv7M4_T_le_v4SPD16_eabi.lib</file>
         <name>pre_init.c.obj</name>
      </input_file>
      <input_file id="fl-f0">
         <path>C:\ti\ccs1281\ccs\tools\compiler\ti-cgt-arm_20.2.7.LTS\lib\</path>
         <kind>archive</kind>
         <file>rtsv7M4_T_le_v4SPD16_eabi.lib</file>
         <name>cpy_tbl.c.obj</name>
      </input_file>
      <input_file id="fl-f1">
         <path>C:\ti\ccs1281\ccs\tools\compiler\ti-cgt-arm_20.2.7.LTS\lib\</path>
         <kind>archive</kind>
         <file>rtsv7M4_T_le_v4SPD16_eabi.lib</file>
         <name>args_main.c.obj</name>
      </input_file>
      <input_file id="fl-f2">
         <path>C:\ti\ccs1281\ccs\tools\compiler\ti-cgt-arm_20.2.7.LTS\lib\</path>
         <kind>archive</kind>
         <file>rtsv7M4_T_le_v4SPD16_eabi.lib</file>
         <name>hostclose.c.obj</name>
      </input_file>
      <input_file id="fl-f3">
         <path>C:\ti\ccs1281\ccs\tools\compiler\ti-cgt-arm_20.2.7.LTS\lib\</path>
         <kind>archive</kind>
         <file>rtsv7M4_T_le_v4SPD16_eabi.lib</file>
         <name>hostlseek.c.obj</name>
      </input_file>
      <input_file id="fl-f4">
         <path>C:\ti\ccs1281\ccs\tools\compiler\ti-cgt-arm_20.2.7.LTS\lib\</path>
         <kind>archive</kind>
         <file>rtsv7M4_T_le_v4SPD16_eabi.lib</file>
         <name>hostopen.c.obj</name>
      </input_file>
      <input_file id="fl-f5">
         <path>C:\ti\ccs1281\ccs\tools\compiler\ti-cgt-arm_20.2.7.LTS\lib\</path>
         <kind>archive</kind>
         <file>rtsv7M4_T_le_v4SPD16_eabi.lib</file>
         <name>hostread.c.obj</name>
      </input_file>
      <input_file id="fl-f6">
         <path>C:\ti\ccs1281\ccs\tools\compiler\ti-cgt-arm_20.2.7.LTS\lib\</path>
         <kind>archive</kind>
         <file>rtsv7M4_T_le_v4SPD16_eabi.lib</file>
         <name>hostrename.c.obj</name>
      </input_file>
      <input_file id="fl-f7">
         <path>C:\ti\ccs1281\ccs\tools\compiler\ti-cgt-arm_20.2.7.LTS\lib\</path>
         <kind>archive</kind>
         <file>rtsv7M4_T_le_v4SPD16_eabi.lib</file>
         <name>hostunlink.c.obj</name>
      </input_file>
      <input_file id="fl-f8">
         <path>C:\ti\ccs1281\ccs\tools\compiler\ti-cgt-arm_20.2.7.LTS\lib\</path>
         <kind>archive</kind>
         <file>rtsv7M4_T_le_v4SPD16_eabi.lib</file>
         <name>hostwrite.c.obj</name>
      </input_file>
      <input_file id="fl-f9">
         <path>C:\ti\ccs1281\ccs\tools\compiler\ti-cgt-arm_20.2.7.LTS\lib\</path>
         <kind>archive</kind>
         <file>rtsv7M4_T_le_v4SPD16_eabi.lib</file>
         <name>trgmsg.c.obj</name>
      </input_file>
      <input_file id="fl-fa">
         <path>C:\ti\ccs1281\ccs\tools\compiler\ti-cgt-arm_20.2.7.LTS\lib\</path>
         <kind>archive</kind>
         <file>rtsv7M4_T_le_v4SPD16_eabi.lib</file>
         <name>open.c.obj</name>
      </input_file>
      <input_file id="fl-fb">
         <path>C:\ti\ccs1281\ccs\tools\compiler\ti-cgt-arm_20.2.7.LTS\lib\</path>
         <kind>archive</kind>
         <file>rtsv7M4_T_le_v4SPD16_eabi.lib</file>
         <name>lseek.c.obj</name>
      </input_file>
      <input_file id="fl-fc">
         <path>C:\ti\ccs1281\ccs\tools\compiler\ti-cgt-arm_20.2.7.LTS\lib\</path>
         <kind>archive</kind>
         <file>rtsv7M4_T_le_v4SPD16_eabi.lib</file>
         <name>s_copysign.c.obj</name>
      </input_file>
      <input_file id="fl-fd">
         <path>C:\ti\ccs1281\ccs\tools\compiler\ti-cgt-arm_20.2.7.LTS\lib\</path>
         <kind>archive</kind>
         <file>rtsv7M4_T_le_v4SPD16_eabi.lib</file>
         <name>fclose.c.obj</name>
      </input_file>
      <input_file id="fl-fe">
         <path>C:\ti\ccs1281\ccs\tools\compiler\ti-cgt-arm_20.2.7.LTS\lib\</path>
         <kind>archive</kind>
         <file>rtsv7M4_T_le_v4SPD16_eabi.lib</file>
         <name>getdevice.c.obj</name>
      </input_file>
      <input_file id="fl-ff">
         <path>C:\ti\ccs1281\ccs\tools\compiler\ti-cgt-arm_20.2.7.LTS\lib\</path>
         <kind>archive</kind>
         <file>rtsv7M4_T_le_v4SPD16_eabi.lib</file>
         <name>strcmp.c.obj</name>
      </input_file>
      <input_file id="fl-100">
         <path>C:\ti\ccs1281\ccs\tools\compiler\ti-cgt-arm_20.2.7.LTS\lib\</path>
         <kind>archive</kind>
         <file>rtsv7M4_T_le_v4SPD16_eabi.lib</file>
         <name>strcpy.c.obj</name>
      </input_file>
      <input_file id="fl-101">
         <path>C:\ti\ccs1281\ccs\tools\compiler\ti-cgt-arm_20.2.7.LTS\lib\</path>
         <kind>archive</kind>
         <file>rtsv7M4_T_le_v4SPD16_eabi.lib</file>
         <name>strncpy.c.obj</name>
      </input_file>
      <input_file id="fl-102">
         <path>C:\ti\ccs1281\ccs\tools\compiler\ti-cgt-arm_20.2.7.LTS\lib\</path>
         <kind>archive</kind>
         <file>rtsv7M4_T_le_v4SPD16_eabi.lib</file>
         <name>remove.c.obj</name>
      </input_file>
      <input_file id="fl-103">
         <path>C:\ti\ccs1281\ccs\tools\compiler\ti-cgt-arm_20.2.7.LTS\lib\</path>
         <kind>archive</kind>
         <file>rtsv7M4_T_le_v4SPD16_eabi.lib</file>
         <name>close.c.obj</name>
      </input_file>
      <input_file id="fl-104">
         <path>C:\ti\ccs1281\ccs\tools\compiler\ti-cgt-arm_20.2.7.LTS\lib\</path>
         <kind>archive</kind>
         <file>rtsv7M4_T_le_v4SPD16_eabi.lib</file>
         <name>unlink.c.obj</name>
      </input_file>
   </input_file_list>
   <object_component_list>
      <object_component id="oc-26">
         <name>.intvecs:retain</name>
         <load_address>0x0</load_address>
         <run_address>0x0</run_address>
         <size>0xe4</size>
         <input_file_ref idref="fl-b"/>
      </object_component>
      <object_component id="oc-157">
         <name>.text:__TI_printfi</name>
         <load_address>0xe4</load_address>
         <run_address>0xe4</run_address>
         <size>0xa4e</size>
         <input_file_ref idref="fl-c7"/>
      </object_component>
      <object_component id="oc-200">
         <name>.text:_nop</name>
         <load_address>0xb32</load_address>
         <run_address>0xb32</run_address>
         <size>0x2</size>
         <input_file_ref idref="fl-d9"/>
      </object_component>
      <object_component id="oc-b2">
         <name>.text</name>
         <load_address>0xb34</load_address>
         <run_address>0xb34</run_address>
         <size>0x334</size>
         <input_file_ref idref="fl-c"/>
      </object_component>
      <object_component id="oc-70">
         <name>.text</name>
         <load_address>0xe68</load_address>
         <run_address>0xe68</run_address>
         <size>0x290</size>
         <input_file_ref idref="fl-3"/>
      </object_component>
      <object_component id="oc-1dc">
         <name>.text:_pconv_a</name>
         <load_address>0x10f8</load_address>
         <run_address>0x10f8</run_address>
         <size>0x270</size>
         <input_file_ref idref="fl-c7"/>
      </object_component>
      <object_component id="oc-bf">
         <name>.text</name>
         <load_address>0x1368</load_address>
         <run_address>0x1368</run_address>
         <size>0x1e0</size>
         <input_file_ref idref="fl-4"/>
      </object_component>
      <object_component id="oc-1ca">
         <name>.text:_pconv_g</name>
         <load_address>0x1548</load_address>
         <run_address>0x1548</run_address>
         <size>0x1d0</size>
         <input_file_ref idref="fl-c7"/>
      </object_component>
      <object_component id="oc-176">
         <name>.text</name>
         <load_address>0x1718</load_address>
         <run_address>0x1718</run_address>
         <size>0x1c0</size>
         <input_file_ref idref="fl-7"/>
      </object_component>
      <object_component id="oc-26a">
         <name>.text</name>
         <load_address>0x18d8</load_address>
         <run_address>0x18d8</run_address>
         <size>0x1b6</size>
         <input_file_ref idref="fl-cc"/>
      </object_component>
      <object_component id="oc-2f0">
         <name>.text</name>
         <load_address>0x1a8e</load_address>
         <run_address>0x1a8e</run_address>
         <size>0x2</size>
         <input_file_ref idref="fl-ed"/>
      </object_component>
      <object_component id="oc-cb">
         <name>.text</name>
         <load_address>0x1a90</load_address>
         <run_address>0x1a90</run_address>
         <size>0x19c</size>
         <input_file_ref idref="fl-6"/>
      </object_component>
      <object_component id="oc-a0">
         <name>.text</name>
         <load_address>0x1c2c</load_address>
         <run_address>0x1c2c</run_address>
         <size>0x154</size>
         <input_file_ref idref="fl-a"/>
      </object_component>
      <object_component id="oc-103">
         <name>.text</name>
         <load_address>0x1d80</load_address>
         <run_address>0x1d80</run_address>
         <size>0x144</size>
         <input_file_ref idref="fl-8"/>
      </object_component>
      <object_component id="oc-1d6">
         <name>.text:_pconv_e</name>
         <load_address>0x1ec4</load_address>
         <run_address>0x1ec4</run_address>
         <size>0x13c</size>
         <input_file_ref idref="fl-c7"/>
      </object_component>
      <object_component id="oc-250">
         <name>.text</name>
         <load_address>0x2000</load_address>
         <run_address>0x2000</run_address>
         <size>0x136</size>
         <input_file_ref idref="fl-ce"/>
      </object_component>
      <object_component id="oc-27c">
         <name>.text:fcvt</name>
         <load_address>0x2138</load_address>
         <run_address>0x2138</run_address>
         <size>0x124</size>
         <input_file_ref idref="fl-c7"/>
      </object_component>
      <object_component id="oc-20e">
         <name>.text:fputs</name>
         <load_address>0x225c</load_address>
         <run_address>0x225c</run_address>
         <size>0x114</size>
         <input_file_ref idref="fl-c9"/>
      </object_component>
      <object_component id="oc-290">
         <name>.text:scalbn</name>
         <load_address>0x2370</load_address>
         <run_address>0x2370</run_address>
         <size>0x110</size>
         <input_file_ref idref="fl-e9"/>
      </object_component>
      <object_component id="oc-39b">
         <name>.text:aligned_alloc</name>
         <load_address>0x2480</load_address>
         <run_address>0x2480</run_address>
         <size>0x100</size>
         <input_file_ref idref="fl-e0"/>
      </object_component>
      <object_component id="oc-24b">
         <name>.text</name>
         <load_address>0x2580</load_address>
         <run_address>0x2580</run_address>
         <size>0xfc</size>
         <input_file_ref idref="fl-cf"/>
      </object_component>
      <object_component id="oc-109">
         <name>.text</name>
         <load_address>0x267c</load_address>
         <run_address>0x267c</run_address>
         <size>0xf4</size>
         <input_file_ref idref="fl-2"/>
      </object_component>
      <object_component id="oc-359">
         <name>.text:free</name>
         <load_address>0x2770</load_address>
         <run_address>0x2770</run_address>
         <size>0xe4</size>
         <input_file_ref idref="fl-e0"/>
      </object_component>
      <object_component id="oc-32b">
         <name>.text:setvbuf</name>
         <load_address>0x2854</load_address>
         <run_address>0x2854</run_address>
         <size>0xdc</size>
         <input_file_ref idref="fl-cb"/>
      </object_component>
      <object_component id="oc-1bf">
         <name>.text:_ltostr</name>
         <load_address>0x2930</load_address>
         <run_address>0x2930</run_address>
         <size>0xb1</size>
         <input_file_ref idref="fl-c7"/>
      </object_component>
      <object_component id="oc-d1">
         <name>.text</name>
         <load_address>0x29e4</load_address>
         <run_address>0x29e4</run_address>
         <size>0xa4</size>
         <input_file_ref idref="fl-9"/>
      </object_component>
      <object_component id="oc-3a">
         <name>.text</name>
         <load_address>0x2a88</load_address>
         <run_address>0x2a88</run_address>
         <size>0x9c</size>
         <input_file_ref idref="fl-d2"/>
      </object_component>
      <object_component id="oc-244">
         <name>.text</name>
         <load_address>0x2b24</load_address>
         <run_address>0x2b24</run_address>
         <size>0x96</size>
         <input_file_ref idref="fl-d4"/>
      </object_component>
      <object_component id="oc-215">
         <name>.text:fputc</name>
         <load_address>0x2bbc</load_address>
         <run_address>0x2bbc</run_address>
         <size>0x8c</size>
         <input_file_ref idref="fl-c8"/>
      </object_component>
      <object_component id="oc-1c5">
         <name>.text:__aeabi_cdcmple</name>
         <load_address>0x2c48</load_address>
         <run_address>0x2c48</run_address>
         <size>0x86</size>
         <input_file_ref idref="fl-cd"/>
      </object_component>
      <object_component id="oc-255">
         <name>.text:__aeabi_cdrcmple</name>
         <load_address>0x2cce</load_address>
         <run_address>0x2cce</run_address>
         <size>0x86</size>
         <input_file_ref idref="fl-cd"/>
      </object_component>
      <object_component id="oc-94">
         <name>.text</name>
         <load_address>0x2d54</load_address>
         <run_address>0x2d54</run_address>
         <size>0x7a</size>
         <input_file_ref idref="fl-d3"/>
      </object_component>
      <object_component id="oc-3a2">
         <name>.text:__TI_closefile</name>
         <load_address>0x2dd0</load_address>
         <run_address>0x2dd0</run_address>
         <size>0x74</size>
         <input_file_ref idref="fl-fd"/>
      </object_component>
      <object_component id="oc-3e3">
         <name>.text:split</name>
         <load_address>0x2e44</load_address>
         <run_address>0x2e44</run_address>
         <size>0x70</size>
         <input_file_ref idref="fl-e0"/>
      </object_component>
      <object_component id="oc-275">
         <name>.text:_mcpy</name>
         <load_address>0x2eb4</load_address>
         <run_address>0x2eb4</run_address>
         <size>0x6e</size>
         <input_file_ref idref="fl-c7"/>
      </object_component>
      <object_component id="oc-3d2">
         <name>.text:HOSTrename</name>
         <load_address>0x2f24</load_address>
         <run_address>0x2f24</run_address>
         <size>0x6c</size>
         <input_file_ref idref="fl-f6"/>
      </object_component>
      <object_component id="oc-3c6">
         <name>.text:HOSTlseek</name>
         <load_address>0x2f90</load_address>
         <run_address>0x2f90</run_address>
         <size>0x68</size>
         <input_file_ref idref="fl-f3"/>
      </object_component>
      <object_component id="oc-17">
         <name>.text:decompress:lzss:__TI_decompress_lzss</name>
         <load_address>0x2ff8</load_address>
         <run_address>0x2ff8</run_address>
         <size>0x68</size>
         <input_file_ref idref="fl-d7"/>
      </object_component>
      <object_component id="oc-c5">
         <name>.text:printf</name>
         <load_address>0x3060</load_address>
         <run_address>0x3060</run_address>
         <size>0x68</size>
         <input_file_ref idref="fl-c6"/>
      </object_component>
      <object_component id="oc-28a">
         <name>.text:frexp</name>
         <load_address>0x30c8</load_address>
         <run_address>0x30c8</run_address>
         <size>0x64</size>
         <input_file_ref idref="fl-e8"/>
      </object_component>
      <object_component id="oc-325">
         <name>.text:fseek</name>
         <load_address>0x312c</load_address>
         <run_address>0x312c</run_address>
         <size>0x64</size>
         <input_file_ref idref="fl-ec"/>
      </object_component>
      <object_component id="oc-2c1">
         <name>.text:__TI_wrt_ok</name>
         <load_address>0x3190</load_address>
         <run_address>0x3190</run_address>
         <size>0x62</size>
         <input_file_ref idref="fl-ca"/>
      </object_component>
      <object_component id="oc-3ae">
         <name>.text:HOSTopen</name>
         <load_address>0x31f4</load_address>
         <run_address>0x31f4</run_address>
         <size>0x60</size>
         <input_file_ref idref="fl-f4"/>
      </object_component>
      <object_component id="oc-3ea">
         <name>.text:close</name>
         <load_address>0x3254</load_address>
         <run_address>0x3254</run_address>
         <size>0x5c</size>
         <input_file_ref idref="fl-103"/>
      </object_component>
      <object_component id="oc-3ba">
         <name>.text:HOSTread</name>
         <load_address>0x32b0</load_address>
         <run_address>0x32b0</run_address>
         <size>0x58</size>
         <input_file_ref idref="fl-f5"/>
      </object_component>
      <object_component id="oc-3c0">
         <name>.text:HOSTwrite</name>
         <load_address>0x3308</load_address>
         <run_address>0x3308</run_address>
         <size>0x58</size>
         <input_file_ref idref="fl-f8"/>
      </object_component>
      <object_component id="oc-1d0">
         <name>.text:_pconv_f</name>
         <load_address>0x3360</load_address>
         <run_address>0x3360</run_address>
         <size>0x56</size>
         <input_file_ref idref="fl-c7"/>
      </object_component>
      <object_component id="oc-25f">
         <name>.text:__TI_ltoa</name>
         <load_address>0x33b6</load_address>
         <run_address>0x33b6</run_address>
         <size>0x54</size>
         <input_file_ref idref="fl-da"/>
      </object_component>
      <object_component id="oc-26f">
         <name>.text:_ecpy</name>
         <load_address>0x340a</load_address>
         <run_address>0x340a</run_address>
         <size>0x52</size>
         <input_file_ref idref="fl-c7"/>
      </object_component>
      <object_component id="oc-2cd">
         <name>.text:__TI_doflush</name>
         <load_address>0x345c</load_address>
         <run_address>0x345c</run_address>
         <size>0x4c</size>
         <input_file_ref idref="fl-ea"/>
      </object_component>
      <object_component id="oc-1b9">
         <name>.text:atoi</name>
         <load_address>0x34a8</load_address>
         <run_address>0x34a8</run_address>
         <size>0x4c</size>
         <input_file_ref idref="fl-db"/>
      </object_component>
      <object_component id="oc-116">
         <name>.text:exit</name>
         <load_address>0x34f4</load_address>
         <run_address>0x34f4</run_address>
         <size>0x48</size>
         <input_file_ref idref="fl-d8"/>
      </object_component>
      <object_component id="oc-25a">
         <name>.text</name>
         <load_address>0x353c</load_address>
         <run_address>0x353c</run_address>
         <size>0x48</size>
         <input_file_ref idref="fl-d0"/>
      </object_component>
      <object_component id="oc-3b4">
         <name>.text:HOSTclose</name>
         <load_address>0x3584</load_address>
         <run_address>0x3584</run_address>
         <size>0x44</size>
         <input_file_ref idref="fl-f2"/>
      </object_component>
      <object_component id="oc-3cc">
         <name>.text:HOSTunlink</name>
         <load_address>0x35c8</load_address>
         <run_address>0x35c8</run_address>
         <size>0x44</size>
         <input_file_ref idref="fl-f7"/>
      </object_component>
      <object_component id="oc-11c">
         <name>.text:__TI_auto_init_nobinit_nopinit:__TI_auto_init_nobinit_nopinit</name>
         <load_address>0x360c</load_address>
         <run_address>0x360c</run_address>
         <size>0x44</size>
         <input_file_ref idref="fl-ee"/>
      </object_component>
      <object_component id="oc-422">
         <name>.text:getdevice</name>
         <load_address>0x3650</load_address>
         <run_address>0x3650</run_address>
         <size>0x44</size>
         <input_file_ref idref="fl-fe"/>
      </object_component>
      <object_component id="oc-282">
         <name>.text:_fcpy</name>
         <load_address>0x3694</load_address>
         <run_address>0x3694</run_address>
         <size>0x3e</size>
         <input_file_ref idref="fl-c7"/>
      </object_component>
      <object_component id="oc-3fb">
         <name>.text:__TI_writemsg</name>
         <load_address>0x36d4</load_address>
         <run_address>0x36d4</run_address>
         <size>0x38</size>
         <input_file_ref idref="fl-f9"/>
      </object_component>
      <object_component id="oc-444">
         <name>.text:strncpy</name>
         <load_address>0x370c</load_address>
         <run_address>0x370c</run_address>
         <size>0x36</size>
         <input_file_ref idref="fl-101"/>
      </object_component>
      <object_component id="oc-365">
         <name>.text:__TI_cleanup</name>
         <load_address>0x3744</load_address>
         <run_address>0x3744</run_address>
         <size>0x34</size>
         <input_file_ref idref="fl-eb"/>
      </object_component>
      <object_component id="oc-401">
         <name>.text:__TI_readmsg</name>
         <load_address>0x3778</load_address>
         <run_address>0x3778</run_address>
         <size>0x34</size>
         <input_file_ref idref="fl-f9"/>
      </object_component>
      <object_component id="oc-58">
         <name>.text:_c_int00_noargs:_c_int00_noargs</name>
         <load_address>0x37ac</load_address>
         <run_address>0x37ac</run_address>
         <size>0x34</size>
         <input_file_ref idref="fl-e3"/>
      </object_component>
      <object_component id="oc-44a">
         <name>.text:finddevice</name>
         <load_address>0x37e0</load_address>
         <run_address>0x37e0</run_address>
         <size>0x30</size>
         <input_file_ref idref="fl-fe"/>
      </object_component>
      <object_component id="oc-265">
         <name>.text</name>
         <load_address>0x3810</load_address>
         <run_address>0x3810</run_address>
         <size>0x2e</size>
         <input_file_ref idref="fl-d1"/>
      </object_component>
      <object_component id="oc-3f0">
         <name>.text:unlink</name>
         <load_address>0x3840</load_address>
         <run_address>0x3840</run_address>
         <size>0x2c</size>
         <input_file_ref idref="fl-104"/>
      </object_component>
      <object_component id="oc-394">
         <name>.text:free_list_insert</name>
         <load_address>0x386c</load_address>
         <run_address>0x386c</run_address>
         <size>0x28</size>
         <input_file_ref idref="fl-e0"/>
      </object_component>
      <object_component id="oc-351">
         <name>.text:lseek</name>
         <load_address>0x3894</load_address>
         <run_address>0x3894</run_address>
         <size>0x28</size>
         <input_file_ref idref="fl-fb"/>
      </object_component>
      <object_component id="oc-2d3">
         <name>.text:write</name>
         <load_address>0x38bc</load_address>
         <run_address>0x38bc</run_address>
         <size>0x28</size>
         <input_file_ref idref="fl-e4"/>
      </object_component>
      <object_component id="oc-b9">
         <name>.text</name>
         <load_address>0x38e4</load_address>
         <run_address>0x38e4</run_address>
         <size>0x24</size>
         <input_file_ref idref="fl-5"/>
      </object_component>
      <object_component id="oc-2c7">
         <name>.text:memchr</name>
         <load_address>0x3908</load_address>
         <run_address>0x3908</run_address>
         <size>0x20</size>
         <input_file_ref idref="fl-df"/>
      </object_component>
      <object_component id="oc-46">
         <name>.text:decompress:ZI:__TI_zero_init_nomemset:__TI_zero_init_nomemset</name>
         <load_address>0x3928</load_address>
         <run_address>0x3928</run_address>
         <size>0x1c</size>
         <input_file_ref idref="fl-d5"/>
      </object_component>
      <object_component id="oc-38e">
         <name>.text:free_list_remove</name>
         <load_address>0x3944</load_address>
         <run_address>0x3944</run_address>
         <size>0x1c</size>
         <input_file_ref idref="fl-e0"/>
      </object_component>
      <object_component id="oc-1e2">
         <name>.text:memccpy</name>
         <load_address>0x3960</load_address>
         <run_address>0x3960</run_address>
         <size>0x1c</size>
         <input_file_ref idref="fl-de"/>
      </object_component>
      <object_component id="oc-309">
         <name>.text:copysign</name>
         <load_address>0x397c</load_address>
         <run_address>0x397c</run_address>
         <size>0x1a</size>
         <input_file_ref idref="fl-fc"/>
      </object_component>
      <object_component id="oc-461">
         <name>.text:strcmp</name>
         <load_address>0x3996</load_address>
         <run_address>0x3996</run_address>
         <size>0x18</size>
         <input_file_ref idref="fl-ff"/>
      </object_component>
      <object_component id="oc-296">
         <name>.text:strchr</name>
         <load_address>0x39ae</load_address>
         <run_address>0x39ae</run_address>
         <size>0x16</size>
         <input_file_ref idref="fl-e1"/>
      </object_component>
      <object_component id="oc-415">
         <name>.text:strcpy</name>
         <load_address>0x39c4</load_address>
         <run_address>0x39c4</run_address>
         <size>0x14</size>
         <input_file_ref idref="fl-100"/>
      </object_component>
      <object_component id="oc-1b3">
         <name>.text:strlen</name>
         <load_address>0x39d8</load_address>
         <run_address>0x39d8</run_address>
         <size>0x14</size>
         <input_file_ref idref="fl-e2"/>
      </object_component>
      <object_component id="oc-1e8">
         <name>.text:wcslen</name>
         <load_address>0x39ec</load_address>
         <run_address>0x39ec</run_address>
         <size>0x12</size>
         <input_file_ref idref="fl-e7"/>
      </object_component>
      <object_component id="oc-1d">
         <name>.text:decompress:none:__TI_decompress_none</name>
         <load_address>0x39fe</load_address>
         <run_address>0x39fe</run_address>
         <size>0xe</size>
         <input_file_ref idref="fl-d6"/>
      </object_component>
      <object_component id="oc-6a">
         <name>.text</name>
         <load_address>0x3a0c</load_address>
         <run_address>0x3a0c</run_address>
         <size>0xe</size>
         <input_file_ref idref="fl-b"/>
      </object_component>
      <object_component id="oc-1ee">
         <name>.text:__aeabi_errno_addr</name>
         <load_address>0x3a1c</load_address>
         <run_address>0x3a1c</run_address>
         <size>0x8</size>
         <input_file_ref idref="fl-e6"/>
      </object_component>
      <object_component id="oc-35f">
         <name>.text:malloc</name>
         <load_address>0x3a24</load_address>
         <run_address>0x3a24</run_address>
         <size>0x8</size>
         <input_file_ref idref="fl-e0"/>
      </object_component>
      <object_component id="oc-169">
         <name>.text:_outc</name>
         <load_address>0x3a2c</load_address>
         <run_address>0x3a2c</run_address>
         <size>0x4</size>
         <input_file_ref idref="fl-c6"/>
      </object_component>
      <object_component id="oc-163">
         <name>.text:_outs</name>
         <load_address>0x3a30</load_address>
         <run_address>0x3a30</run_address>
         <size>0x4</size>
         <input_file_ref idref="fl-c6"/>
      </object_component>
      <object_component id="oc-9a">
         <name>.text:_system_pre_init</name>
         <load_address>0x3a34</load_address>
         <run_address>0x3a34</run_address>
         <size>0x4</size>
         <input_file_ref idref="fl-ef"/>
      </object_component>
      <object_component id="oc-110">
         <name>.text:abort:abort</name>
         <load_address>0x3a38</load_address>
         <run_address>0x3a38</run_address>
         <size>0x4</size>
         <input_file_ref idref="fl-d8"/>
      </object_component>
      <object_component id="oc-23f">
         <name>.const:.string:_ctypes_</name>
         <load_address>0x3a3c</load_address>
         <run_address>0x3a3c</run_address>
         <size>0x101</size>
         <input_file_ref idref="fl-dc"/>
      </object_component>
      <object_component id="oc-4a1">
         <name>.cinit..data.load</name>
         <load_address>0x3b40</load_address>
         <run_address>0x3b40</run_address>
         <size>0x70</size>
      </object_component>
      <object_component id="oc-49f">
         <name>__TI_handler_table</name>
         <load_address>0x3bb0</load_address>
         <run_address>0x3bb0</run_address>
         <size>0xc</size>
      </object_component>
      <object_component id="oc-4a2">
         <name>.cinit..bss.load</name>
         <load_address>0x3bc0</load_address>
         <run_address>0x3bc0</run_address>
         <size>0x8</size>
      </object_component>
      <object_component id="oc-4a0">
         <name>__TI_cinit_table</name>
         <load_address>0x3bc8</load_address>
         <run_address>0x3bc8</run_address>
         <size>0x10</size>
      </object_component>
      <object_component id="oc-473">
         <name>.binit</name>
         <load_address>0x0</load_address>
         <run_address>0x0</run_address>
         <size>0x0</size>
      </object_component>
      <object_component id="oc-153">
         <name>.data</name>
         <load_address>0x200005b8</load_address>
         <run_address>0x200005b8</run_address>
         <size>0x18</size>
         <input_file_ref idref="fl-4"/>
      </object_component>
      <object_component id="oc-14e">
         <name>.data</name>
         <load_address>0x20000600</load_address>
         <run_address>0x20000600</run_address>
         <size>0x4</size>
         <input_file_ref idref="fl-c"/>
      </object_component>
      <object_component id="oc-193">
         <name>.data:$O1$$</name>
         <load_address>0x200005e0</load_address>
         <run_address>0x200005e0</run_address>
         <size>0xc</size>
         <input_file_ref idref="fl-d8"/>
      </object_component>
      <object_component id="oc-15d">
         <name>.data:$O1$$</name>
         <load_address>0x200005ec</load_address>
         <run_address>0x200005ec</run_address>
         <size>0x8</size>
         <input_file_ref idref="fl-d9"/>
      </object_component>
      <object_component id="oc-160">
         <name>.data:_ftable</name>
         <load_address>0x20000400</load_address>
         <run_address>0x20000400</run_address>
         <size>0xf0</size>
         <input_file_ref idref="fl-dd"/>
      </object_component>
      <object_component id="oc-3a8">
         <name>.data</name>
         <load_address>0x200005d0</load_address>
         <run_address>0x200005d0</run_address>
         <size>0x10</size>
         <input_file_ref idref="fl-dd"/>
      </object_component>
      <object_component id="oc-3de">
         <name>.data:$O1$$</name>
         <load_address>0x200005f4</load_address>
         <run_address>0x200005f4</run_address>
         <size>0x8</size>
         <input_file_ref idref="fl-e0"/>
      </object_component>
      <object_component id="oc-378">
         <name>.data:_device</name>
         <load_address>0x200004f0</load_address>
         <run_address>0x200004f0</run_address>
         <size>0x78</size>
         <input_file_ref idref="fl-e5"/>
      </object_component>
      <object_component id="oc-337">
         <name>.data:_stream</name>
         <load_address>0x20000568</load_address>
         <run_address>0x20000568</run_address>
         <size>0x50</size>
         <input_file_ref idref="fl-e5"/>
      </object_component>
      <object_component id="oc-2a6">
         <name>.data</name>
         <load_address>0x200005fc</load_address>
         <run_address>0x200005fc</run_address>
         <size>0x4</size>
         <input_file_ref idref="fl-e6"/>
      </object_component>
      <object_component id="oc-42c">
         <name>.bss:_CIOBUF_</name>
         <uninitialized>true</uninitialized>
         <run_address>0x20000604</run_address>
         <size>0x120</size>
         <input_file_ref idref="fl-f9"/>
      </object_component>
      <object_component id="oc-d7">
         <name>.common:rTask</name>
         <uninitialized>true</uninitialized>
         <run_address>0x200007cc</run_address>
         <size>0x4</size>
      </object_component>
      <object_component id="oc-3f6">
         <name>.common:__TI_tmpnams</name>
         <uninitialized>true</uninitialized>
         <run_address>0x20000724</run_address>
         <size>0xa0</size>
      </object_component>
      <object_component id="oc-407">
         <name>.common:parmbuf</name>
         <uninitialized>true</uninitialized>
         <run_address>0x200007c4</run_address>
         <size>0x8</size>
      </object_component>
      <object_component id="oc-29">
         <name>.sysmem</name>
         <uninitialized>true</uninitialized>
         <run_address>0x20000000</run_address>
         <size>0x10</size>
         <input_file_ref idref="fl-e0"/>
      </object_component>
      <object_component id="oc-4a5">
         <name>.sysmem</name>
         <uninitialized>true</uninitialized>
         <run_address>0x20000000</run_address>
         <size>0x0</size>
      </object_component>
      <object_component id="oc-2c">
         <name>.stack</name>
         <uninitialized>true</uninitialized>
         <run_address>0x2000fe00</run_address>
         <size>0x4</size>
         <input_file_ref idref="fl-e3"/>
      </object_component>
      <object_component id="oc-4a4">
         <name>.stack</name>
         <uninitialized>true</uninitialized>
         <run_address>0x2000fe00</run_address>
         <size>0x0</size>
      </object_component>
      <object_component id="oc-18f">
         <name>.debug_info</name>
         <load_address>0x0</load_address>
         <run_address>0x0</run_address>
         <size>0x556</size>
         <input_file_ref idref="fl-2"/>
      </object_component>
      <object_component id="oc-10c">
         <name>.debug_info</name>
         <load_address>0x556</load_address>
         <run_address>0x556</run_address>
         <size>0x207</size>
         <input_file_ref idref="fl-2"/>
      </object_component>
      <object_component id="oc-180">
         <name>.debug_info</name>
         <load_address>0x75d</load_address>
         <run_address>0x75d</run_address>
         <size>0x37e2</size>
         <input_file_ref idref="fl-2"/>
      </object_component>
      <object_component id="oc-e2">
         <name>.debug_info</name>
         <load_address>0x3f3f</load_address>
         <run_address>0x3f3f</run_address>
         <size>0x26b</size>
         <input_file_ref idref="fl-2"/>
      </object_component>
      <object_component id="oc-185">
         <name>.debug_info</name>
         <load_address>0x41aa</load_address>
         <run_address>0x41aa</run_address>
         <size>0x1055</size>
         <input_file_ref idref="fl-2"/>
      </object_component>
      <object_component id="oc-35">
         <name>.debug_info</name>
         <load_address>0x51ff</load_address>
         <run_address>0x51ff</run_address>
         <size>0x84</size>
         <input_file_ref idref="fl-2"/>
      </object_component>
      <object_component id="oc-18a">
         <name>.debug_info</name>
         <load_address>0x5283</load_address>
         <run_address>0x5283</run_address>
         <size>0x2a4</size>
         <input_file_ref idref="fl-2"/>
      </object_component>
      <object_component id="oc-db">
         <name>.debug_info</name>
         <load_address>0x5527</load_address>
         <run_address>0x5527</run_address>
         <size>0xbb</size>
         <input_file_ref idref="fl-2"/>
      </object_component>
      <object_component id="oc-d8">
         <name>.debug_info</name>
         <load_address>0x55e2</load_address>
         <run_address>0x55e2</run_address>
         <size>0x780</size>
         <input_file_ref idref="fl-3"/>
      </object_component>
      <object_component id="oc-71">
         <name>.debug_info</name>
         <load_address>0x5d62</load_address>
         <run_address>0x5d62</run_address>
         <size>0x461</size>
         <input_file_ref idref="fl-3"/>
      </object_component>
      <object_component id="oc-171">
         <name>.debug_info</name>
         <load_address>0x61c3</load_address>
         <run_address>0x61c3</run_address>
         <size>0x2c</size>
         <input_file_ref idref="fl-3"/>
      </object_component>
      <object_component id="oc-154">
         <name>.debug_info</name>
         <load_address>0x61ef</load_address>
         <run_address>0x61ef</run_address>
         <size>0x1ac</size>
         <input_file_ref idref="fl-4"/>
      </object_component>
      <object_component id="oc-c0">
         <name>.debug_info</name>
         <load_address>0x639b</load_address>
         <run_address>0x639b</run_address>
         <size>0x2d0</size>
         <input_file_ref idref="fl-4"/>
      </object_component>
      <object_component id="oc-ba">
         <name>.debug_info</name>
         <load_address>0x666b</load_address>
         <run_address>0x666b</run_address>
         <size>0x291</size>
         <input_file_ref idref="fl-5"/>
      </object_component>
      <object_component id="oc-cd">
         <name>.debug_info</name>
         <load_address>0x68fc</load_address>
         <run_address>0x68fc</run_address>
         <size>0x5c1</size>
         <input_file_ref idref="fl-6"/>
      </object_component>
      <object_component id="oc-177">
         <name>.debug_info</name>
         <load_address>0x6ebd</load_address>
         <run_address>0x6ebd</run_address>
         <size>0x402</size>
         <input_file_ref idref="fl-7"/>
      </object_component>
      <object_component id="oc-105">
         <name>.debug_info</name>
         <load_address>0x72bf</load_address>
         <run_address>0x72bf</run_address>
         <size>0x2d7</size>
         <input_file_ref idref="fl-8"/>
      </object_component>
      <object_component id="oc-d5">
         <name>.debug_info</name>
         <load_address>0x7596</load_address>
         <run_address>0x7596</run_address>
         <size>0x2b9</size>
         <input_file_ref idref="fl-9"/>
      </object_component>
      <object_component id="oc-a1">
         <name>.debug_info</name>
         <load_address>0x784f</load_address>
         <run_address>0x784f</run_address>
         <size>0x38d</size>
         <input_file_ref idref="fl-a"/>
      </object_component>
      <object_component id="oc-78">
         <name>.debug_info</name>
         <load_address>0x7bdc</load_address>
         <run_address>0x7bdc</run_address>
         <size>0x2ef</size>
         <input_file_ref idref="fl-b"/>
      </object_component>
      <object_component id="oc-27">
         <name>.debug_info</name>
         <load_address>0x7ecb</load_address>
         <run_address>0x7ecb</run_address>
         <size>0x11b</size>
         <input_file_ref idref="fl-b"/>
      </object_component>
      <object_component id="oc-6b">
         <name>.debug_info</name>
         <load_address>0x7fe6</load_address>
         <run_address>0x7fe6</run_address>
         <size>0x1e2</size>
         <input_file_ref idref="fl-b"/>
      </object_component>
      <object_component id="oc-14f">
         <name>.debug_info</name>
         <load_address>0x81c8</load_address>
         <run_address>0x81c8</run_address>
         <size>0x114</size>
         <input_file_ref idref="fl-c"/>
      </object_component>
      <object_component id="oc-b4">
         <name>.debug_info</name>
         <load_address>0x82dc</load_address>
         <run_address>0x82dc</run_address>
         <size>0x286</size>
         <input_file_ref idref="fl-c"/>
      </object_component>
      <object_component id="oc-170">
         <name>.debug_info</name>
         <load_address>0x8562</load_address>
         <run_address>0x8562</run_address>
         <size>0x3e5</size>
         <input_file_ref idref="fl-c6"/>
      </object_component>
      <object_component id="oc-16d">
         <name>.debug_info</name>
         <load_address>0x8947</load_address>
         <run_address>0x8947</run_address>
         <size>0x157</size>
         <input_file_ref idref="fl-c6"/>
      </object_component>
      <object_component id="oc-166">
         <name>.debug_info</name>
         <load_address>0x8a9e</load_address>
         <run_address>0x8a9e</run_address>
         <size>0x166</size>
         <input_file_ref idref="fl-c6"/>
      </object_component>
      <object_component id="oc-c8">
         <name>.debug_info</name>
         <load_address>0x8c04</load_address>
         <run_address>0x8c04</run_address>
         <size>0x1ac</size>
         <input_file_ref idref="fl-c6"/>
      </object_component>
      <object_component id="oc-21e">
         <name>.debug_info</name>
         <load_address>0x8db0</load_address>
         <run_address>0x8db0</run_address>
         <size>0xb2</size>
         <input_file_ref idref="fl-c6"/>
      </object_component>
      <object_component id="oc-1f5">
         <name>.debug_info</name>
         <load_address>0x8e62</load_address>
         <run_address>0x8e62</run_address>
         <size>0x590</size>
         <input_file_ref idref="fl-c7"/>
      </object_component>
      <object_component id="oc-1c2">
         <name>.debug_info</name>
         <load_address>0x93f2</load_address>
         <run_address>0x93f2</run_address>
         <size>0x21e</size>
         <input_file_ref idref="fl-c7"/>
      </object_component>
      <object_component id="oc-272">
         <name>.debug_info</name>
         <load_address>0x9610</load_address>
         <run_address>0x9610</run_address>
         <size>0x1b3</size>
         <input_file_ref idref="fl-c7"/>
      </object_component>
      <object_component id="oc-278">
         <name>.debug_info</name>
         <load_address>0x97c3</load_address>
         <run_address>0x97c3</run_address>
         <size>0x21b</size>
         <input_file_ref idref="fl-c7"/>
      </object_component>
      <object_component id="oc-1cd">
         <name>.debug_info</name>
         <load_address>0x99de</load_address>
         <run_address>0x99de</run_address>
         <size>0x3c0</size>
         <input_file_ref idref="fl-c7"/>
      </object_component>
      <object_component id="oc-27f">
         <name>.debug_info</name>
         <load_address>0x9d9e</load_address>
         <run_address>0x9d9e</run_address>
         <size>0x30a</size>
         <input_file_ref idref="fl-c7"/>
      </object_component>
      <object_component id="oc-285">
         <name>.debug_info</name>
         <load_address>0xa0a8</load_address>
         <run_address>0xa0a8</run_address>
         <size>0x215</size>
         <input_file_ref idref="fl-c7"/>
      </object_component>
      <object_component id="oc-1d3">
         <name>.debug_info</name>
         <load_address>0xa2bd</load_address>
         <run_address>0xa2bd</run_address>
         <size>0x215</size>
         <input_file_ref idref="fl-c7"/>
      </object_component>
      <object_component id="oc-1d9">
         <name>.debug_info</name>
         <load_address>0xa4d2</load_address>
         <run_address>0xa4d2</run_address>
         <size>0x304</size>
         <input_file_ref idref="fl-c7"/>
      </object_component>
      <object_component id="oc-1df">
         <name>.debug_info</name>
         <load_address>0xa7d6</load_address>
         <run_address>0xa7d6</run_address>
         <size>0x4b5</size>
         <input_file_ref idref="fl-c7"/>
      </object_component>
      <object_component id="oc-15a">
         <name>.debug_info</name>
         <load_address>0xac8b</load_address>
         <run_address>0xac8b</run_address>
         <size>0x5f4</size>
         <input_file_ref idref="fl-c7"/>
      </object_component>
      <object_component id="oc-1f6">
         <name>.debug_info</name>
         <load_address>0xb27f</load_address>
         <run_address>0xb27f</run_address>
         <size>0x86</size>
         <input_file_ref idref="fl-c7"/>
      </object_component>
      <object_component id="oc-2b2">
         <name>.debug_info</name>
         <load_address>0xb305</load_address>
         <run_address>0xb305</run_address>
         <size>0x39</size>
         <input_file_ref idref="fl-c7"/>
      </object_component>
      <object_component id="oc-320">
         <name>.debug_info</name>
         <load_address>0xb33e</load_address>
         <run_address>0xb33e</run_address>
         <size>0xb6</size>
         <input_file_ref idref="fl-c7"/>
      </object_component>
      <object_component id="oc-2b7">
         <name>.debug_info</name>
         <load_address>0xb3f4</load_address>
         <run_address>0xb3f4</run_address>
         <size>0x46</size>
         <input_file_ref idref="fl-c7"/>
      </object_component>
      <object_component id="oc-1fb">
         <name>.debug_info</name>
         <load_address>0xb43a</load_address>
         <run_address>0xb43a</run_address>
         <size>0x46</size>
         <input_file_ref idref="fl-c7"/>
      </object_component>
      <object_component id="oc-2ad">
         <name>.debug_info</name>
         <load_address>0xb480</load_address>
         <run_address>0xb480</run_address>
         <size>0x2c</size>
         <input_file_ref idref="fl-c7"/>
      </object_component>
      <object_component id="oc-2dc">
         <name>.debug_info</name>
         <load_address>0xb4ac</load_address>
         <run_address>0xb4ac</run_address>
         <size>0x383</size>
         <input_file_ref idref="fl-c8"/>
      </object_component>
      <object_component id="oc-219">
         <name>.debug_info</name>
         <load_address>0xb82f</load_address>
         <run_address>0xb82f</run_address>
         <size>0x1ea</size>
         <input_file_ref idref="fl-c8"/>
      </object_component>
      <object_component id="oc-2da">
         <name>.debug_info</name>
         <load_address>0xba19</load_address>
         <run_address>0xba19</run_address>
         <size>0x3fc</size>
         <input_file_ref idref="fl-c9"/>
      </object_component>
      <object_component id="oc-211">
         <name>.debug_info</name>
         <load_address>0xbe15</load_address>
         <run_address>0xbe15</run_address>
         <size>0x2e2</size>
         <input_file_ref idref="fl-c9"/>
      </object_component>
      <object_component id="oc-fa">
         <name>.debug_info</name>
         <load_address>0xc0f7</load_address>
         <run_address>0xc0f7</run_address>
         <size>0x2c</size>
         <input_file_ref idref="fl-c9"/>
      </object_component>
      <object_component id="oc-332">
         <name>.debug_info</name>
         <load_address>0xc123</load_address>
         <run_address>0xc123</run_address>
         <size>0x300</size>
         <input_file_ref idref="fl-ca"/>
      </object_component>
      <object_component id="oc-2c4">
         <name>.debug_info</name>
         <load_address>0xc423</load_address>
         <run_address>0xc423</run_address>
         <size>0x19c</size>
         <input_file_ref idref="fl-ca"/>
      </object_component>
      <object_component id="oc-36d">
         <name>.debug_info</name>
         <load_address>0xc5bf</load_address>
         <run_address>0xc5bf</run_address>
         <size>0xbf</size>
         <input_file_ref idref="fl-ca"/>
      </object_component>
      <object_component id="oc-36c">
         <name>.debug_info</name>
         <load_address>0xc67e</load_address>
         <run_address>0xc67e</run_address>
         <size>0x374</size>
         <input_file_ref idref="fl-cb"/>
      </object_component>
      <object_component id="oc-32d">
         <name>.debug_info</name>
         <load_address>0xc9f2</load_address>
         <run_address>0xc9f2</run_address>
         <size>0x20b</size>
         <input_file_ref idref="fl-cb"/>
      </object_component>
      <object_component id="oc-26d">
         <name>.debug_info</name>
         <load_address>0xcbfd</load_address>
         <run_address>0xcbfd</run_address>
         <size>0x14c</size>
         <input_file_ref idref="fl-cc"/>
      </object_component>
      <object_component id="oc-1c6">
         <name>.debug_info</name>
         <load_address>0xcd49</load_address>
         <run_address>0xcd49</run_address>
         <size>0x128</size>
         <input_file_ref idref="fl-cd"/>
      </object_component>
      <object_component id="oc-257">
         <name>.debug_info</name>
         <load_address>0xce71</load_address>
         <run_address>0xce71</run_address>
         <size>0x12a</size>
         <input_file_ref idref="fl-cd"/>
      </object_component>
      <object_component id="oc-253">
         <name>.debug_info</name>
         <load_address>0xcf9b</load_address>
         <run_address>0xcf9b</run_address>
         <size>0x13a</size>
         <input_file_ref idref="fl-ce"/>
      </object_component>
      <object_component id="oc-24c">
         <name>.debug_info</name>
         <load_address>0xd0d5</load_address>
         <run_address>0xd0d5</run_address>
         <size>0x13a</size>
         <input_file_ref idref="fl-cf"/>
      </object_component>
      <object_component id="oc-25b">
         <name>.debug_info</name>
         <load_address>0xd20f</load_address>
         <run_address>0xd20f</run_address>
         <size>0x12e</size>
         <input_file_ref idref="fl-d0"/>
      </object_component>
      <object_component id="oc-267">
         <name>.debug_info</name>
         <load_address>0xd33d</load_address>
         <run_address>0xd33d</run_address>
         <size>0x12c</size>
         <input_file_ref idref="fl-d1"/>
      </object_component>
      <object_component id="oc-3b">
         <name>.debug_info</name>
         <load_address>0xd469</load_address>
         <run_address>0xd469</run_address>
         <size>0x119</size>
         <input_file_ref idref="fl-d2"/>
      </object_component>
      <object_component id="oc-95">
         <name>.debug_info</name>
         <load_address>0xd582</load_address>
         <run_address>0xd582</run_address>
         <size>0x147</size>
         <input_file_ref idref="fl-d3"/>
      </object_component>
      <object_component id="oc-245">
         <name>.debug_info</name>
         <load_address>0xd6c9</load_address>
         <run_address>0xd6c9</run_address>
         <size>0x134</size>
         <input_file_ref idref="fl-d4"/>
      </object_component>
      <object_component id="oc-93">
         <name>.debug_info</name>
         <load_address>0xd7fd</load_address>
         <run_address>0xd7fd</run_address>
         <size>0x2d4</size>
         <input_file_ref idref="fl-d5"/>
      </object_component>
      <object_component id="oc-49">
         <name>.debug_info</name>
         <load_address>0xdad1</load_address>
         <run_address>0xdad1</run_address>
         <size>0x1d2</size>
         <input_file_ref idref="fl-d5"/>
      </object_component>
      <object_component id="oc-8e">
         <name>.debug_info</name>
         <load_address>0xdca3</load_address>
         <run_address>0xdca3</run_address>
         <size>0x46</size>
         <input_file_ref idref="fl-d5"/>
      </object_component>
      <object_component id="oc-45">
         <name>.debug_info</name>
         <load_address>0xdce9</load_address>
         <run_address>0xdce9</run_address>
         <size>0x2a8</size>
         <input_file_ref idref="fl-d6"/>
      </object_component>
      <object_component id="oc-1f">
         <name>.debug_info</name>
         <load_address>0xdf91</load_address>
         <run_address>0xdf91</run_address>
         <size>0x1ea</size>
         <input_file_ref idref="fl-d6"/>
      </object_component>
      <object_component id="oc-40">
         <name>.debug_info</name>
         <load_address>0xe17b</load_address>
         <run_address>0xe17b</run_address>
         <size>0x46</size>
         <input_file_ref idref="fl-d6"/>
      </object_component>
      <object_component id="oc-86">
         <name>.debug_info</name>
         <load_address>0xe1c1</load_address>
         <run_address>0xe1c1</run_address>
         <size>0x2c</size>
         <input_file_ref idref="fl-d6"/>
      </object_component>
      <object_component id="oc-84">
         <name>.debug_info</name>
         <load_address>0xe1ed</load_address>
         <run_address>0xe1ed</run_address>
         <size>0x29e</size>
         <input_file_ref idref="fl-d7"/>
      </object_component>
      <object_component id="oc-1b">
         <name>.debug_info</name>
         <load_address>0xe48b</load_address>
         <run_address>0xe48b</run_address>
         <size>0x250</size>
         <input_file_ref idref="fl-d7"/>
      </object_component>
      <object_component id="oc-30">
         <name>.debug_info</name>
         <load_address>0xe6db</load_address>
         <run_address>0xe6db</run_address>
         <size>0x60</size>
         <input_file_ref idref="fl-d7"/>
      </object_component>
      <object_component id="oc-f3">
         <name>.debug_info</name>
         <load_address>0xe73b</load_address>
         <run_address>0xe73b</run_address>
         <size>0x46</size>
         <input_file_ref idref="fl-d7"/>
      </object_component>
      <object_component id="oc-7f">
         <name>.debug_info</name>
         <load_address>0xe781</load_address>
         <run_address>0xe781</run_address>
         <size>0x39</size>
         <input_file_ref idref="fl-d7"/>
      </object_component>
      <object_component id="oc-197">
         <name>.debug_info</name>
         <load_address>0xe7ba</load_address>
         <run_address>0xe7ba</run_address>
         <size>0x3ad</size>
         <input_file_ref idref="fl-d8"/>
      </object_component>
      <object_component id="oc-194">
         <name>.debug_info</name>
         <load_address>0xeb67</load_address>
         <run_address>0xeb67</run_address>
         <size>0x190</size>
         <input_file_ref idref="fl-d8"/>
      </object_component>
      <object_component id="oc-111">
         <name>.debug_info</name>
         <load_address>0xecf7</load_address>
         <run_address>0xecf7</run_address>
         <size>0x122</size>
         <input_file_ref idref="fl-d8"/>
      </object_component>
      <object_component id="oc-11a">
         <name>.debug_info</name>
         <load_address>0xee19</load_address>
         <run_address>0xee19</run_address>
         <size>0x184</size>
         <input_file_ref idref="fl-d8"/>
      </object_component>
      <object_component id="oc-208">
         <name>.debug_info</name>
         <load_address>0xef9d</load_address>
         <run_address>0xef9d</run_address>
         <size>0x2c9</size>
         <input_file_ref idref="fl-d9"/>
      </object_component>
      <object_component id="oc-15e">
         <name>.debug_info</name>
         <load_address>0xf266</load_address>
         <run_address>0xf266</run_address>
         <size>0x11e</size>
         <input_file_ref idref="fl-d9"/>
      </object_component>
      <object_component id="oc-201">
         <name>.debug_info</name>
         <load_address>0xf384</load_address>
         <run_address>0xf384</run_address>
         <size>0x12e</size>
         <input_file_ref idref="fl-d9"/>
      </object_component>
      <object_component id="oc-2fb">
         <name>.debug_info</name>
         <load_address>0xf4b2</load_address>
         <run_address>0xf4b2</run_address>
         <size>0x29c</size>
         <input_file_ref idref="fl-da"/>
      </object_component>
      <object_component id="oc-260">
         <name>.debug_info</name>
         <load_address>0xf74e</load_address>
         <run_address>0xf74e</run_address>
         <size>0x1da</size>
         <input_file_ref idref="fl-da"/>
      </object_component>
      <object_component id="oc-243">
         <name>.debug_info</name>
         <load_address>0xf928</load_address>
         <run_address>0xf928</run_address>
         <size>0x2b9</size>
         <input_file_ref idref="fl-db"/>
      </object_component>
      <object_component id="oc-1ba">
         <name>.debug_info</name>
         <load_address>0xfbe1</load_address>
         <run_address>0xfbe1</run_address>
         <size>0x17c</size>
         <input_file_ref idref="fl-db"/>
      </object_component>
      <object_component id="oc-2ed">
         <name>.debug_info</name>
         <load_address>0xfd5d</load_address>
         <run_address>0xfd5d</run_address>
         <size>0xf9</size>
         <input_file_ref idref="fl-dc"/>
      </object_component>
      <object_component id="oc-240">
         <name>.debug_info</name>
         <load_address>0xfe56</load_address>
         <run_address>0xfe56</run_address>
         <size>0x105</size>
         <input_file_ref idref="fl-dc"/>
      </object_component>
      <object_component id="oc-20c">
         <name>.debug_info</name>
         <load_address>0xff5b</load_address>
         <run_address>0xff5b</run_address>
         <size>0x144</size>
         <input_file_ref idref="fl-dd"/>
      </object_component>
      <object_component id="oc-161">
         <name>.debug_info</name>
         <load_address>0x1009f</load_address>
         <run_address>0x1009f</run_address>
         <size>0x102</size>
         <input_file_ref idref="fl-dd"/>
      </object_component>
      <object_component id="oc-3a9">
         <name>.debug_info</name>
         <load_address>0x101a1</load_address>
         <run_address>0x101a1</run_address>
         <size>0x18f</size>
         <input_file_ref idref="fl-dd"/>
      </object_component>
      <object_component id="oc-29e">
         <name>.debug_info</name>
         <load_address>0x10330</load_address>
         <run_address>0x10330</run_address>
         <size>0x2a7</size>
         <input_file_ref idref="fl-de"/>
      </object_component>
      <object_component id="oc-1e3">
         <name>.debug_info</name>
         <load_address>0x105d7</load_address>
         <run_address>0x105d7</run_address>
         <size>0x1b8</size>
         <input_file_ref idref="fl-de"/>
      </object_component>
      <object_component id="oc-334">
         <name>.debug_info</name>
         <load_address>0x1078f</load_address>
         <run_address>0x1078f</run_address>
         <size>0x2a5</size>
         <input_file_ref idref="fl-df"/>
      </object_component>
      <object_component id="oc-2c9">
         <name>.debug_info</name>
         <load_address>0x10a34</load_address>
         <run_address>0x10a34</run_address>
         <size>0x25d</size>
         <input_file_ref idref="fl-df"/>
      </object_component>
      <object_component id="oc-7b">
         <name>.debug_info</name>
         <load_address>0x10c91</load_address>
         <run_address>0x10c91</run_address>
         <size>0x3b2</size>
         <input_file_ref idref="fl-e0"/>
      </object_component>
      <object_component id="oc-2a">
         <name>.debug_info</name>
         <load_address>0x11043</load_address>
         <run_address>0x11043</run_address>
         <size>0x10c</size>
         <input_file_ref idref="fl-e0"/>
      </object_component>
      <object_component id="oc-3df">
         <name>.debug_info</name>
         <load_address>0x1114f</load_address>
         <run_address>0x1114f</run_address>
         <size>0x13f</size>
         <input_file_ref idref="fl-e0"/>
      </object_component>
      <object_component id="oc-361">
         <name>.debug_info</name>
         <load_address>0x1128e</load_address>
         <run_address>0x1128e</run_address>
         <size>0x168</size>
         <input_file_ref idref="fl-e0"/>
      </object_component>
      <object_component id="oc-390">
         <name>.debug_info</name>
         <load_address>0x113f6</load_address>
         <run_address>0x113f6</run_address>
         <size>0x18e</size>
         <input_file_ref idref="fl-e0"/>
      </object_component>
      <object_component id="oc-395">
         <name>.debug_info</name>
         <load_address>0x11584</load_address>
         <run_address>0x11584</run_address>
         <size>0x19f</size>
         <input_file_ref idref="fl-e0"/>
      </object_component>
      <object_component id="oc-35a">
         <name>.debug_info</name>
         <load_address>0x11723</load_address>
         <run_address>0x11723</run_address>
         <size>0x203</size>
         <input_file_ref idref="fl-e0"/>
      </object_component>
      <object_component id="oc-3e5">
         <name>.debug_info</name>
         <load_address>0x11926</load_address>
         <run_address>0x11926</run_address>
         <size>0x1db</size>
         <input_file_ref idref="fl-e0"/>
      </object_component>
      <object_component id="oc-39c">
         <name>.debug_info</name>
         <load_address>0x11b01</load_address>
         <run_address>0x11b01</run_address>
         <size>0x299</size>
         <input_file_ref idref="fl-e0"/>
      </object_component>
      <object_component id="oc-ee">
         <name>.debug_info</name>
         <load_address>0x11d9a</load_address>
         <run_address>0x11d9a</run_address>
         <size>0xb2</size>
         <input_file_ref idref="fl-e0"/>
      </object_component>
      <object_component id="oc-e9">
         <name>.debug_info</name>
         <load_address>0x11e4c</load_address>
         <run_address>0x11e4c</run_address>
         <size>0x2c</size>
         <input_file_ref idref="fl-e0"/>
      </object_component>
      <object_component id="oc-312">
         <name>.debug_info</name>
         <load_address>0x11e78</load_address>
         <run_address>0x11e78</run_address>
         <size>0x29a</size>
         <input_file_ref idref="fl-e1"/>
      </object_component>
      <object_component id="oc-29a">
         <name>.debug_info</name>
         <load_address>0x12112</load_address>
         <run_address>0x12112</run_address>
         <size>0x262</size>
         <input_file_ref idref="fl-e1"/>
      </object_component>
      <object_component id="oc-23e">
         <name>.debug_info</name>
         <load_address>0x12374</load_address>
         <run_address>0x12374</run_address>
         <size>0x28f</size>
         <input_file_ref idref="fl-e2"/>
      </object_component>
      <object_component id="oc-1b4">
         <name>.debug_info</name>
         <load_address>0x12603</load_address>
         <run_address>0x12603</run_address>
         <size>0x245</size>
         <input_file_ref idref="fl-e2"/>
      </object_component>
      <object_component id="oc-2d">
         <name>.debug_info</name>
         <load_address>0x12848</load_address>
         <run_address>0x12848</run_address>
         <size>0x10b</size>
         <input_file_ref idref="fl-e3"/>
      </object_component>
      <object_component id="oc-59">
         <name>.debug_info</name>
         <load_address>0x12953</load_address>
         <run_address>0x12953</run_address>
         <size>0x1a9</size>
         <input_file_ref idref="fl-e3"/>
      </object_component>
      <object_component id="oc-33b">
         <name>.debug_info</name>
         <load_address>0x12afc</load_address>
         <run_address>0x12afc</run_address>
         <size>0x397</size>
         <input_file_ref idref="fl-e4"/>
      </object_component>
      <object_component id="oc-2d4">
         <name>.debug_info</name>
         <load_address>0x12e93</load_address>
         <run_address>0x12e93</run_address>
         <size>0x18f</size>
         <input_file_ref idref="fl-e4"/>
      </object_component>
      <object_component id="oc-380">
         <name>.debug_info</name>
         <load_address>0x13022</load_address>
         <run_address>0x13022</run_address>
         <size>0x120</size>
         <input_file_ref idref="fl-e4"/>
      </object_component>
      <object_component id="oc-385">
         <name>.debug_info</name>
         <load_address>0x13142</load_address>
         <run_address>0x13142</run_address>
         <size>0x2c</size>
         <input_file_ref idref="fl-e4"/>
      </object_component>
      <object_component id="oc-37d">
         <name>.debug_info</name>
         <load_address>0x1316e</load_address>
         <run_address>0x1316e</run_address>
         <size>0x337</size>
         <input_file_ref idref="fl-e5"/>
      </object_component>
      <object_component id="oc-379">
         <name>.debug_info</name>
         <load_address>0x134a5</load_address>
         <run_address>0x134a5</run_address>
         <size>0x109</size>
         <input_file_ref idref="fl-e5"/>
      </object_component>
      <object_component id="oc-338">
         <name>.debug_info</name>
         <load_address>0x135ae</load_address>
         <run_address>0x135ae</run_address>
         <size>0x109</size>
         <input_file_ref idref="fl-e5"/>
      </object_component>
      <object_component id="oc-2aa">
         <name>.debug_info</name>
         <load_address>0x136b7</load_address>
         <run_address>0x136b7</run_address>
         <size>0x289</size>
         <input_file_ref idref="fl-e6"/>
      </object_component>
      <object_component id="oc-2a7">
         <name>.debug_info</name>
         <load_address>0x13940</load_address>
         <run_address>0x13940</run_address>
         <size>0x10e</size>
         <input_file_ref idref="fl-e6"/>
      </object_component>
      <object_component id="oc-1f2">
         <name>.debug_info</name>
         <load_address>0x13a4e</load_address>
         <run_address>0x13a4e</run_address>
         <size>0x14e</size>
         <input_file_ref idref="fl-e6"/>
      </object_component>
      <object_component id="oc-2a5">
         <name>.debug_info</name>
         <load_address>0x13b9c</load_address>
         <run_address>0x13b9c</run_address>
         <size>0x28f</size>
         <input_file_ref idref="fl-e7"/>
      </object_component>
      <object_component id="oc-1e9">
         <name>.debug_info</name>
         <load_address>0x13e2b</load_address>
         <run_address>0x13e2b</run_address>
         <size>0x15a</size>
         <input_file_ref idref="fl-e7"/>
      </object_component>
      <object_component id="oc-315">
         <name>.debug_info</name>
         <load_address>0x13f85</load_address>
         <run_address>0x13f85</run_address>
         <size>0x46</size>
         <input_file_ref idref="fl-e7"/>
      </object_component>
      <object_component id="oc-2a0">
         <name>.debug_info</name>
         <load_address>0x13fcb</load_address>
         <run_address>0x13fcb</run_address>
         <size>0x39</size>
         <input_file_ref idref="fl-e7"/>
      </object_component>
      <object_component id="oc-303">
         <name>.debug_info</name>
         <load_address>0x14004</load_address>
         <run_address>0x14004</run_address>
         <size>0x295</size>
         <input_file_ref idref="fl-e8"/>
      </object_component>
      <object_component id="oc-28b">
         <name>.debug_info</name>
         <load_address>0x14299</load_address>
         <run_address>0x14299</run_address>
         <size>0x195</size>
         <input_file_ref idref="fl-e8"/>
      </object_component>
      <object_component id="oc-347">
         <name>.debug_info</name>
[...]
      </symbol>
      <symbol id="sm-459">
         <name>__aeabi_dmul</name>
         <value>0x2581</value>
         <object_component_ref idref="oc-24b"/>
      </symbol>
      <symbol id="sm-463">
         <name>__aeabi_d2iz</name>
         <value>0x353d</value>
         <object_component_ref idref="oc-25a"/>
      </symbol>
      <symbol id="sm-46d">
         <name>__aeabi_i2d</name>
         <value>0x3811</value>
         <object_component_ref idref="oc-265"/>
      </symbol>
      <symbol id="sm-488">
         <name>memcpy</name>
         <value>0x2a89</value>
         <object_component_ref idref="oc-3a"/>
      </symbol>
      <symbol id="sm-489">
         <name>__aeabi_memcpy</name>
         <value>0x2a89</value>
         <object_component_ref idref="oc-3a"/>
      </symbol>
      <symbol id="sm-48a">
         <name>__aeabi_memcpy8</name>
         <value>0x2a89</value>
         <object_component_ref idref="oc-3a"/>
      </symbol>
      <symbol id="sm-48b">
         <name>__aeabi_memcpy4</name>
         <value>0x2a89</value>
         <object_component_ref idref="oc-3a"/>
      </symbol>
      <symbol id="sm-49a">
         <name>__aeabi_memset</name>
         <value>0x2d57</value>
         <object_component_ref idref="oc-94"/>
      </symbol>
      <symbol id="sm-49b">
         <name>memset</name>
         <value>0x2d5d</value>
         <object_component_ref idref="oc-94"/>
      </symbol>
      <symbol id="sm-49c">
         <name>__aeabi_memset8</name>
         <value>0x2d57</value>
         <object_component_ref idref="oc-94"/>
      </symbol>
      <symbol id="sm-49d">
         <name>__aeabi_memset4</name>
         <value>0x2d57</value>
         <object_component_ref idref="oc-94"/>
      </symbol>
      <symbol id="sm-49e">
         <name>__aeabi_memclr8</name>
         <value>0x2d55</value>
         <object_component_ref idref="oc-94"/>
      </symbol>
      <symbol id="sm-49f">
         <name>__aeabi_memclr4</name>
         <value>0x2d55</value>
         <object_component_ref idref="oc-94"/>
      </symbol>
      <symbol id="sm-4a0">
         <name>__aeabi_memclr</name>
         <value>0x2d55</value>
         <object_component_ref idref="oc-94"/>
      </symbol>
      <symbol id="sm-4ad">
         <name>__aeabi_uldivmod</name>
         <value>0x2b25</value>
         <object_component_ref idref="oc-244"/>
      </symbol>
      <symbol id="sm-4c1">
         <name>__TI_zero_init_nomemset</name>
         <value>0x3929</value>
         <object_component_ref idref="oc-46"/>
      </symbol>
      <symbol id="sm-4d8">
         <name>__TI_decompress_none</name>
         <value>0x39ff</value>
         <object_component_ref idref="oc-1d"/>
      </symbol>
      <symbol id="sm-4fb">
         <name>__TI_decompress_lzss</name>
         <value>0x2ff9</value>
         <object_component_ref idref="oc-17"/>
      </symbol>
      <symbol id="sm-521">
         <name>C$$EXIT</name>
         <value>0x3a39</value>
         <object_component_ref idref="oc-110"/>
      </symbol>
      <symbol id="sm-522">
         <name>abort</name>
         <value>0x3a39</value>
         <object_component_ref idref="oc-110"/>
      </symbol>
      <symbol id="sm-523">
         <name>__TI_dtors_ptr</name>
         <value>0x200005e4</value>
         <object_component_ref idref="oc-193"/>
      </symbol>
      <symbol id="sm-524">
         <name>__TI_cleanup_ptr</name>
         <value>0x200005e0</value>
         <object_component_ref idref="oc-193"/>
      </symbol>
      <symbol id="sm-525">
         <name>__TI_enable_exit_profile_output</name>
         <value>0x200005e8</value>
         <object_component_ref idref="oc-193"/>
      </symbol>
      <symbol id="sm-526">
         <name>exit</name>
         <value>0x34f5</value>
         <object_component_ref idref="oc-116"/>
      </symbol>
      <symbol id="sm-53b">
         <name>_nop</name>
         <value>0xb33</value>
         <object_component_ref idref="oc-200"/>
      </symbol>
      <symbol id="sm-53c">
         <name>_lock</name>
         <value>0x200005ec</value>
         <object_component_ref idref="oc-15d"/>
      </symbol>
      <symbol id="sm-53d">
         <name>_unlock</name>
         <value>0x200005f0</value>
         <object_component_ref idref="oc-15d"/>
      </symbol>
      <symbol id="sm-54c">
         <name>__TI_ltoa</name>
         <value>0x33b7</value>
         <object_component_ref idref="oc-25f"/>
      </symbol>
      <symbol id="sm-562">
         <name>atoi</name>
         <value>0x34a9</value>
         <object_component_ref idref="oc-1b9"/>
      </symbol>
      <symbol id="sm-56d">
         <name>_ctypes_</name>
         <value>0x3a3c</value>
         <object_component_ref idref="oc-23f"/>
      </symbol>
      <symbol id="sm-582">
         <name>__TI_tmpnams</name>
         <value>0x20000724</value>
      </symbol>
      <symbol id="sm-583">
         <name>__aeabi_stdout</name>
         <value>0x200005d8</value>
         <object_component_ref idref="oc-3a8"/>
      </symbol>
      <symbol id="sm-584">
         <name>__aeabi_stderr</name>
         <value>0x200005dc</value>
         <object_component_ref idref="oc-3a8"/>
      </symbol>
      <symbol id="sm-585">
         <name>__aeabi_stdin</name>
         <value>0x200005d4</value>
         <object_component_ref idref="oc-3a8"/>
      </symbol>
      <symbol id="sm-586">
         <name>_ftable</name>
         <value>0x20000400</value>
         <object_component_ref idref="oc-160"/>
      </symbol>
      <symbol id="sm-587">
         <name>__TI_ft_end</name>
         <value>0x200005d0</value>
         <object_component_ref idref="oc-3a8"/>
      </symbol>
      <symbol id="sm-597">
         <name>memccpy</name>
         <value>0x3961</value>
         <object_component_ref idref="oc-1e2"/>
      </symbol>
      <symbol id="sm-5a7">
         <name>memchr</name>
         <value>0x3909</value>
         <object_component_ref idref="oc-2c7"/>
      </symbol>
      <symbol id="sm-630">
         <name>_sys_memory</name>
         <value>0x20000000</value>
         <object_component_ref idref="oc-29"/>
      </symbol>
      <symbol id="sm-631">
         <name>free</name>
         <value>0x2771</value>
         <object_component_ref idref="oc-359"/>
      </symbol>
      <symbol id="sm-632">
         <name>memalign</name>
         <value>0x2481</value>
         <object_component_ref idref="oc-39b"/>
      </symbol>
      <symbol id="sm-633">
         <name>malloc</name>
         <value>0x3a25</value>
         <object_component_ref idref="oc-35f"/>
      </symbol>
      <symbol id="sm-634">
         <name>aligned_alloc</name>
         <value>0x2481</value>
         <object_component_ref idref="oc-39b"/>
      </symbol>
      <symbol id="sm-644">
         <name>strchr</name>
         <value>0x39af</value>
         <object_component_ref idref="oc-296"/>
      </symbol>
      <symbol id="sm-652">
         <name>strlen</name>
         <value>0x39d9</value>
         <object_component_ref idref="oc-1b3"/>
      </symbol>
      <symbol id="sm-665">
         <name>__stack</name>
         <value>0x2000fe00</value>
         <object_component_ref idref="oc-2c"/>
      </symbol>
      <symbol id="sm-666">
         <name>_c_int00_noargs</name>
         <value>0x37ad</value>
         <object_component_ref idref="oc-58"/>
      </symbol>
      <symbol id="sm-680">
         <name>write</name>
         <value>0x38bd</value>
         <object_component_ref idref="oc-2d3"/>
      </symbol>
      <symbol id="sm-691">
         <name>_stream</name>
         <value>0x20000568</value>
         <object_component_ref idref="oc-337"/>
      </symbol>
      <symbol id="sm-692">
         <name>_device</name>
         <value>0x200004f0</value>
         <object_component_ref idref="oc-378"/>
      </symbol>
      <symbol id="sm-6a8">
         <name>__aeabi_errno_addr</name>
         <value>0x3a1d</value>
         <object_component_ref idref="oc-1ee"/>
      </symbol>
      <symbol id="sm-6a9">
         <name>errno</name>
         <value>0x200005fc</value>
         <object_component_ref idref="oc-2a6"/>
      </symbol>
      <symbol id="sm-6c2">
         <name>wcslen</name>
         <value>0x39ed</value>
         <object_component_ref idref="oc-1e8"/>
      </symbol>
      <symbol id="sm-6e2">
         <name>frexpl</name>
         <value>0x30c9</value>
         <object_component_ref idref="oc-28a"/>
      </symbol>
      <symbol id="sm-6e3">
         <name>frexp</name>
         <value>0x30c9</value>
         <object_component_ref idref="oc-28a"/>
      </symbol>
      <symbol id="sm-700">
         <name>scalbn</name>
         <value>0x2371</value>
         <object_component_ref idref="oc-290"/>
      </symbol>
      <symbol id="sm-701">
         <name>scalbnl</name>
         <value>0x2371</value>
         <object_component_ref idref="oc-290"/>
      </symbol>
      <symbol id="sm-702">
         <name>ldexpl</name>
         <value>0x2371</value>
         <object_component_ref idref="oc-290"/>
      </symbol>
      <symbol id="sm-703">
         <name>ldexp</name>
         <value>0x2371</value>
         <object_component_ref idref="oc-290"/>
      </symbol>
      <symbol id="sm-713">
         <name>__TI_doflush</name>
         <value>0x345d</value>
         <object_component_ref idref="oc-2cd"/>
      </symbol>
      <symbol id="sm-723">
         <name>__TI_cleanup</name>
         <value>0x3745</value>
         <object_component_ref idref="oc-365"/>
      </symbol>
      <symbol id="sm-735">
         <name>fseek</name>
         <value>0x312d</value>
         <object_component_ref idref="oc-325"/>
      </symbol>
      <symbol id="sm-73f">
         <name>__aeabi_idiv0</name>
         <value>0x1a8f</value>
         <object_component_ref idref="oc-2f0"/>
      </symbol>
      <symbol id="sm-740">
         <name>__aeabi_ldiv0</name>
         <value>0x1a8f</value>
         <object_component_ref idref="oc-2f0"/>
      </symbol>
      <symbol id="sm-768">
         <name>__TI_auto_init_nobinit_nopinit</name>
         <value>0x360d</value>
         <object_component_ref idref="oc-11c"/>
      </symbol>
      <symbol id="sm-772">
         <name>_system_pre_init</name>
         <value>0x3a35</value>
         <object_component_ref idref="oc-9a"/>
      </symbol>
      <symbol id="sm-785">
         <name>HOSTclose</name>
         <value>0x3585</value>
         <object_component_ref idref="oc-3b4"/>
      </symbol>
      <symbol id="sm-796">
         <name>HOSTlseek</name>
         <value>0x2f91</value>
         <object_component_ref idref="oc-3c6"/>
      </symbol>
      <symbol id="sm-7a8">
         <name>parmbuf</name>
         <value>0x200007c4</value>
      </symbol>
      <symbol id="sm-7a9">
         <name>HOSTopen</name>
         <value>0x31f5</value>
         <object_component_ref idref="oc-3ae"/>
      </symbol>
      <symbol id="sm-7ba">
         <name>HOSTread</name>
         <value>0x32b1</value>
         <object_component_ref idref="oc-3ba"/>
      </symbol>
      <symbol id="sm-7cb">
         <name>HOSTrename</name>
         <value>0x2f25</value>
         <object_component_ref idref="oc-3d2"/>
      </symbol>
      <symbol id="sm-7dc">
         <name>HOSTunlink</name>
         <value>0x35c9</value>
         <object_component_ref idref="oc-3cc"/>
      </symbol>
      <symbol id="sm-7ed">
         <name>HOSTwrite</name>
         <value>0x3309</value>
         <object_component_ref idref="oc-3c0"/>
      </symbol>
      <symbol id="sm-811">
         <name>__TI_readmsg</name>
         <value>0x3779</value>
         <object_component_ref idref="oc-401"/>
      </symbol>
      <symbol id="sm-812">
         <name>C$$IO$$</name>
         <value>0x3703</value>
         <object_component_ref idref="oc-3fb"/>
      </symbol>
      <symbol id="sm-813">
         <name>__CIOBUF_</name>
         <value>0x20000604</value>
         <object_component_ref idref="oc-42c"/>
      </symbol>
      <symbol id="sm-814">
         <name>__TI_writemsg</name>
         <value>0x36d5</value>
         <object_component_ref idref="oc-3fb"/>
      </symbol>
      <symbol id="sm-825">
         <name>lseek</name>
         <value>0x3895</value>
         <object_component_ref idref="oc-351"/>
      </symbol>
      <symbol id="sm-82f">
         <name>copysign</name>
         <value>0x397d</value>
         <object_component_ref idref="oc-309"/>
      </symbol>
      <symbol id="sm-830">
         <name>copysignl</name>
         <value>0x397d</value>
         <object_component_ref idref="oc-309"/>
      </symbol>
      <symbol id="sm-845">
         <name>__TI_closefile</name>
         <value>0x2dd1</value>
         <object_component_ref idref="oc-3a2"/>
      </symbol>
      <symbol id="sm-868">
         <name>finddevice</name>
         <value>0x37e1</value>
         <object_component_ref idref="oc-44a"/>
      </symbol>
      <symbol id="sm-869">
         <name>getdevice</name>
         <value>0x3651</value>
         <object_component_ref idref="oc-422"/>
      </symbol>
      <symbol id="sm-878">
         <name>strcmp</name>
         <value>0x3997</value>
         <object_component_ref idref="oc-461"/>
      </symbol>
      <symbol id="sm-886">
         <name>strcpy</name>
         <value>0x39c5</value>
         <object_component_ref idref="oc-415"/>
      </symbol>
      <symbol id="sm-896">
         <name>strncpy</name>
         <value>0x370d</value>
         <object_component_ref idref="oc-444"/>
      </symbol>
      <symbol id="sm-8ab">
         <name>close</name>
         <value>0x3255</value>
         <object_component_ref idref="oc-3ea"/>
      </symbol>
      <symbol id="sm-8bb">
         <name>unlink</name>
         <value>0x3841</value>
         <object_component_ref idref="oc-3f0"/>
      </symbol>
      <symbol id="sm-8bc">
         <name>__TI_static_base__</name>
         <value>0x0</value>
      </symbol>
      <symbol id="sm-8bf">
         <name>__mpu_init</name>
         <value>0x0</value>
      </symbol>
      <symbol id="sm-8c0">
         <name>_system_post_cinit</name>
         <value>0x0</value>
      </symbol>
      <symbol id="sm-8c1">
         <name>NMI_Handler</name>
         <value>0x3a19</value>
      </symbol>
      <symbol id="sm-8c2">
         <name>HardFault_Handler</name>
         <value>0x3a19</value>
      </symbol>
      <symbol id="sm-8c3">
         <name>MemManage_Handler</name>
         <value>0x3a19</value>
      </symbol>
      <symbol id="sm-8c4">
         <name>BusFault_Handler</name>
         <value>0x3a19</value>
      </symbol>
      <symbol id="sm-8c5">
         <name>UsageFault_Handler</name>
         <value>0x3a19</value>
      </symbol>
      <symbol id="sm-8c6">
         <name>SVC_Handler</name>
         <value>0x3a19</value>
      </symbol>
      <symbol id="sm-8c7">
         <name>DebugMon_Handler</name>
         <value>0x3a19</value>
      </symbol>
      <symbol id="sm-8c8">
         <name>PendSV_Handler</name>
         <value>0x3a19</value>
      </symbol>
      <symbol id="sm-8c9">
         <name>SysTick_Handler</name>
         <value>0x3a19</value>
      </symbol>
      <symbol id="sm-8ca">
         <name>PSS_IRQHandler</name>
         <value>0x3a19</value>
      </symbol>
      <symbol id="sm-8cb">
         <name>CS_IRQHandler</name>
         <value>0x3a19</value>
      </symbol>
      <symbol id="sm-8cc">
         <name>PCM_IRQHandler</name>
         <value>0x3a19</value>
      </symbol>
      <symbol id="sm-8cd">
         <name>WDT_A_IRQHandler</name>
         <value>0x3a19</value>
      </symbol>
      <symbol id="sm-8ce">
         <name>FPU_IRQHandler</name>
         <value>0x3a19</value>
      </symbol>
      <symbol id="sm-8cf">
         <name>FLCTL_IRQHandler</name>
         <value>0x3a19</value>
      </symbol>
      <symbol id="sm-8d0">
         <name>COMP_E0_IRQHandler</name>
         <value>0x3a19</value>
      </symbol>
      <symbol id="sm-8d1">
         <name>COMP_E1_IRQHandler</name>
         <value>0x3a19</value>
      </symbol>
      <symbol id="sm-8d2">
         <name>TA0_0_IRQHandler</name>
         <value>0x3a19</value>
      </symbol>
      <symbol id="sm-8d3">
         <name>TA0_N_IRQHandler</name>
         <value>0x3a19</value>
      </symbol>
      <symbol id="sm-8d4">
         <name>TA1_0_IRQHandler</name>
         <value>0x3a19</value>
      </symbol>
      <symbol id="sm-8d5">
         <name>TA1_N_IRQHandler</name>
         <value>0x3a19</value>
      </symbol>
      <symbol id="sm-8d6">
         <name>TA2_0_IRQHandler</name>
         <value>0x3a19</value>
      </symbol>
      <symbol id="sm-8d7">
         <name>TA2_N_IRQHandler</name>
         <value>0x3a19</value>
      </symbol>
      <symbol id="sm-8d8">
         <name>TA3_0_IRQHandler</name>
         <value>0x3a19</value>
      </symbol>
      <symbol id="sm-8d9">
         <name>TA3_N_IRQHandler</name>
         <value>0x3a19</value>
      </symbol>
      <symbol id="sm-8da">
         <name>EUSCIA0_IRQHandler</name>
         <value>0x3a19</value>
      </symbol>
      <symbol id="sm-8db">
         <name>EUSCIA1_IRQHandler</name>
         <value>0x3a19</value>
      </symbol>
      <symbol id="sm-8dc">
         <name>EUSCIA2_IRQHandler</name>
         <value>0x3a19</value>
      </symbol>
      <symbol id="sm-8dd">
         <name>EUSCIA3_IRQHandler</name>
         <value>0x3a19</value>
      </symbol>
      <symbol id="sm-8de">
         <name>EUSCIB0_IRQHandler</name>
         <value>0x3a19</value>
      </symbol>
      <symbol id="sm-8df">
         <name>EUSCIB1_IRQHandler</name>
         <value>0x3a19</value>
      </symbol>
      <symbol id="sm-8e0">
         <name>EUSCIB2_IRQHandler</name>
         <value>0x3a19</value>
      </symbol>
      <symbol id="sm-8e1">
         <name>EUSCIB3_IRQHandler</name>
         <value>0x3a19</value>
      </symbol>
      <symbol id="sm-8e2">
         <name>ADC14_IRQHandler</name>
         <value>0x3a19</value>
      </symbol>
      <symbol id="sm-8e3">
         <name>T32_INT1_IRQHandler</name>
         <value>0x3a19</value>
      </symbol>
      <symbol id="sm-8e4">
         <name>T32_INT2_IRQHandler</name>
         <value>0x3a19</value>
      </symbol>
      <symbol id="sm-8e5">
         <name>T32_INTC_IRQHandler</name>
         <value>0x3a19</value>
      </symbol>
      <symbol id="sm-8e6">
         <name>AES256_IRQHandler</name>
         <value>0x3a19</value>
      </symbol>
      <symbol id="sm-8e7">
         <name>RTC_C_IRQHandler</name>
         <value>0x3a19</value>
      </symbol>
      <symbol id="sm-8e8">
         <name>DMA_ERR_IRQHandler</name>
         <value>0x3a19</value>
      </symbol>
      <symbol id="sm-8e9">
         <name>DMA_INT3_IRQHandler</name>
         <value>0x3a19</value>
      </symbol>
      <symbol id="sm-8ea">
         <name>DMA_INT2_IRQHandler</name>
         <value>0x3a19</value>
      </symbol>
      <symbol id="sm-8eb">
         <name>DMA_INT1_IRQHandler</name>
         <value>0x3a19</value>
      </symbol>
      <symbol id="sm-8ec">
         <name>DMA_INT0_IRQHandler</name>
         <value>0x3a19</value>
      </symbol>
      <symbol id="sm-8ed">
         <name>PORT1_IRQHandler</name>
         <value>0x3a19</value>
      </symbol>
      <symbol id="sm-8ee">
         <name>PORT2_IRQHandler</name>
         <value>0x3a19</value>
      </symbol>
      <symbol id="sm-8ef">
         <name>PORT3_IRQHandler</name>
         <value>0x3a19</value>
      </symbol>
      <symbol id="sm-8f0">
         <name>PORT4_IRQHandler</name>
         <value>0xf79</value>
      </symbol>
      <symbol id="sm-8f1">
         <name>PORT5_IRQHandler</name>
         <value>0x3a19</value>
      </symbol>
      <symbol id="sm-8f2">
         <name>PORT6_IRQHandler</name>
         <value>0x3a19</value>
      </symbol>
      <symbol id="sm-8f3">
         <name>remove</name>
         <value>0x3841</value>
      </symbol>
   </symbol_table>
   <title>Link successful</title>
</link_info>
