******************************************************************************
                  TI ARM Linker PC v20.2.7                     
******************************************************************************
>> Linked Mon Mar 16 19:58:31 2026

OUTPUT FILE NAME:   <Midterm Fast.out>
ENTRY POINT SYMBOL: "_c_int00_noargs"  address: 00000fd5


MEMORY CONFIGURATION

         name            origin    length      used     unused   attr    fill
----------------------  --------  ---------  --------  --------  ----  --------
  MAIN                  00000000   00040000  000010a4  0003ef5c  R  X
  INFO                  00200000   00004000  00000000  00004000  R  X
  SRAM_CODE             01000000   00010000  00000220  0000fde0  RW X
  SRAM_DATA             20000000   00010000  00000220  0000fde0  RW  


SEGMENT ALLOCATION MAP

run origin  load origin   length   init length attrs members
----------  ----------- ---------- ----------- ----- -------
00000000    00000000    000010a8   000010a8    r-x
  00000000    00000000    000000e4   000000e4    r-- .intvecs
  000000e4    000000e4    00000f88   00000f88    r-x .text
  00001070    00001070    00000038   00000038    r-- .cinit
20000000    20000000    00000020   00000000    rw-
  20000000    20000000    0000001c   00000000    rw- .data
  2000001c    2000001c    00000004   00000000    rw- .bss
2000fe00    2000fe00    00000200   00000000    rw-
  2000fe00    2000fe00    00000200   00000000    rw- .stack


SECTION ALLOCATION MAP

 output                                  attributes/
section   page    origin      length       input sections
--------  ----  ----------  ----------   ----------------
.intvecs   0    00000000    000000e4     
                  00000000    000000e4     startup_msp432p401r_ccs.obj (.intvecs:retain)

.text      0    000000e4    00000f88     
                  000000e4    00000334     system_msp432p401r.obj (.text)
                  00000418    0000023c     main.obj (.text)
                  00000654    000001e0     Clock.obj (.text)
                  00000834    000001c0     PWM.obj (.text)
                  000009f4    0000019c     Motor.obj (.text)
                  00000b90    00000164     BumpInt.obj (.text)
                  00000cf4    000000f4     ADC14.obj (.text)
                  00000de8    000000a4     RobotLights.obj (.text)
                  00000e8c    0000009c     rtsv7M4_T_le_v4SPD16_eabi.lib : memcpy_t2.asm.obj (.text)
                  00000f28    00000068                                   : copy_decompress_lzss.c.obj (.text:decompress:lzss:__TI_decompress_lzss)
                  00000f90    00000044                                   : autoinit.c.obj (.text:__TI_auto_init_nobinit_nopinit:__TI_auto_init_nobinit_nopinit)
                  00000fd4    00000034                                   : boot_cortex_m.c.obj (.text:_c_int00_noargs:_c_int00_noargs)
                  00001008    00000024     CortexM.obj (.text)
                  0000102c    0000001c     rtsv7M4_T_le_v4SPD16_eabi.lib : copy_zero_init.c.obj (.text:decompress:ZI:__TI_zero_init_nomemset:__TI_zero_init_nomemset)
                  00001048    0000000e                                   : copy_decompress_none.c.obj (.text:decompress:none:__TI_decompress_none)
                  00001056    0000000e     startup_msp432p401r_ccs.obj (.text)
                  00001064    00000004     rtsv7M4_T_le_v4SPD16_eabi.lib : pre_init.c.obj (.text:_system_pre_init)
                  00001068    00000004                                   : exit.c.obj (.text:abort:abort)

.cinit     0    00001070    00000038     
                  00001070    0000000d     (.cinit..data.load) [load image, compression = lzss]
                  0000107d    00000003     --HOLE-- [fill = 0]
                  00001080    0000000c     (__TI_handler_table)
                  0000108c    00000004     --HOLE-- [fill = 0]
                  00001090    00000008     (.cinit..bss.load) [load image, compression = zero_init]
                  00001098    00000010     (__TI_cinit_table)

.init_array 
*          0    00000000    00000000     UNINITIALIZED

.binit     0    00000000    00000000     

.data      0    20000000    0000001c     UNINITIALIZED
                  20000000    00000018     Clock.obj (.data)
                  20000018    00000004     system_msp432p401r.obj (.data)

.bss       0    2000001c    00000004     UNINITIALIZED
                  2000001c    00000004     (.common:rTask)

.stack     0    2000fe00    00000200     UNINITIALIZED
                  2000fe00    00000004     rtsv7M4_T_le_v4SPD16_eabi.lib : boot_cortex_m.c.obj (.stack)
                  2000fe04    000001fc     --HOLE--

__llvm_prf_cnts 
*          0    20000000    00000000     UNINITIALIZED

MODULE SUMMARY

       Module                        code   ro data   rw data
       ------                        ----   -------   -------
    .\
       system_msp432p401r.obj        820    0         8      
       main.obj                      572    0         0      
       Clock.obj                     480    0         48     
       PWM.obj                       448    0         0      
       Motor.obj                     412    0         0      
       BumpInt.obj                   356    0         8      
       ADC14.obj                     244    0         0      
       startup_msp432p401r_ccs.obj   14     228       0      
       RobotLights.obj               164    0         0      
       CortexM.obj                   36     0         0      
    +--+-----------------------------+------+---------+---------+
       Total:                        3546   228       64     
                                                             
    C:\ti\ccs1281\ccs\tools\compiler\ti-cgt-arm_20.2.7.LTS\lib\rtsv7M4_T_le_v4SPD16_eabi.lib
       memcpy_t2.asm.obj             156    0         0      
       copy_decompress_lzss.c.obj    104    0         0      
       autoinit.c.obj                68     0         0      
       boot_cortex_m.c.obj           52     0         0      
       copy_zero_init.c.obj          28     0         0      
       copy_decompress_none.c.obj    14     0         0      
       exit.c.obj                    4      0         0      
       pre_init.c.obj                4      0         0      
    +--+-----------------------------+------+---------+---------+
       Total:                        430    0         0      
                                                             
       Stack:                        0      0         1024   
       Linker Generated:             0      49        0      
    +--+-----------------------------+------+---------+---------+
       Grand Total:                  3976   277       1088   


LINKER GENERATED COPY TABLES

__TI_cinit_table @ 00001098 records: 2, size/record: 8, table size: 16
	.data: load addr=00001070, load size=0000000d bytes, run addr=20000000, run size=0000001c bytes, compression=lzss
	.bss: load addr=00001090, load size=00000008 bytes, run addr=2000001c, run size=00000004 bytes, compression=zero_init


LINKER GENERATED HANDLER TABLE

__TI_handler_table @ 00001080 records: 3, size/record: 4, table size: 12
	index: 0, handler: __TI_decompress_lzss
	index: 1, handler: __TI_decompress_none
	index: 2, handler: __TI_zero_init


GLOBAL SYMBOLS: SORTED ALPHABETICALLY BY Name 

address   name                          
-------   ----                          
00000cf5  ADC0_InitSWTriggerCh17_14_16  
00001063  ADC14_IRQHandler              
00000d65  ADC_In17_14_16                
00001063  AES256_IRQHandler             
00000e5f  Back_Lights_OFF               
00000e53  Back_Lights_ON                
00000b91  BumpInt_Init                  
00000cb9  BumpTask                      
00000c0b  Bump_Read                     
00001063  BusFault_Handler              
00001069  C$$EXIT                       
00001063  COMP_E0_IRQHandler            
00001063  COMP_E1_IRQHandler            
20000008  CPMwait                       
00001063  CS_IRQHandler                 
20000000  ClockFrequency                
000007a9  Clock_Delay1ms                
0000077f  Clock_Delay1us                
0000076b  Clock_GetFreq                 
00000655  Clock_Init48MHz               
20000014  Crystalstable                 
00001063  DMA_ERR_IRQHandler            
00001063  DMA_INT0_IRQHandler           
00001063  DMA_INT1_IRQHandler           
00001063  DMA_INT2_IRQHandler           
00001063  DMA_INT3_IRQHandler           
00001063  DebugMon_Handler              
00001063  Default_Handler               
00001009  DisableInterrupts             
00001063  EUSCIA0_IRQHandler            
00001063  EUSCIA1_IRQHandler            
00001063  EUSCIA2_IRQHandler            
00001063  EUSCIA3_IRQHandler            
00001063  EUSCIB0_IRQHandler            
00001063  EUSCIB1_IRQHandler            
00001063  EUSCIB2_IRQHandler            
00001063  EUSCIB3_IRQHandler            
0000100f  EnableInterrupts              
0000101f  EndCritical                   
00001063  FLCTL_IRQHandler              
00001063  FPU_IRQHandler                
00000e3d  Front_Lights_OFF              
00000e27  Front_Lights_ON               
00001063  HardFault_Handler             
20000010  IFlags                        
00001063  MemManage_Handler             
00000b3b  Motor_Backward                
00000a8f  Motor_Forward                 
000009f5  Motor_Init                    
00000b01  Motor_Left                    
00000ac7  Motor_Right                   
00000a71  Motor_Stop                    
00000de9  MvtLED_Init                   
00001063  NMI_Handler                   
00001063  PCM_IRQHandler                
00001063  PORT1_IRQHandler              
00001063  PORT2_IRQHandler              
00001063  PORT3_IRQHandler              
00000ca1  PORT4_IRQHandler              
00000ca1  PORT4_IRQHandler              
00001063  PORT5_IRQHandler              
00001063  PORT6_IRQHandler              
00001063  PSS_IRQHandler                
000008b9  PWM_Duty1                     
000008d9  PWM_Duty2                     
0000097d  PWM_Duty3                     
0000099d  PWM_Duty4                     
00000835  PWM_Init12                    
000008f9  PWM_Init34                    
00001063  PendSV_Handler                
2000000c  Postwait                      
20000004  Prewait                       
00001063  RTC_C_IRQHandler              
00001057  Reset_Handler                 
00001063  SVC_Handler                   
00001015  StartCritical                 
00001063  SysTick_Handler               
20000018  SystemCoreClock               
000000e5  SystemCoreClockUpdate         
0000035d  SystemInit                    
00001063  T32_INT1_IRQHandler           
00001063  T32_INT2_IRQHandler           
00001063  T32_INTC_IRQHandler           
00001063  TA0_0_IRQHandler              
00001063  TA0_N_IRQHandler              
00001063  TA1_0_IRQHandler              
00001063  TA1_N_IRQHandler              
00001063  TA2_0_IRQHandler              
00001063  TA2_N_IRQHandler              
00001063  TA3_0_IRQHandler              
00001063  TA3_N_IRQHandler              
00001063  UsageFault_Handler            
4000480c  WDTCTL_SYM                    
00001063  WDT_A_IRQHandler              
00001027  WaitForInterrupt              
20010000  __STACK_END                   
00000200  __STACK_SIZE                  
00001098  __TI_CINIT_Base               
000010a8  __TI_CINIT_Limit              
00001080  __TI_Handler_Table_Base       
0000108c  __TI_Handler_Table_Limit      
00000f91  __TI_auto_init_nobinit_nopinit
00000f29  __TI_decompress_lzss          
00001049  __TI_decompress_none          
ffffffff  __TI_pprof_out_hndl           
ffffffff  __TI_prof_data_size           
ffffffff  __TI_prof_data_start          
00000000  __TI_static_base__            
0000102d  __TI_zero_init_nomemset       
00000e8d  __aeabi_memcpy                
00000e8d  __aeabi_memcpy4               
00000e8d  __aeabi_memcpy8               
ffffffff  __binit__                     
ffffffff  __c_args__                    
UNDEFED   __mpu_init                    
2000fe00  __stack                       
20000000  __start___llvm_prf_cnts       
20000000  __stop___llvm_prf_cnts        
00000fd5  _c_int00_noargs               
UNDEFED   _system_post_cinit            
00001065  _system_pre_init              
00001069  abort                         
ffffffff  binit                         
00000771  delay                         
00000000  interruptVectors              
0000051f  main                          
00000e8d  memcpy                        
2000001c  rTask                         


GLOBAL SYMBOLS: SORTED BY Symbol Address 

address   name                          
-------   ----                          
00000000  __TI_static_base__            
00000000  interruptVectors              
000000e5  SystemCoreClockUpdate         
00000200  __STACK_SIZE                  
0000035d  SystemInit                    
0000051f  main                          
00000655  Clock_Init48MHz               
0000076b  Clock_GetFreq                 
00000771  delay                         
0000077f  Clock_Delay1us                
000007a9  Clock_Delay1ms                
00000835  PWM_Init12                    
000008b9  PWM_Duty1                     
000008d9  PWM_Duty2                     
000008f9  PWM_Init34                    
0000097d  PWM_Duty3                     
0000099d  PWM_Duty4                     
000009f5  Motor_Init                    
00000a71  Motor_Stop                    
00000a8f  Motor_Forward                 
00000ac7  Motor_Right                   
00000b01  Motor_Left                    
00000b3b  Motor_Backward                
00000b91  BumpInt_Init                  
00000c0b  Bump_Read                     
00000ca1  PORT4_IRQHandler              
00000ca1  PORT4_IRQHandler              
00000cb9  BumpTask                      
00000cf5  ADC0_InitSWTriggerCh17_14_16  
00000d65  ADC_In17_14_16                
00000de9  MvtLED_Init                   
00000e27  Front_Lights_ON               
00000e3d  Front_Lights_OFF              
00000e53  Back_Lights_ON                
00000e5f  Back_Lights_OFF               
00000e8d  __aeabi_memcpy                
00000e8d  __aeabi_memcpy4               
00000e8d  __aeabi_memcpy8               
00000e8d  memcpy                        
00000f29  __TI_decompress_lzss          
00000f91  __TI_auto_init_nobinit_nopinit
00000fd5  _c_int00_noargs               
00001009  DisableInterrupts             
0000100f  EnableInterrupts              
00001015  StartCritical                 
0000101f  EndCritical                   
00001027  WaitForInterrupt              
0000102d  __TI_zero_init_nomemset       
00001049  __TI_decompress_none          
00001057  Reset_Handler                 
00001063  ADC14_IRQHandler              
00001063  AES256_IRQHandler             
00001063  BusFault_Handler              
00001063  COMP_E0_IRQHandler            
00001063  COMP_E1_IRQHandler            
00001063  CS_IRQHandler                 
00001063  DMA_ERR_IRQHandler            
00001063  DMA_INT0_IRQHandler           
00001063  DMA_INT1_IRQHandler           
00001063  DMA_INT2_IRQHandler           
00001063  DMA_INT3_IRQHandler           
00001063  DebugMon_Handler              
00001063  Default_Handler               
00001063  EUSCIA0_IRQHandler            
00001063  EUSCIA1_IRQHandler            
00001063  EUSCIA2_IRQHandler            
00001063  EUSCIA3_IRQHandler            
00001063  EUSCIB0_IRQHandler            
00001063  EUSCIB1_IRQHandler            
00001063  EUSCIB2_IRQHandler            
00001063  EUSCIB3_IRQHandler            
00001063  FLCTL_IRQHandler              
00001063  FPU_IRQHandler                
00001063  HardFault_Handler             
00001063  MemManage_Handler             
00001063  NMI_Handler                   
00001063  PCM_IRQHandler                
00001063  PORT1_IRQHandler              
00001063  PORT2_IRQHandler              
00001063  PORT3_IRQHandler              
00001063  PORT5_IRQHandler              
00001063  PORT6_IRQHandler              
00001063  PSS_IRQHandler                
00001063  PendSV_Handler                
00001063  RTC_C_IRQHandler              
00001063  SVC_Handler                   
00001063  SysTick_Handler               
00001063  T32_INT1_IRQHandler           
00001063  T32_INT2_IRQHandler           
00001063  T32_INTC_IRQHandler           
00001063  TA0_0_IRQHandler              
00001063  TA0_N_IRQHandler              
00001063  TA1_0_IRQHandler              
00001063  TA1_N_IRQHandler              
00001063  TA2_0_IRQHandler              
00001063  TA2_N_IRQHandler              
00001063  TA3_0_IRQHandler              
00001063  TA3_N_IRQHandler              
00001063  UsageFault_Handler            
00001063  WDT_A_IRQHandler              
00001065  _system_pre_init              
00001069  C$$EXIT                       
00001069  abort                         
00001080  __TI_Handler_Table_Base       
0000108c  __TI_Handler_Table_Limit      
00001098  __TI_CINIT_Base               
000010a8  __TI_CINIT_Limit              
20000000  ClockFrequency                
20000000  __start___llvm_prf_cnts       
20000000  __stop___llvm_prf_cnts        
20000004  Prewait                       
20000008  CPMwait                       
2000000c  Postwait                      
20000010  IFlags                        
20000014  Crystalstable                 
20000018  SystemCoreClock               
2000001c  rTask                         
2000fe00  __stack                       
20010000  __STACK_END                   
4000480c  WDTCTL_SYM                    
ffffffff  __TI_pprof_out_hndl           
ffffffff  __TI_prof_data_size           
ffffffff  __TI_prof_data_start          
ffffffff  __binit__                     
ffffffff  __c_args__                    
ffffffff  binit                         
UNDEFED   __mpu_init                    
UNDEFED   _system_post_cinit            

[128 symbols]
